Archive member included to satisfy reference by file (symbol)

/usr/lib/gcc/arm-none-eabi/13.2.0/thumb/v6-m/nofp/libgcc.a(_dvmd_tls.o)
                              src/CMakeFiles/radio.dir/home/arca/pico/pico-sdk/src/rp2_common/pico_divider/divider.S.obj (__aeabi_idiv0)
/usr/lib/gcc/arm-none-eabi/13.2.0/../../../../arm-none-eabi/lib/thumb/v6-m/nofp/libg.a(lib_a-atexit.o)
                              /usr/lib/gcc/arm-none-eabi/13.2.0/../../../../arm-none-eabi/lib/thumb/v6-m/nofp/crt0.o (atexit)
/usr/lib/gcc/arm-none-eabi/13.2.0/../../../../arm-none-eabi/lib/thumb/v6-m/nofp/libg.a(lib_a-atoi.o)
                              src/CMakeFiles/radio.dir/home/arca/pico/pico-sdk/lib/lwip/src/core/netif.c.obj (atoi)
/usr/lib/gcc/arm-none-eabi/13.2.0/../../../../arm-none-eabi/lib/thumb/v6-m/nofp/libg.a(lib_a-calloc.o)
                              src/CMakeFiles/radio.dir/home/arca/pico/pico-sdk/src/rp2_common/pico_malloc/pico_malloc.c.obj (calloc)
/usr/lib/gcc/arm-none-eabi/13.2.0/../../../../arm-none-eabi/lib/thumb/v6-m/nofp/libg.a(lib_a-callocr.o)
                              /usr/lib/gcc/arm-none-eabi/13.2.0/../../../../arm-none-eabi/lib/thumb/v6-m/nofp/libg.a(lib_a-calloc.o) (_calloc_r)
/usr/lib/gcc/arm-none-eabi/13.2.0/../../../../arm-none-eabi/lib/thumb/v6-m/nofp/libg.a(lib_a-ctype_.o)
                              src/CMakeFiles/radio.dir/home/arca/pico/pico-sdk/lib/lwip/src/core/dns.c.obj (_ctype_)
/usr/lib/gcc/arm-none-eabi/13.2.0/../../../../arm-none-eabi/lib/thumb/v6-m/nofp/libg.a(lib_a-errno.o)
                              /usr/lib/gcc/arm-none-eabi/13.2.0/../../../../arm-none-eabi/lib/thumb/v6-m/nofp/libg.a(lib_a-callocr.o) (__errno)
/usr/lib/gcc/arm-none-eabi/13.2.0/../../../../arm-none-eabi/lib/thumb/v6-m/nofp/libg.a(lib_a-fini.o)
                              /usr/lib/gcc/arm-none-eabi/13.2.0/../../../../arm-none-eabi/lib/thumb/v6-m/nofp/crt0.o (__libc_fini_array)
/usr/lib/gcc/arm-none-eabi/13.2.0/../../../../arm-none-eabi/lib/thumb/v6-m/nofp/libg.a(lib_a-impure.o)
                              /usr/lib/gcc/arm-none-eabi/13.2.0/../../../../arm-none-eabi/lib/thumb/v6-m/nofp/libg.a(lib_a-calloc.o) (_impure_ptr)
/usr/lib/gcc/arm-none-eabi/13.2.0/../../../../arm-none-eabi/lib/thumb/v6-m/nofp/libg.a(lib_a-init.o)
                              /usr/lib/gcc/arm-none-eabi/13.2.0/../../../../arm-none-eabi/lib/thumb/v6-m/nofp/crt0.o (__libc_init_array)
/usr/lib/gcc/arm-none-eabi/13.2.0/../../../../arm-none-eabi/lib/thumb/v6-m/nofp/libg.a(lib_a-malloc.o)
                              src/CMakeFiles/radio.dir/home/arca/pico/pico-sdk/src/rp2_common/pico_malloc/pico_malloc.c.obj (malloc)
/usr/lib/gcc/arm-none-eabi/13.2.0/../../../../arm-none-eabi/lib/thumb/v6-m/nofp/libg.a(lib_a-mallocr.o)
                              /usr/lib/gcc/arm-none-eabi/13.2.0/../../../../arm-none-eabi/lib/thumb/v6-m/nofp/libg.a(lib_a-callocr.o) (_malloc_r)
/usr/lib/gcc/arm-none-eabi/13.2.0/../../../../arm-none-eabi/lib/thumb/v6-m/nofp/libg.a(lib_a-memcmp.o)
                              src/CMakeFiles/radio.dir/home/arca/pico/pico-sdk/lib/lwip/src/netif/ethernet.c.obj (memcmp)
/usr/lib/gcc/arm-none-eabi/13.2.0/../../../../arm-none-eabi/lib/thumb/v6-m/nofp/libg.a(lib_a-memmove.o)
                              src/CMakeFiles/radio.dir/home/arca/pico/pico-sdk/lib/lwip/src/core/def.c.obj (memmove)
/usr/lib/gcc/arm-none-eabi/13.2.0/../../../../arm-none-eabi/lib/thumb/v6-m/nofp/libg.a(lib_a-mlock.o)
                              /usr/lib/gcc/arm-none-eabi/13.2.0/../../../../arm-none-eabi/lib/thumb/v6-m/nofp/libg.a(lib_a-mallocr.o) (__malloc_lock)
/usr/lib/gcc/arm-none-eabi/13.2.0/../../../../arm-none-eabi/lib/thumb/v6-m/nofp/libg.a(lib_a-realloc.o)
                              src/CMakeFiles/radio.dir/home/arca/pico/pico-sdk/src/rp2_common/pico_malloc/pico_malloc.c.obj (realloc)
/usr/lib/gcc/arm-none-eabi/13.2.0/../../../../arm-none-eabi/lib/thumb/v6-m/nofp/libg.a(lib_a-reallocr.o)
                              /usr/lib/gcc/arm-none-eabi/13.2.0/../../../../arm-none-eabi/lib/thumb/v6-m/nofp/libg.a(lib_a-realloc.o) (_realloc_r)
/usr/lib/gcc/arm-none-eabi/13.2.0/../../../../arm-none-eabi/lib/thumb/v6-m/nofp/libg.a(lib_a-reent.o)
                              src/CMakeFiles/radio.dir/home/arca/pico/pico-sdk/lib/lwip/src/api/if_api.c.obj (errno)
/usr/lib/gcc/arm-none-eabi/13.2.0/../../../../arm-none-eabi/lib/thumb/v6-m/nofp/libg.a(lib_a-sbrkr.o)
                              /usr/lib/gcc/arm-none-eabi/13.2.0/../../../../arm-none-eabi/lib/thumb/v6-m/nofp/libg.a(lib_a-mallocr.o) (_sbrk_r)
/usr/lib/gcc/arm-none-eabi/13.2.0/../../../../arm-none-eabi/lib/thumb/v6-m/nofp/libg.a(lib_a-strcat.o)
                              src/CMakeFiles/radio.dir/httpclient.c.obj (strcat)
/usr/lib/gcc/arm-none-eabi/13.2.0/../../../../arm-none-eabi/lib/thumb/v6-m/nofp/libg.a(lib_a-strchr.o)
                              src/CMakeFiles/radio.dir/home/arca/pico/pico-sdk/lib/lwip/src/apps/http/httpd.c.obj (strchr)
[...]
Memory Configuration

Name             Origin             Length             Attributes
FLASH            0x10000000         0x00200000         xr
RAM              0x20000000         0x00040000         xrw
SCRATCH_X        0x20040000         0x00001000         xrw
SCRATCH_Y        0x20041000         0x00001000         xrw
*default*        0x00000000         0xffffffff

Linker script and memory map

LOAD /usr/lib/gcc/arm-none-eabi/13.2.0/thumb/v6-m/nofp/crti.o
LOAD /usr/lib/gcc/arm-none-eabi/13.2.0/thumb/v6-m/nofp/crtbegin.o
LOAD /usr/lib/gcc/arm-none-eabi/13.2.0/../../../../arm-none-eabi/lib/thumb/v6-m/nofp/crt0.o

.flash_begin    0x10000000        0x0
                0x10000000                        __flash_binary_start = .

.boot2          0x10000000      0x100
                0x10000000                        __boot2_start__ = .
 *(.boot2)
 .boot2         0x10000000      0x100 /tmp/cc9JlAG1.o
                0x10000100                        __boot2_end__ = .
                0x00000001                        ASSERT (((__boot2_end__ - __boot2_start__) == 0x100), ERROR: Pico second stage bootloader must be 256 bytes in size)

.text           0x10000100    0x18ca0
                0x10000100                        __logical_binary_start = .
 *(.vectors)
 .vectors       0x10000100       0xd4 src/CMakeFiles/radio.dir/home/arca/pico/pico-sdk/src/rp2_common/pico_standard_link/crt0.S.obj
                0x10000100                __vectors
                0x10000100                __VECTOR_TABLE
                0x100001c0                isr_invalid
                0x100001c0                __default_isrs_start
                0x100001c2                isr_nmi
                0x100001c4                isr_hardfault
                0x100001c6                isr_svcall
                0x100001c8                isr_pendsv
                0x100001ca                isr_systick
                0x100001cc                isr_irq30
                0x100001cc                __unhandled_user_irq
                0x100001cc                isr_irq13
                0x100001cc                isr_irq27
                0x100001cc                isr_irq31
                0x100001cc                isr_irq5
                0x100001cc                isr_irq11
                0x100001cc                isr_irq23
                0x100001cc                isr_irq18
                0x100001cc                isr_irq28
                0x100001cc                isr_irq19
                0x100001cc                isr_irq0
                0x100001cc                isr_irq6
                0x100001cc                isr_irq22
                0x100001cc                isr_irq17
                0x100001cc                isr_irq14
                0x100001cc                isr_irq2
                0x100001cc                isr_irq10
                0x100001cc                isr_irq8
                0x100001cc                isr_irq24
                0x100001cc                isr_irq1
                0x100001cc                isr_irq7
                0x100001cc                isr_irq21
                0x100001cc                isr_irq20
                0x100001cc                isr_irq15
                0x100001cc                isr_irq25
                0x100001cc                isr_irq4
                0x100001cc                isr_irq16
                0x100001cc                isr_irq29
                0x100001cc                isr_irq26
                0x100001cc                __default_isrs_end
                0x100001cc                isr_irq3
                0x100001cc                isr_irq12
                0x100001cc                isr_irq9
                0x100001d2                unhandled_user_irq_num_in_r0
 *(.binary_info_header)
 .binary_info_header
                0x100001d4       0x14 src/CMakeFiles/radio.dir/home/arca/pico/pico-sdk/src/rp2_common/pico_standard_link/crt0.S.obj
                0x100001e8                        __binary_info_header_end = .
 *(.reset)
 .reset         0x100001e8       0xa0 src/CMakeFiles/radio.dir/home/arca/pico/pico-sdk/src/rp2_common/pico_standard_link/crt0.S.obj
                0x100001e8                _entry_point
 .reset         0x10000288       0x30 src/CMakeFiles/radio.dir/home/arca/pico/pico-sdk/src/rp2_common/pico_standard_link/binary_info.c.obj
 *(.init)
 .init          0x100002b8        0x4 /usr/lib/gcc/arm-none-eabi/13.2.0/thumb/v6-m/nofp/crti.o
                0x100002b8                _init
 *(EXCLUDE_FILE(*libm.a: *libc.a:*lib_a-mem*.o *libgcc.a:) .text*)
 .text          0x100002bc       0x98 /usr/lib/gcc/arm-none-eabi/13.2.0/thumb/v6-m/nofp/crtbegin.o
 .text.writeTone
                0x10000354       0x3c src/CMakeFiles/radio.dir/radio.c.obj
                0x10000354                writeTone
 .text.audioTask
                0x10000390       0x6c src/CMakeFiles/radio.dir/radio.c.obj
                0x10000390                audioTask
 .text.wifiConnectTask
                0x100003fc       0x1c src/CMakeFiles/radio.dir/radio.c.obj
                0x100003fc                wifiConnectTask
 .text.main     0x10000418       0x64 src/CMakeFiles/radio.dir/radio.c.obj
                0x10000418                main
 .text.pwm_init
                0x1000047c       0x34 src/CMakeFiles/radio.dir/audio.c.obj
 .text.pwm_get_default_config
                0x100004b0       0x18 src/CMakeFiles/radio.dir/audio.c.obj
 .text.pwm_set_chan_level
                0x100004c8       0x40 src/CMakeFiles/radio.dir/audio.c.obj
 .text.pwm_set_gpio_level
                0x10000508       0x16 src/CMakeFiles/radio.dir/audio.c.obj
 *fill*         0x1000051e        0x2 
 .text.timerCallback
                0x10000520       0x64 src/CMakeFiles/radio.dir/audio.c.obj
                0x10000520                timerCallback
 .text.add_repeating_timer_us
                0x10000584       0x24 src/CMakeFiles/radio.dir/audio.c.obj
 .text.initAudioPlayer
                0x100005a8       0xac src/CMakeFiles/radio.dir/audio.c.obj
                0x100005a8                initAudioPlayer
 .text.playAudio
                0x10000654       0x44 src/CMakeFiles/radio.dir/audio.c.obj
                0x10000654                playAudio
 .text.connectToWifi
                0x10000698       0x68 src/CMakeFiles/radio.dir/wificonnection.c.obj
                0x10000698                connectToWifi
 .text.gpio_set_function
                0x10000700       0x30 src/CMakeFiles/radio.dir/home/arca/pico/pico-sdk/src/rp2_common/hardware_gpio/gpio.c.obj
                0x10000700                gpio_set_function
 .text.gpio_set_pulls
                0x10000730       0x34 src/CMakeFiles/radio.dir/home/arca/pico/pico-sdk/src/rp2_common/hardware_gpio/gpio.c.obj
                0x10000730                gpio_set_pulls
 .text.gpio_set_input_hysteresis_enabled
                0x10000764       0x30 src/CMakeFiles/radio.dir/home/arca/pico/pico-sdk/src/rp2_common/hardware_gpio/gpio.c.obj
                0x10000764                gpio_set_input_hysteresis_enabled
 .text.gpio_add_raw_irq_handler_with_order_priority_masked
                0x10000794       0x40 src/CMakeFiles/radio.dir/home/arca/pico/pico-sdk/src/rp2_common/hardware_gpio/gpio.c.obj
                0x10000794                gpio_add_raw_irq_handler_with_order_priority_masked
 .text.gpio_remove_raw_irq_handler_masked
                0x100007d4       0x48 src/CMakeFiles/radio.dir/home/arca/pico/pico-sdk/src/rp2_common/hardware_gpio/gpio.c.obj
                0x100007d4                gpio_remove_raw_irq_handler_masked
 .text.gpio_acknowledge_irq
                0x1000081c       0x18 src/CMakeFiles/radio.dir/home/arca/pico/pico-sdk/src/rp2_common/hardware_gpio/gpio.c.obj
                0x1000081c                gpio_acknowledge_irq
 .text._gpio_set_irq_enabled
                0x10000834       0x34 src/CMakeFiles/radio.dir/home/arca/pico/pico-sdk/src/rp2_common/hardware_gpio/gpio.c.obj
 .text.gpio_set_irq_enabled
                0x10000868       0x20 src/CMakeFiles/radio.dir/home/arca/pico/pico-sdk/src/rp2_common/hardware_gpio/gpio.c.obj
                0x10000868                gpio_set_irq_enabled
 .text.gpio_init
                0x10000888       0x16 src/CMakeFiles/radio.dir/home/arca/pico/pico-sdk/src/rp2_common/hardware_gpio/gpio.c.obj
                0x10000888                gpio_init
 *fill*         0x1000089e        0x2 
 .text.running_on_fpga
                0x100008a0       0x14 src/CMakeFiles/radio.dir/home/arca/pico/pico-sdk/src/rp2_common/pico_platform/platform.c.obj
                0x100008a0                running_on_fpga
 .text.hw_claim_lock
                0x100008b4       0x18 src/CMakeFiles/radio.dir/home/arca/pico/pico-sdk/src/rp2_common/hardware_claim/claim.c.obj
                0x100008b4                hw_claim_lock
 .text.hw_claim_unlock
                0x100008cc       0x14 src/CMakeFiles/radio.dir/home/arca/pico/pico-sdk/src/rp2_common/hardware_claim/claim.c.obj
                0x100008cc                hw_claim_unlock
 .text.hw_claim_or_assert
                0x100008e0       0x32 src/CMakeFiles/radio.dir/home/arca/pico/pico-sdk/src/rp2_common/hardware_claim/claim.c.obj
                0x100008e0                hw_claim_or_assert
 .text.hw_claim_unused_from_range
                0x10000912       0x50 src/CMakeFiles/radio.dir/home/arca/pico/pico-sdk/src/rp2_common/hardware_claim/claim.c.obj
                0x10000912                hw_claim_unused_from_range
 *fill*         0x10000962        0x2 
 .text.hw_claim_clear
                0x10000964       0x40 src/CMakeFiles/radio.dir/home/arca/pico/pico-sdk/src/rp2_common/hardware_claim/claim.c.obj
                0x10000964                hw_claim_clear
 .text.spin_locks_reset
                0x100009a4       0x20 src/CMakeFiles/radio.dir/home/arca/pico/pico-sdk/src/rp2_common/hardware_sync/sync.c.obj
                0x100009a4                spin_locks_reset
 .text.next_striped_spin_lock_num
                0x100009c4       0x1c src/CMakeFiles/radio.dir/home/arca/pico/pico-sdk/src/rp2_common/hardware_sync/sync.c.obj
                0x100009c4                next_striped_spin_lock_num
 .text.spin_lock_claim
                0x100009e0       0x18 src/CMakeFiles/radio.dir/home/arca/pico/pico-sdk/src/rp2_common/hardware_sync/sync.c.obj
                0x100009e0                spin_lock_claim
 .text.spin_lock_claim_unused
                0x100009f8       0x24 src/CMakeFiles/radio.dir/home/arca/pico/pico-sdk/src/rp2_common/hardware_sync/sync.c.obj
                0x100009f8                spin_lock_claim_unused
 .text.set_raw_irq_handler_and_unlock
                0x10000a1c       0x28 src/CMakeFiles/radio.dir/home/arca/pico/pico-sdk/src/rp2_common/hardware_irq/irq.c.obj
 .text.resolve_branch
                0x10000a44       0x30 src/CMakeFiles/radio.dir/home/arca/pico/pico-sdk/src/rp2_common/hardware_irq/irq.c.obj
 .text.make_branch
                0x10000a74       0x48 src/CMakeFiles/radio.dir/home/arca/pico/pico-sdk/src/rp2_common/hardware_irq/irq.c.obj
 .text.insert_branch_and_link
                0x10000abc       0x40 src/CMakeFiles/radio.dir/home/arca/pico/pico-sdk/src/rp2_common/hardware_irq/irq.c.obj
 .text.irq_is_enabled
                0x10000afc       0x18 src/CMakeFiles/radio.dir/home/arca/pico/pico-sdk/src/rp2_common/hardware_irq/irq.c.obj
                0x10000afc                irq_is_enabled
 .text.irq_set_mask_enabled
                0x10000b14       0x20 src/CMakeFiles/radio.dir/home/arca/pico/pico-sdk/src/rp2_common/hardware_irq/irq.c.obj
                0x10000b14                irq_set_mask_enabled
 .text.irq_set_enabled
                0x10000b34        0xe src/CMakeFiles/radio.dir/home/arca/pico/pico-sdk/src/rp2_common/hardware_irq/irq.c.obj
                0x10000b34                irq_set_enabled
 *fill*         0x10000b42        0x2 
 .text.irq_set_pending
                0x10000b44       0x10 src/CMakeFiles/radio.dir/home/arca/pico/pico-sdk/src/rp2_common/hardware_irq/irq.c.obj
                0x10000b44                irq_set_pending
 .text.irq_get_vtable_handler
                0x10000b54       0x10 src/CMakeFiles/radio.dir/home/arca/pico/pico-sdk/src/rp2_common/hardware_irq/irq.c.obj
                0x10000b54                irq_get_vtable_handler
 .text.irq_has_shared_handler
                0x10000b64       0x24 src/CMakeFiles/radio.dir/home/arca/pico/pico-sdk/src/rp2_common/hardware_irq/irq.c.obj
                0x10000b64                irq_has_shared_handler
 .text.irq_set_exclusive_handler
                0x10000b88       0x54 src/CMakeFiles/radio.dir/home/arca/pico/pico-sdk/src/rp2_common/hardware_irq/irq.c.obj
                0x10000b88                irq_set_exclusive_handler
 .text.irq_add_shared_handler
                0x10000bdc      0x210 src/CMakeFiles/radio.dir/home/arca/pico/pico-sdk/src/rp2_common/hardware_irq/irq.c.obj
                0x10000bdc                irq_add_shared_handler
 .text.irq_remove_handler
                0x10000dec      0x188 src/CMakeFiles/radio.dir/home/arca/pico/pico-sdk/src/rp2_common/hardware_irq/irq.c.obj
                0x10000dec                irq_remove_handler
 .text.irq_set_priority
                0x10000f74       0x28 src/CMakeFiles/radio.dir/home/arca/pico/pico-sdk/src/rp2_common/hardware_irq/irq.c.obj
                0x10000f74                irq_set_priority
 .text.irq_add_tail_to_free_list
                0x10000f9c       0xf0 src/CMakeFiles/radio.dir/home/arca/pico/pico-sdk/src/rp2_common/hardware_irq/irq.c.obj
                0x10000f9c                irq_add_tail_to_free_list
 .text.irq_init_priorities
                0x1000108c       0x1c src/CMakeFiles/radio.dir/home/arca/pico/pico-sdk/src/rp2_common/hardware_irq/irq.c.obj
                0x1000108c                irq_init_priorities
 .text.user_irq_claim_unused
                0x100010a8       0x2c src/CMakeFiles/radio.dir/home/arca/pico/pico-sdk/src/rp2_common/hardware_irq/irq.c.obj
                0x100010a8                user_irq_claim_unused
 .text.lock_init
                0x100010d4       0x10 src/CMakeFiles/radio.dir/home/arca/pico/pico-sdk/src/common/pico_sync/lock_core.c.obj
                0x100010d4                lock_init
 .text.update_us_since_boot
                0x100010e4       0x24 src/CMakeFiles/radio.dir/home/arca/pico/pico-sdk/src/common/pico_sync/mutex.c.obj
 .text.delayed_by_ms
                0x10001108       0x44 src/CMakeFiles/radio.dir/home/arca/pico/pico-sdk/src/common/pico_sync/mutex.c.obj
 .text.get_absolute_time
                0x1000114c       0x22 src/CMakeFiles/radio.dir/home/arca/pico/pico-sdk/src/common/pico_sync/mutex.c.obj
 .text.make_timeout_time_ms
                0x1000116e       0x20 src/CMakeFiles/radio.dir/home/arca/pico/pico-sdk/src/common/pico_sync/mutex.c.obj
 .text.mutex_init
                0x1000118e       0x1c src/CMakeFiles/radio.dir/home/arca/pico/pico-sdk/src/common/pico_sync/mutex.c.obj
                0x1000118e                mutex_init
 .text.recursive_mutex_init
                0x100011aa       0x20 src/CMakeFiles/radio.dir/home/arca/pico/pico-sdk/src/common/pico_sync/mutex.c.obj
                0x100011aa                recursive_mutex_init
 *fill*         0x100011ca        0x2 
 .text.critical_section_init_with_lock_num
                0x100011cc       0x14 src/CMakeFiles/radio.dir/home/arca/pico/pico-sdk/src/common/pico_sync/critical_section.c.obj
                0x100011cc                critical_section_init_with_lock_num
 .text.critical_section_init
                0x100011e0       0x14 src/CMakeFiles/radio.dir/home/arca/pico/pico-sdk/src/common/pico_sync/critical_section.c.obj
                0x100011e0                critical_section_init
 .text.time_reached
                0x100011f4       0x28 src/CMakeFiles/radio.dir/home/arca/pico/pico-sdk/src/common/pico_time/time.c.obj
 .text.repeating_timer_callback
                0x1000121c       0x1e src/CMakeFiles/radio.dir/home/arca/pico/pico-sdk/src/common/pico_time/time.c.obj
 *fill*         0x1000123a        0x2 
 .text.get_entry
                0x1000123c       0x38 src/CMakeFiles/radio.dir/home/arca/pico/pico-sdk/src/common/pico_time/time.c.obj
 .text.timer_pool_entry_comparator
                0x10001274       0x2e src/CMakeFiles/radio.dir/home/arca/pico/pico-sdk/src/common/pico_time/time.c.obj
                0x10001274                timer_pool_entry_comparator
 *fill*         0x100012a2        0x2 
 .text.update_us_since_boot
                0x100012a4       0x24 src/CMakeFiles/radio.dir/home/arca/pico/pico-sdk/src/common/pico_time/time.c.obj
 .text.delayed_by_us
                0x100012c8       0x34 src/CMakeFiles/radio.dir/home/arca/pico/pico-sdk/src/common/pico_time/time.c.obj
 .text.ph_get_node
                0x100012fc       0x30 src/CMakeFiles/radio.dir/home/arca/pico/pico-sdk/src/common/pico_time/time.c.obj
 .text.ph_contains_node
                0x1000132c       0x1e src/CMakeFiles/radio.dir/home/arca/pico/pico-sdk/src/common/pico_time/time.c.obj
 .text.ph_new_node
                0x1000134a       0x28 src/CMakeFiles/radio.dir/home/arca/pico/pico-sdk/src/common/pico_time/time.c.obj
 *fill*         0x10001372        0x2 
 .text.ph_add_child_node
                0x10001374       0x6c src/CMakeFiles/radio.dir/home/arca/pico/pico-sdk/src/common/pico_time/time.c.obj
 .text.ph_merge_nodes
                0x100013e0       0x3e src/CMakeFiles/radio.dir/home/arca/pico/pico-sdk/src/common/pico_time/time.c.obj
 *fill*         0x1000141e        0x2 
 .text.ph_insert_node
                0x10001420       0x3c src/CMakeFiles/radio.dir/home/arca/pico/pico-sdk/src/common/pico_time/time.c.obj
 .text.ph_free_node
                0x1000145c       0x5c src/CMakeFiles/radio.dir/home/arca/pico/pico-sdk/src/common/pico_time/time.c.obj
 .text.get_entry_id_high
                0x100014b8       0x30 src/CMakeFiles/radio.dir/home/arca/pico/pico-sdk/src/common/pico_time/time.c.obj
 .text.alarm_pool_post_alloc_init
                0x100014e8       0x40 src/CMakeFiles/radio.dir/home/arca/pico/pico-sdk/src/common/pico_time/time.c.obj
 .text.get_absolute_time
                0x10001528       0x22 src/CMakeFiles/radio.dir/home/arca/pico/pico-sdk/src/common/pico_time/time.c.obj
 .text.make_timeout_time_us
                0x1000154a       0x24 src/CMakeFiles/radio.dir/home/arca/pico/pico-sdk/src/common/pico_time/time.c.obj
 *fill*         0x1000156e        0x2 
 .text.add_alarm_under_lock
                0x10001570       0x94 src/CMakeFiles/radio.dir/home/arca/pico/pico-sdk/src/common/pico_time/time.c.obj
 .text.alarm_pool_alarm_callback
                0x10001604      0x210 src/CMakeFiles/radio.dir/home/arca/pico/pico-sdk/src/common/pico_time/time.c.obj
 .text.sleep_until_callback
                0x10001814       0x28 src/CMakeFiles/radio.dir/home/arca/pico/pico-sdk/src/common/pico_time/time.c.obj
 .text.alarm_pool_init_default
                0x1000183c       0x40 src/CMakeFiles/radio.dir/home/arca/pico/pico-sdk/src/common/pico_time/time.c.obj
                0x1000183c                alarm_pool_init_default
 .text.alarm_pool_get_default
                0x1000187c       0x2c src/CMakeFiles/radio.dir/home/arca/pico/pico-sdk/src/common/pico_time/time.c.obj
                0x1000187c                alarm_pool_get_default
 .text.alarm_pool_add_alarm_at
                0x100018a8      0x10e src/CMakeFiles/radio.dir/home/arca/pico/pico-sdk/src/common/pico_time/time.c.obj
                0x100018a8                alarm_pool_add_alarm_at
 .text.add_alarm_at
                0x100019b6       0x2e src/CMakeFiles/radio.dir/home/arca/pico/pico-sdk/src/common/pico_time/time.c.obj
 .text.alarm_pool_cancel_alarm
                0x100019e4       0xa8 src/CMakeFiles/radio.dir/home/arca/pico/pico-sdk/src/common/pico_time/time.c.obj
                0x100019e4                alarm_pool_cancel_alarm
 .text.cancel_alarm
                0x10001a8c       0x10 src/CMakeFiles/radio.dir/home/arca/pico/pico-sdk/src/common/pico_time/time.c.obj
 .text.alarm_pool_core_num
                0x10001a9c        0x4 src/CMakeFiles/radio.dir/home/arca/pico/pico-sdk/src/common/pico_time/time.c.obj
                0x10001a9c                alarm_pool_core_num
 .text.alarm_pool_add_repeating_timer_us
                0x10001aa0       0x5c src/CMakeFiles/radio.dir/home/arca/pico/pico-sdk/src/common/pico_time/time.c.obj
                0x10001aa0                alarm_pool_add_repeating_timer_us
 .text.sleep_until
                0x10001afc       0xa4 src/CMakeFiles/radio.dir/home/arca/pico/pico-sdk/src/common/pico_time/time.c.obj
                0x10001afc                sleep_until
 .text.sleep_us
                0x10001ba0       0x1a src/CMakeFiles/radio.dir/home/arca/pico/pico-sdk/src/common/pico_time/time.c.obj
                0x10001ba0                sleep_us
 .text.sleep_ms
                0x10001bba       0x14 src/CMakeFiles/radio.dir/home/arca/pico/pico-sdk/src/common/pico_time/time.c.obj
                0x10001bba                sleep_ms
 *fill*         0x10001bce        0x2 
 .text.best_effort_wfe_or_timeout
                0x10001bd0       0x44 src/CMakeFiles/radio.dir/home/arca/pico/pico-sdk/src/common/pico_time/time.c.obj
                0x10001bd0                best_effort_wfe_or_timeout
 .text.update_us_since_boot
                0x10001c14       0x24 src/CMakeFiles/radio.dir/home/arca/pico/pico-sdk/src/rp2_common/hardware_timer/timer.c.obj
 .text.hardware_alarm_irq_handler
                0x10001c38       0x8c src/CMakeFiles/radio.dir/home/arca/pico/pico-sdk/src/rp2_common/hardware_timer/timer.c.obj
 .text.hardware_alarm_claim
                0x10001cc4       0x18 src/CMakeFiles/radio.dir/home/arca/pico/pico-sdk/src/rp2_common/hardware_timer/timer.c.obj
                0x10001cc4                hardware_alarm_claim
 .text.time_us_64
                0x10001cdc       0x18 src/CMakeFiles/radio.dir/home/arca/pico/pico-sdk/src/rp2_common/hardware_timer/timer.c.obj
                0x10001cdc                time_us_64
 .text.busy_wait_until
                0x10001cf4       0x28 src/CMakeFiles/radio.dir/home/arca/pico/pico-sdk/src/rp2_common/hardware_timer/timer.c.obj
                0x10001cf4                busy_wait_until
 .text.busy_wait_us
                0x10001d1c       0x3a src/CMakeFiles/radio.dir/home/arca/pico/pico-sdk/src/rp2_common/hardware_timer/timer.c.obj
                0x10001d1c                busy_wait_us
 *fill*         0x10001d56        0x2 
 .text.hardware_alarm_set_callback
                0x10001d58       0x90 src/CMakeFiles/radio.dir/home/arca/pico/pico-sdk/src/rp2_common/hardware_timer/timer.c.obj
                0x10001d58                hardware_alarm_set_callback
 .text.hardware_alarm_set_target
                0x10001de8       0xe8 src/CMakeFiles/radio.dir/home/arca/pico/pico-sdk/src/rp2_common/hardware_timer/timer.c.obj
                0x10001de8                hardware_alarm_set_target
 .text.hardware_alarm_cancel
                0x10001ed0       0x40 src/CMakeFiles/radio.dir/home/arca/pico/pico-sdk/src/rp2_common/hardware_timer/timer.c.obj
                0x10001ed0                hardware_alarm_cancel
 .text.ph_get_node
                0x10001f10       0x30 src/CMakeFiles/radio.dir/home/arca/pico/pico-sdk/src/common/pico_util/pheap.c.obj
 .text.ph_add_child_node
                0x10001f40       0x6c src/CMakeFiles/radio.dir/home/arca/pico/pico-sdk/src/common/pico_util/pheap.c.obj
 .text.ph_merge_nodes
                0x10001fac       0x3e src/CMakeFiles/radio.dir/home/arca/pico/pico-sdk/src/common/pico_util/pheap.c.obj
 .text.ph_clear
                0x10001fea       0x34 src/CMakeFiles/radio.dir/home/arca/pico/pico-sdk/src/common/pico_util/pheap.c.obj
                0x10001fea                ph_clear
 .text.ph_post_alloc_init
                0x1000201e        0xe src/CMakeFiles/radio.dir/home/arca/pico/pico-sdk/src/common/pico_util/pheap.c.obj
                0x1000201e                ph_post_alloc_init
 .text.ph_merge_two_pass
                0x1000202c       0x5c src/CMakeFiles/radio.dir/home/arca/pico/pico-sdk/src/common/pico_util/pheap.c.obj
                0x1000202c                ph_merge_two_pass
 .text.ph_remove_any_head
                0x10002088       0xc0 src/CMakeFiles/radio.dir/home/arca/pico/pico-sdk/src/common/pico_util/pheap.c.obj
 .text.ph_remove_head
                0x10002148       0x14 src/CMakeFiles/radio.dir/home/arca/pico/pico-sdk/src/common/pico_util/pheap.c.obj
                0x10002148                ph_remove_head
 .text.ph_remove_and_free_node
                0x1000215c       0xa0 src/CMakeFiles/radio.dir/home/arca/pico/pico-sdk/src/common/pico_util/pheap.c.obj
                0x1000215c                ph_remove_and_free_node
 .text.uart_disable_before_lcr_write
                0x100021fc       0x48 src/CMakeFiles/radio.dir/home/arca/pico/pico-sdk/src/rp2_common/hardware_uart/uart.c.obj
 .text.uart_write_lcr_bits_masked
                0x10002244       0x22 src/CMakeFiles/radio.dir/home/arca/pico/pico-sdk/src/rp2_common/hardware_uart/uart.c.obj
 *fill*         0x10002266        0x2 
 .text.uart_set_baudrate
                0x10002268       0x5c src/CMakeFiles/radio.dir/home/arca/pico/pico-sdk/src/rp2_common/hardware_uart/uart.c.obj
                0x10002268                uart_set_baudrate
 .text.uart_set_format
                0x100022c4       0x2c src/CMakeFiles/radio.dir/home/arca/pico/pico-sdk/src/rp2_common/hardware_uart/uart.c.obj
                0x100022c4                uart_set_format
 .text.uart_set_translate_crlf
                0x100022f0       0x28 src/CMakeFiles/radio.dir/home/arca/pico/pico-sdk/src/rp2_common/hardware_uart/uart.c.obj
                0x100022f0                uart_set_translate_crlf
 .text.uart_init
                0x10002318       0x80 src/CMakeFiles/radio.dir/home/arca/pico/pico-sdk/src/rp2_common/hardware_uart/uart.c.obj
                0x10002318                uart_init
 .text.clock_configure
                0x10002398      0x108 src/CMakeFiles/radio.dir/home/arca/pico/pico-sdk/src/rp2_common/hardware_clocks/clocks.c.obj
                0x10002398                clock_configure
 .text.clocks_init
                0x100024a0      0x100 src/CMakeFiles/radio.dir/home/arca/pico/pico-sdk/src/rp2_common/hardware_clocks/clocks.c.obj
                0x100024a0                clocks_init
 .text.clock_get_hz
                0x100025a0        0xc src/CMakeFiles/radio.dir/home/arca/pico/pico-sdk/src/rp2_common/hardware_clocks/clocks.c.obj
                0x100025a0                clock_get_hz
 .text.pll_init
                0x100025ac      0x120 src/CMakeFiles/radio.dir/home/arca/pico/pico-sdk/src/rp2_common/hardware_pll/pll.c.obj
                0x100025ac                pll_init
 .text.watchdog_start_tick
                0x100026cc       0x10 src/CMakeFiles/radio.dir/home/arca/pico/pico-sdk/src/rp2_common/hardware_watchdog/watchdog.c.obj
                0x100026cc                watchdog_start_tick
 .text.watchdog_update
                0x100026dc       0x14 src/CMakeFiles/radio.dir/home/arca/pico/pico-sdk/src/rp2_common/hardware_watchdog/watchdog.c.obj
                0x100026dc                watchdog_update
 .text._watchdog_enable
                0x100026f0       0x78 src/CMakeFiles/radio.dir/home/arca/pico/pico-sdk/src/rp2_common/hardware_watchdog/watchdog.c.obj
                0x100026f0                _watchdog_enable
 .text.watchdog_reboot
                0x10002768       0x48 src/CMakeFiles/radio.dir/home/arca/pico/pico-sdk/src/rp2_common/hardware_watchdog/watchdog.c.obj
                0x10002768                watchdog_reboot
 .text.xosc_init
                0x100027b0       0x28 src/CMakeFiles/radio.dir/home/arca/pico/pico-sdk/src/rp2_common/hardware_xosc/xosc.c.obj
                0x100027b0                xosc_init
 .text._exit    0x100027d8        0x4 src/CMakeFiles/radio.dir/home/arca/pico/pico-sdk/src/rp2_common/pico_runtime/runtime.c.obj
                0x100027d8                _exit
 .text.exit     0x100027dc        0x6 src/CMakeFiles/radio.dir/home/arca/pico/pico-sdk/src/rp2_common/pico_runtime/runtime.c.obj
                0x100027dc                exit
 *fill*         0x100027e2        0x2 
 .text.__assert_func
                0x100027e4       0x38 src/CMakeFiles/radio.dir/home/arca/pico/pico-sdk/src/rp2_common/pico_runtime/runtime.c.obj
                0x100027e4                __assert_func
 .text.runtime_init
                0x1000281c       0xf8 src/CMakeFiles/radio.dir/home/arca/pico/pico-sdk/src/rp2_common/pico_runtime/runtime.c.obj
                0x1000281c                runtime_init
 .text.panic    0x10002914       0x30 src/CMakeFiles/radio.dir/home/arca/pico/pico-sdk/src/rp2_common/pico_runtime/runtime.c.obj
                0x10002914                panic
 .text.panic_unsupported
                0x10002944        0xc src/CMakeFiles/radio.dir/home/arca/pico/pico-sdk/src/rp2_common/pico_runtime/runtime.c.obj
                0x10002944                panic_unsupported
 .text._out_null
                0x10002950        0x2 src/CMakeFiles/radio.dir/home/arca/pico/pico-sdk/src/rp2_common/pico_printf/printf.c.obj
 .text._out_fct
                0x10002952        0xe src/CMakeFiles/radio.dir/home/arca/pico/pico-sdk/src/rp2_common/pico_printf/printf.c.obj
 .text._atoi    0x10002960       0x24 src/CMakeFiles/radio.dir/home/arca/pico/pico-sdk/src/rp2_common/pico_printf/printf.c.obj
 .text._out_rev
                0x10002984       0xae src/CMakeFiles/radio.dir/home/arca/pico/pico-sdk/src/rp2_common/pico_printf/printf.c.obj
 .text._ntoa_format
                0x10002a32      0x110 src/CMakeFiles/radio.dir/home/arca/pico/pico-sdk/src/rp2_common/pico_printf/printf.c.obj
 .text._ntoa_long
                0x10002b42       0xbc src/CMakeFiles/radio.dir/home/arca/pico/pico-sdk/src/rp2_common/pico_printf/printf.c.obj
 .text._ntoa_long_long
                0x10002bfe      0x10e src/CMakeFiles/radio.dir/home/arca/pico/pico-sdk/src/rp2_common/pico_printf/printf.c.obj
 .text._etoa    0x10002d0c      0x420 src/CMakeFiles/radio.dir/home/arca/pico/pico-sdk/src/rp2_common/pico_printf/printf.c.obj
 .text._ftoa    0x1000312c      0x354 src/CMakeFiles/radio.dir/home/arca/pico/pico-sdk/src/rp2_common/pico_printf/printf.c.obj
 .text._vsnprintf
                0x10003480      0x668 src/CMakeFiles/radio.dir/home/arca/pico/pico-sdk/src/rp2_common/pico_printf/printf.c.obj
 .text.vfctprintf
                0x10003ae8       0x20 src/CMakeFiles/radio.dir/home/arca/pico/pico-sdk/src/rp2_common/pico_printf/printf.c.obj
                0x10003ae8                vfctprintf
 .text          0x10003b08       0x10 src/CMakeFiles/radio.dir/home/arca/pico/pico-sdk/src/rp2_common/pico_bit_ops/bit_ops_aeabi.S.obj
 .text.ctzsi    0x10003b18        0xc src/CMakeFiles/radio.dir/home/arca/pico/pico-sdk/src/rp2_common/pico_bit_ops/bit_ops_aeabi.S.obj
                0x10003b18                __wrap___ctzsi2
 .text.rom_func_lookup
                0x10003b24       0x10 src/CMakeFiles/radio.dir/home/arca/pico/pico-sdk/src/rp2_common/pico_bootrom/bootrom.c.obj
                0x10003b24                rom_func_lookup
 .text.rom_data_lookup
                0x10003b34       0x10 src/CMakeFiles/radio.dir/home/arca/pico/pico-sdk/src/rp2_common/pico_bootrom/bootrom.c.obj
                0x10003b34                rom_data_lookup
 .text.rom_funcs_lookup
                0x10003b44       0x36 src/CMakeFiles/radio.dir/home/arca/pico/pico-sdk/src/rp2_common/pico_bootrom/bootrom.c.obj
                0x10003b44                rom_funcs_lookup
 *fill*         0x10003b7a        0x2 
 .text.__wrap___aeabi_idiv
                0x10003b7c       0x50 src/CMakeFiles/radio.dir/home/arca/pico/pico-sdk/src/rp2_common/pico_divider/divider.S.obj
                0x10003b7c                __wrap___aeabi_idivmod
                0x10003b7c                divmod_s32s32
                0x10003b7c                div_s32s32
                0x10003b7c                __wrap___aeabi_idiv
                0x10003b84                divmod_s32s32_unsafe
                0x10003bb0                divmod_s32s32_savestate
 .text.__wrap___aeabi_uidiv
                0x10003bcc       0x4c src/CMakeFiles/radio.dir/home/arca/pico/pico-sdk/src/rp2_common/pico_divider/divider.S.obj
                0x10003bcc                __wrap___aeabi_uidiv
                0x10003bcc                __wrap___aeabi_uidivmod
                0x10003bcc                div_u32u32
                0x10003bcc                divmod_u32u32
                0x10003bd4                divmod_u32u32_unsafe
                0x10003bfc                divmod_u32u32_savestate
 .text.__wrap___aeabi_ldiv
                0x10003c18      0x424 src/CMakeFiles/radio.dir/home/arca/pico/pico-sdk/src/rp2_common/pico_divider/divider.S.obj
                0x10003c18                div_s64s64
                0x10003c18                divmod_s64s64
                0x10003c18                __wrap___aeabi_ldivmod
                0x10003c48                div_u64u64
                0x10003c48                divmod_u64u64
                0x10003c48                __wrap___aeabi_uldivmod
                0x10003c58                divmod_u64u64_savestate
                0x10003c78                divmod_s64s64_unsafe
                0x10003d00                divmod_u64u64_unsafe
 .text.__wrap___aeabi_darithmetic
                0x1000403c       0x60 src/CMakeFiles/radio.dir/home/arca/pico/pico-sdk/src/rp2_common/pico_double/double_aeabi.S.obj
                0x1000403c                __wrap___aeabi_drsub
                0x10004042                __wrap___aeabi_dsub
                0x1000404c                __wrap___aeabi_dadd
                0x10004056                __wrap___aeabi_ddiv
                0x1000408a                __wrap___aeabi_dmul
 .text.__wrap___aeabi_cdcmple
                0x1000409c       0x6c src/CMakeFiles/radio.dir/home/arca/pico/pico-sdk/src/rp2_common/pico_double/double_aeabi.S.obj
                0x1000409c                __wrap___aeabi_cdrcmple
                0x100040ac                __wrap___aeabi_cdcmple
                0x100040ac                __wrap___aeabi_cdcmpeq
 .text.__wrap___aeabi_dcmpeq
                0x10004108       0x10 src/CMakeFiles/radio.dir/home/arca/pico/pico-sdk/src/rp2_common/pico_double/double_aeabi.S.obj
                0x10004108                __wrap___aeabi_dcmpeq
 .text.__wrap___aeabi_dcmplt
                0x10004118        0xc src/CMakeFiles/radio.dir/home/arca/pico/pico-sdk/src/rp2_common/pico_double/double_aeabi.S.obj
                0x10004118                __wrap___aeabi_dcmplt
 .text.__wrap___aeabi_dcmple
                0x10004124       0x10 src/CMakeFiles/radio.dir/home/arca/pico/pico-sdk/src/rp2_common/pico_double/double_aeabi.S.obj
                0x10004124                __wrap___aeabi_dcmple
 .text.__wrap___aeabi_dcmpge
                0x10004134       0x10 src/CMakeFiles/radio.dir/home/arca/pico/pico-sdk/src/rp2_common/pico_double/double_aeabi.S.obj
                0x10004134                __wrap___aeabi_dcmpge
 .text.__wrap___aeabi_dcmpgt
                0x10004144        0xa src/CMakeFiles/radio.dir/home/arca/pico/pico-sdk/src/rp2_common/pico_double/double_aeabi.S.obj
                0x10004144                __wrap___aeabi_dcmpgt
 .text.__wrap___aeabi_dcmpun
                0x1000414e       0x1c src/CMakeFiles/radio.dir/home/arca/pico/pico-sdk/src/rp2_common/pico_double/double_aeabi.S.obj
                0x1000414e                __wrap___aeabi_dcmpun
 *fill*         0x1000416a        0x2 
 .text.__wrap___aeabi_i2d
                0x1000416c       0x38 src/CMakeFiles/radio.dir/home/arca/pico/pico-sdk/src/rp2_common/pico_double/double_aeabi.S.obj
                0x1000416c                __wrap___aeabi_ui2d
                0x10004174                __wrap___aeabi_i2d
 .text.__wrap___aeabi_d2iz
                0x100041a4       0x48 src/CMakeFiles/radio.dir/home/arca/pico/pico-sdk/src/rp2_common/pico_double/double_aeabi.S.obj
                0x100041a4                __wrap___aeabi_d2iz
                0x100041a4                double2int_z
 .text.__wrap___aeabi_d2uiz
                0x100041ec       0x10 src/CMakeFiles/radio.dir/home/arca/pico/pico-sdk/src/rp2_common/pico_double/double_aeabi.S.obj
                0x100041ec                double2uint
                0x100041ec                __wrap___aeabi_d2uiz
 .text.__wrap___aeabi_d2ulz
                0x100041fc       0x10 src/CMakeFiles/radio.dir/home/arca/pico/pico-sdk/src/rp2_common/pico_double/double_aeabi.S.obj
                0x100041fc                __wrap___aeabi_d2ulz
 .text.__wrap_exp
                0x1000420c       0x10 src/CMakeFiles/radio.dir/home/arca/pico/pico-sdk/src/rp2_common/pico_double/double_aeabi.S.obj
                0x1000420c                __wrap_exp
 .text.__wrap_log
                0x1000421c       0x10 src/CMakeFiles/radio.dir/home/arca/pico/pico-sdk/src/rp2_common/pico_double/double_aeabi.S.obj
                0x1000421c                __wrap_log
 .text.missing_double_func_shim
                0x1000422c        0xc src/CMakeFiles/radio.dir/home/arca/pico/pico-sdk/src/rp2_common/pico_double/double_init_rom.c.obj
 .text.__aeabi_double_init
                0x10004238       0xd0 src/CMakeFiles/radio.dir/home/arca/pico/pico-sdk/src/rp2_common/pico_double/double_init_rom.c.obj
                0x10004238                __aeabi_double_init
 .text.dldexp   0x10004308       0x50 src/CMakeFiles/radio.dir/home/arca/pico/pico-sdk/src/rp2_common/pico_double/double_math.c.obj
 .text.disint   0x10004358       0x60 src/CMakeFiles/radio.dir/home/arca/pico/pico-sdk/src/rp2_common/pico_double/double_math.c.obj
 .text.disoddint
                0x100043b8       0x7c src/CMakeFiles/radio.dir/home/arca/pico/pico-sdk/src/rp2_common/pico_double/double_math.c.obj
 .text.dispo2   0x10004434       0x28 src/CMakeFiles/radio.dir/home/arca/pico/pico-sdk/src/rp2_common/pico_double/double_math.c.obj
 .text.dpow_int2
                0x1000445c       0x2c src/CMakeFiles/radio.dir/home/arca/pico/pico-sdk/src/rp2_common/pico_double/double_math.c.obj
 .text.dpowint_1
                0x10004488       0x24 src/CMakeFiles/radio.dir/home/arca/pico/pico-sdk/src/rp2_common/pico_double/double_math.c.obj
 .text.dpow_1   0x100044ac      0x1dc src/CMakeFiles/radio.dir/home/arca/pico/pico-sdk/src/rp2_common/pico_double/double_math.c.obj
 .text.dpow_0   0x10004688       0xd8 src/CMakeFiles/radio.dir/home/arca/pico/pico-sdk/src/rp2_common/pico_double/double_math.c.obj
 .text.__wrap_ldexp
                0x10004760        0x8 src/CMakeFiles/radio.dir/home/arca/pico/pico-sdk/src/rp2_common/pico_double/double_math.c.obj
                0x10004760                __wrap_ldexp
 .text.__wrap_round
                0x10004768       0x98 src/CMakeFiles/radio.dir/home/arca/pico/pico-sdk/src/rp2_common/pico_double/double_math.c.obj
                0x10004768                __wrap_round
 .text.__wrap_exp2
                0x10004800       0x88 src/CMakeFiles/radio.dir/home/arca/pico/pico-sdk/src/rp2_common/pico_double/double_math.c.obj
                0x10004800                __wrap_exp2
 .text.__wrap_pow
                0x10004888      0x168 src/CMakeFiles/radio.dir/home/arca/pico/pico-sdk/src/rp2_common/pico_double/double_math.c.obj
                0x10004888                __wrap_pow
 .text.double_table_shim_on_use_helper
                0x100049f0       0x34 src/CMakeFiles/radio.dir/home/arca/pico/pico-sdk/src/rp2_common/pico_double/double_v1_rom_shim.S.obj
                0x100049f0                double_table_shim_on_use_helper
 .text.__aeabi_lmul
                0x10004a24       0x32 src/CMakeFiles/radio.dir/home/arca/pico/pico-sdk/src/rp2_common/pico_int64_ops/pico_int64_ops_aeabi.S.obj
                0x10004a24                __wrap___aeabi_lmul
 *fill*         0x10004a56        0x2 
 .text.__wrap___aeabi_farithmetic
                0x10004a58       0x48 src/CMakeFiles/radio.dir/home/arca/pico/pico-sdk/src/rp2_common/pico_float/float_aeabi.S.obj
                0x10004a58                __wrap___aeabi_frsub
                0x10004a5e                __wrap___aeabi_fsub
                0x10004a64                __wrap___aeabi_fadd
                0x10004a6a                __wrap___aeabi_fdiv
                0x10004a92                __wrap___aeabi_fmul
 .text.__wrap___aeabi_ui2f
                0x10004aa0        0xa src/CMakeFiles/radio.dir/home/arca/pico/pico-sdk/src/rp2_common/pico_float/float_aeabi.S.obj
                0x10004aa0                __wrap___aeabi_ui2f
 *fill*         0x10004aaa        0x2 
 .text.__wrap___aeabi_i2f
                0x10004aac       0x44 src/CMakeFiles/radio.dir/home/arca/pico/pico-sdk/src/rp2_common/pico_float/float_aeabi.S.obj
                0x10004aac                __wrap___aeabi_i2f
 .text.__wrap___aeabi_f2uiz
                0x10004af0        0xc src/CMakeFiles/radio.dir/home/arca/pico/pico-sdk/src/rp2_common/pico_float/float_aeabi.S.obj
                0x10004af0                __wrap___aeabi_f2uiz
 .text.__wrap___aeabi_ul2f
                0x10004afc       0x18 src/CMakeFiles/radio.dir/home/arca/pico/pico-sdk/src/rp2_common/pico_float/float_aeabi.S.obj
                0x10004b00                __wrap___aeabi_ul2f
 .text.missing_float_func_shim
                0x10004b14        0xc src/CMakeFiles/radio.dir/home/arca/pico/pico-sdk/src/rp2_common/pico_float/float_init_rom.c.obj
 .text.__aeabi_float_init
                0x10004b20       0x88 src/CMakeFiles/radio.dir/home/arca/pico/pico-sdk/src/rp2_common/pico_float/float_init_rom.c.obj
                0x10004b20                __aeabi_float_init
 .text          0x10004ba8       0x10 src/CMakeFiles/radio.dir/home/arca/pico/pico-sdk/src/rp2_common/pico_mem_ops/mem_ops_aeabi.S.obj
                0x10004ba8                __aeabi_mem_init
 .text.memset   0x10004bb8        0xc src/CMakeFiles/radio.dir/home/arca/pico/pico-sdk/src/rp2_common/pico_mem_ops/mem_ops_aeabi.S.obj
                0x10004bb8                __wrap_memset
 .text.memcpy   0x10004bc4        0xc src/CMakeFiles/radio.dir/home/arca/pico/pico-sdk/src/rp2_common/pico_mem_ops/mem_ops_aeabi.S.obj
                0x10004bc4                __wrap___aeabi_memcpy
                0x10004bc4                __wrap_memcpy
 .text.stdio_out_chars_no_crlf
                0x10004bd0        0xe src/CMakeFiles/radio.dir/home/arca/pico/pico-sdk/src/rp2_common/pico_stdio/stdio.c.obj
 *fill*         0x10004bde        0x2 
 .text.stdio_out_chars_crlf
                0x10004be0       0x80 src/CMakeFiles/radio.dir/home/arca/pico/pico-sdk/src/rp2_common/pico_stdio/stdio.c.obj
 .text.stdio_stack_buffer_flush
                0x10004c60       0x44 src/CMakeFiles/radio.dir/home/arca/pico/pico-sdk/src/rp2_common/pico_stdio/stdio.c.obj
 .text.stdio_buffered_printer
                0x10004ca4       0x20 src/CMakeFiles/radio.dir/home/arca/pico/pico-sdk/src/rp2_common/pico_stdio/stdio.c.obj
 .text.update_us_since_boot
                0x10004cc4       0x24 src/CMakeFiles/radio.dir/home/arca/pico/pico-sdk/src/rp2_common/pico_stdio/stdio.c.obj
 .text.get_absolute_time
                0x10004ce8       0x22 src/CMakeFiles/radio.dir/home/arca/pico/pico-sdk/src/rp2_common/pico_stdio/stdio.c.obj
 *fill*         0x10004d0a        0x2 
 .text.delayed_by_ms
                0x10004d0c       0x44 src/CMakeFiles/radio.dir/home/arca/pico/pico-sdk/src/rp2_common/pico_stdio/stdio.c.obj
 .text.make_timeout_time_ms
                0x10004d50       0x20 src/CMakeFiles/radio.dir/home/arca/pico/pico-sdk/src/rp2_common/pico_stdio/stdio.c.obj
 .text.stdout_serialize_begin
                0x10004d70       0x20 src/CMakeFiles/radio.dir/home/arca/pico/pico-sdk/src/rp2_common/pico_stdio/stdio.c.obj
                0x10004d70                stdout_serialize_begin
 .text.stdout_serialize_end
                0x10004d90       0x10 src/CMakeFiles/radio.dir/home/arca/pico/pico-sdk/src/rp2_common/pico_stdio/stdio.c.obj
                0x10004d90                stdout_serialize_end
 .text.stdio_put_string
                0x10004da0       0x98 src/CMakeFiles/radio.dir/home/arca/pico/pico-sdk/src/rp2_common/pico_stdio/stdio.c.obj
 .text.stdio_set_driver_enabled
                0x10004e38       0x2c src/CMakeFiles/radio.dir/home/arca/pico/pico-sdk/src/rp2_common/pico_stdio/stdio.c.obj
                0x10004e38                stdio_set_driver_enabled
 .text.stdio_flush
                0x10004e64       0x20 src/CMakeFiles/radio.dir/home/arca/pico/pico-sdk/src/rp2_common/pico_stdio/stdio.c.obj
                0x10004e64                stdio_flush
 .text.__wrap_puts
                0x10004e84       0x1e src/CMakeFiles/radio.dir/home/arca/pico/pico-sdk/src/rp2_common/pico_stdio/stdio.c.obj
                0x10004e84                __wrap_puts
 *fill*         0x10004ea2        0x2 
 .text.__wrap_vprintf
                0x10004ea4       0x40 src/CMakeFiles/radio.dir/home/arca/pico/pico-sdk/src/rp2_common/pico_stdio/stdio.c.obj
                0x10004ea4                __wrap_vprintf
 .text.__wrap_printf
                0x10004ee4       0x18 src/CMakeFiles/radio.dir/home/arca/pico/pico-sdk/src/rp2_common/pico_stdio/stdio.c.obj
                0x10004ee4                __wrap_printf
 .text.stdio_init_all
                0x10004efc        0xe src/CMakeFiles/radio.dir/home/arca/pico/pico-sdk/src/rp2_common/pico_stdio/stdio.c.obj
                0x10004efc                stdio_init_all
 *fill*         0x10004f0a        0x2 
 .text.uart_putc
                0x10004f0c       0x60 src/CMakeFiles/radio.dir/home/arca/pico/pico-sdk/src/rp2_common/pico_stdio_uart/stdio_uart.c.obj
 .text.uart_getc
                0x10004f6c       0x24 src/CMakeFiles/radio.dir/home/arca/pico/pico-sdk/src/rp2_common/pico_stdio_uart/stdio_uart.c.obj
 .text.stdio_uart_out_chars
                0x10004f90       0x20 src/CMakeFiles/radio.dir/home/arca/pico/pico-sdk/src/rp2_common/pico_stdio_uart/stdio_uart.c.obj
 .text.stdio_uart_in_chars
                0x10004fb0       0x5c src/CMakeFiles/radio.dir/home/arca/pico/pico-sdk/src/rp2_common/pico_stdio_uart/stdio_uart.c.obj
                0x10004fb0                stdio_uart_in_chars
 .text.on_uart_rx
                0x1000500c       0x28 src/CMakeFiles/radio.dir/home/arca/pico/pico-sdk/src/rp2_common/pico_stdio_uart/stdio_uart.c.obj
 .text.stdio_uart_set_chars_available_callback
                0x10005034       0x8c src/CMakeFiles/radio.dir/home/arca/pico/pico-sdk/src/rp2_common/pico_stdio_uart/stdio_uart.c.obj
 .text.stdio_uart_init_full
                0x100050c0       0x44 src/CMakeFiles/radio.dir/home/arca/pico/pico-sdk/src/rp2_common/pico_stdio_uart/stdio_uart.c.obj
                0x100050c0                stdio_uart_init_full
 .text.stdio_uart_init
                0x10005104       0x28 src/CMakeFiles/radio.dir/home/arca/pico/pico-sdk/src/rp2_common/pico_stdio_uart/stdio_uart.c.obj
                0x10005104                stdio_uart_init
 .text.resetd_init
                0x1000512c        0x2 src/CMakeFiles/radio.dir/home/arca/pico/pico-sdk/src/rp2_common/pico_stdio_usb/reset_interface.c.obj
 *fill*         0x1000512e        0x2 
 .text.resetd_reset
                0x10005130        0xc src/CMakeFiles/radio.dir/home/arca/pico/pico-sdk/src/rp2_common/pico_stdio_usb/reset_interface.c.obj
 .text.resetd_open
                0x1000513c       0x34 src/CMakeFiles/radio.dir/home/arca/pico/pico-sdk/src/rp2_common/pico_stdio_usb/reset_interface.c.obj
 .text.resetd_xfer_cb
                0x10005170        0x4 src/CMakeFiles/radio.dir/home/arca/pico/pico-sdk/src/rp2_common/pico_stdio_usb/reset_interface.c.obj
 .text.reset_usb_boot
                0x10005174       0x18 src/CMakeFiles/radio.dir/home/arca/pico/pico-sdk/src/rp2_common/pico_stdio_usb/reset_interface.c.obj
 .text.resetd_control_xfer_cb
                0x1000518c       0x5c src/CMakeFiles/radio.dir/home/arca/pico/pico-sdk/src/rp2_common/pico_stdio_usb/reset_interface.c.obj
 .text.usbd_app_driver_get_cb
                0x100051e8        0xc src/CMakeFiles/radio.dir/home/arca/pico/pico-sdk/src/rp2_common/pico_stdio_usb/reset_interface.c.obj
                0x100051e8                usbd_app_driver_get_cb
 .text.tud_cdc_line_coding_cb
                0x100051f4       0x28 src/CMakeFiles/radio.dir/home/arca/pico/pico-sdk/src/rp2_common/pico_stdio_usb/reset_interface.c.obj
                0x100051f4                tud_cdc_line_coding_cb
 .text.stdio_usb_set_chars_available_callback
                0x1000521c       0x14 src/CMakeFiles/radio.dir/home/arca/pico/pico-sdk/src/rp2_common/pico_stdio_usb/stdio_usb.c.obj
                0x1000521c                stdio_usb_set_chars_available_callback
 .text.update_us_since_boot
                0x10005230       0x24 src/CMakeFiles/radio.dir/home/arca/pico/pico-sdk/src/rp2_common/pico_stdio_usb/stdio_usb.c.obj
 .text.get_absolute_time
                0x10005254       0x22 src/CMakeFiles/radio.dir/home/arca/pico/pico-sdk/src/rp2_common/pico_stdio_usb/stdio_usb.c.obj
 *fill*         0x10005276        0x2 
 .text.delayed_by_ms
                0x10005278       0x44 src/CMakeFiles/radio.dir/home/arca/pico/pico-sdk/src/rp2_common/pico_stdio_usb/stdio_usb.c.obj
 .text.make_timeout_time_ms
                0x100052bc       0x20 src/CMakeFiles/radio.dir/home/arca/pico/pico-sdk/src/rp2_common/pico_stdio_usb/stdio_usb.c.obj
 .text.delayed_by_us
                0x100052dc       0x34 src/CMakeFiles/radio.dir/home/arca/pico/pico-sdk/src/rp2_common/pico_stdio_usb/stdio_usb.c.obj
 .text.usb_irq  0x10005310       0x10 src/CMakeFiles/radio.dir/home/arca/pico/pico-sdk/src/rp2_common/pico_stdio_usb/stdio_usb.c.obj
 .text.critical_section_enter_blocking
                0x10005320       0x16 src/CMakeFiles/radio.dir/home/arca/pico/pico-sdk/src/rp2_common/pico_stdio_usb/stdio_usb.c.obj
 *fill*         0x10005336        0x2 
 .text.timer_task
                0x10005338       0x4c src/CMakeFiles/radio.dir/home/arca/pico/pico-sdk/src/rp2_common/pico_stdio_usb/stdio_usb.c.obj
 .text.alarm_pool_add_alarm_in_us
                0x10005384       0x3a src/CMakeFiles/radio.dir/home/arca/pico/pico-sdk/src/rp2_common/pico_stdio_usb/stdio_usb.c.obj
 .text.add_alarm_in_us
                0x100053be       0x2e src/CMakeFiles/radio.dir/home/arca/pico/pico-sdk/src/rp2_common/pico_stdio_usb/stdio_usb.c.obj
 .text.low_priority_worker_irq
                0x100053ec       0x7c src/CMakeFiles/radio.dir/home/arca/pico/pico-sdk/src/rp2_common/pico_stdio_usb/stdio_usb.c.obj
 .text.tud_cdc_rx_cb
                0x10005468       0x20 src/CMakeFiles/radio.dir/home/arca/pico/pico-sdk/src/rp2_common/pico_stdio_usb/stdio_usb.c.obj
                0x10005468                tud_cdc_rx_cb
 .text.stdio_usb_init
                0x10005488       0xd0 src/CMakeFiles/radio.dir/home/arca/pico/pico-sdk/src/rp2_common/pico_stdio_usb/stdio_usb.c.obj
                0x10005488                stdio_usb_init
 .text.stdio_usb_connected
                0x10005558        0xa src/CMakeFiles/radio.dir/home/arca/pico/pico-sdk/src/rp2_common/pico_stdio_usb/stdio_usb.c.obj
                0x10005558                stdio_usb_connected
 *fill*         0x10005562        0x2 
 .text.stdio_usb_in_chars
                0x10005564       0x88 src/CMakeFiles/radio.dir/home/arca/pico/pico-sdk/src/rp2_common/pico_stdio_usb/stdio_usb.c.obj
                0x10005564                stdio_usb_in_chars
 .text.stdio_usb_out_chars
                0x100055ec       0xd8 src/CMakeFiles/radio.dir/home/arca/pico/pico-sdk/src/rp2_common/pico_stdio_usb/stdio_usb.c.obj
 .text.tud_descriptor_device_cb
                0x100056c4        0x8 src/CMakeFiles/radio.dir/home/arca/pico/pico-sdk/src/rp2_common/pico_stdio_usb/stdio_usb_descriptors.c.obj
                0x100056c4                tud_descriptor_device_cb
 .text.tud_descriptor_configuration_cb
                0x100056cc        0x8 src/CMakeFiles/radio.dir/home/arca/pico/pico-sdk/src/rp2_common/pico_stdio_usb/stdio_usb_descriptors.c.obj
                0x100056cc                tud_descriptor_configuration_cb
 .text.tud_descriptor_string_cb
                0x100056d4       0x6c src/CMakeFiles/radio.dir/home/arca/pico/pico-sdk/src/rp2_common/pico_stdio_usb/stdio_usb_descriptors.c.obj
                0x100056d4                tud_descriptor_string_cb
 .text._retrieve_unique_id_on_boot
                0x10005740       0x10 src/CMakeFiles/radio.dir/home/arca/pico/pico-sdk/src/rp2_common/pico_unique_id/unique_id.c.obj
 .text.pico_get_unique_board_id
                0x10005750       0x10 src/CMakeFiles/radio.dir/home/arca/pico/pico-sdk/src/rp2_common/pico_unique_id/unique_id.c.obj
                0x10005750                pico_get_unique_board_id
 .text.pico_get_unique_board_id_string
                0x10005760       0x5c src/CMakeFiles/radio.dir/home/arca/pico/pico-sdk/src/rp2_common/pico_unique_id/unique_id.c.obj
                0x10005760                pico_get_unique_board_id_string
 .text.flash_get_unique_id
                0x100057bc       0x40 src/CMakeFiles/radio.dir/home/arca/pico/pico-sdk/src/rp2_common/hardware_flash/flash.c.obj
                0x100057bc                flash_get_unique_id
 .text.hw_endpoint_get_by_addr
                0x100057fc       0x18 src/CMakeFiles/radio.dir/home/arca/pico/pico-sdk/lib/tinyusb/src/portable/raspberrypi/rp2040/dcd_rp2040.c.obj
 .text._hw_endpoint_alloc
                0x10005814       0x70 src/CMakeFiles/radio.dir/home/arca/pico/pico-sdk/lib/tinyusb/src/portable/raspberrypi/rp2040/dcd_rp2040.c.obj
 .text.hw_endpoint_init
                0x10005884       0x88 src/CMakeFiles/radio.dir/home/arca/pico/pico-sdk/lib/tinyusb/src/portable/raspberrypi/rp2040/dcd_rp2040.c.obj
 .text.dcd_event_sof
                0x1000590c       0x2c src/CMakeFiles/radio.dir/home/arca/pico/pico-sdk/lib/tinyusb/src/portable/raspberrypi/rp2040/dcd_rp2040.c.obj
 .text.hw_endpoint_xfer
                0x10005938       0x14 src/CMakeFiles/radio.dir/home/arca/pico/pico-sdk/lib/tinyusb/src/portable/raspberrypi/rp2040/dcd_rp2040.c.obj
 .text.dcd_int_enable
                0x1000594c       0x2c src/CMakeFiles/radio.dir/home/arca/pico/pico-sdk/lib/tinyusb/src/portable/raspberrypi/rp2040/dcd_rp2040.c.obj
                0x1000594c                dcd_int_enable
 .text.dcd_set_address
                0x10005978       0x2c src/CMakeFiles/radio.dir/home/arca/pico/pico-sdk/lib/tinyusb/src/portable/raspberrypi/rp2040/dcd_rp2040.c.obj
                0x10005978                dcd_set_address
 .text.dcd_connect
                0x100059a4       0x10 src/CMakeFiles/radio.dir/home/arca/pico/pico-sdk/lib/tinyusb/src/portable/raspberrypi/rp2040/dcd_rp2040.c.obj
                0x100059a4                dcd_connect
 .text.dcd_init
                0x100059b4       0x80 src/CMakeFiles/radio.dir/home/arca/pico/pico-sdk/lib/tinyusb/src/portable/raspberrypi/rp2040/dcd_rp2040.c.obj
                0x100059b4                dcd_init
 .text.dcd_edpt0_status_complete
                0x10005a34       0x1c src/CMakeFiles/radio.dir/home/arca/pico/pico-sdk/lib/tinyusb/src/portable/raspberrypi/rp2040/dcd_rp2040.c.obj
                0x10005a34                dcd_edpt0_status_complete
 .text.dcd_edpt_open
                0x10005a50       0x40 src/CMakeFiles/radio.dir/home/arca/pico/pico-sdk/lib/tinyusb/src/portable/raspberrypi/rp2040/dcd_rp2040.c.obj
                0x10005a50                dcd_edpt_open
 .text.dcd_edpt_close_all
                0x10005a90        0x8 src/CMakeFiles/radio.dir/home/arca/pico/pico-sdk/lib/tinyusb/src/portable/raspberrypi/rp2040/dcd_rp2040.c.obj
                0x10005a90                dcd_edpt_close_all
 .text.dcd_edpt_xfer
                0x10005a98       0x34 src/CMakeFiles/radio.dir/home/arca/pico/pico-sdk/lib/tinyusb/src/portable/raspberrypi/rp2040/dcd_rp2040.c.obj
                0x10005a98                dcd_edpt_xfer
 .text.dcd_edpt_stall
                0x10005acc       0x2c src/CMakeFiles/radio.dir/home/arca/pico/pico-sdk/lib/tinyusb/src/portable/raspberrypi/rp2040/dcd_rp2040.c.obj
                0x10005acc                dcd_edpt_stall
 .text.dcd_edpt_clear_stall
                0x10005af8       0x20 src/CMakeFiles/radio.dir/home/arca/pico/pico-sdk/lib/tinyusb/src/portable/raspberrypi/rp2040/dcd_rp2040.c.obj
                0x10005af8                dcd_edpt_clear_stall
 .text.rp2040_usb_init
                0x10005b18       0x4c src/CMakeFiles/radio.dir/home/arca/pico/pico-sdk/lib/tinyusb/src/portable/raspberrypi/rp2040/rp2040_usb.c.obj
                0x10005b18                rp2040_usb_init
 .text.hw_endpoint_xfer_start
                0x10005b64       0x50 src/CMakeFiles/radio.dir/home/arca/pico/pico-sdk/lib/tinyusb/src/portable/raspberrypi/rp2040/rp2040_usb.c.obj
                0x10005b64                hw_endpoint_xfer_start
 .text.configuration_reset
                0x10005bb4       0x84 src/CMakeFiles/radio.dir/home/arca/pico/pico-sdk/lib/tinyusb/src/device/usbd.c.obj
 .text.critical_section_enter_blocking
                0x10005c38       0x16 src/CMakeFiles/radio.dir/home/arca/pico/pico-sdk/lib/tinyusb/src/device/usbd.c.obj
 .text.usbd_reset
                0x10005c4e        0xc src/CMakeFiles/radio.dir/home/arca/pico/pico-sdk/lib/tinyusb/src/device/usbd.c.obj
 .text.invoke_class_control
                0x10005c5a       0x1a src/CMakeFiles/radio.dir/home/arca/pico/pico-sdk/lib/tinyusb/src/device/usbd.c.obj
 .text.process_set_config
                0x10005c74      0x178 src/CMakeFiles/radio.dir/home/arca/pico/pico-sdk/lib/tinyusb/src/device/usbd.c.obj
 .text.process_get_descriptor
                0x10005dec       0xdc src/CMakeFiles/radio.dir/home/arca/pico/pico-sdk/lib/tinyusb/src/device/usbd.c.obj
 .text.tud_mounted
                0x10005ec8       0x10 src/CMakeFiles/radio.dir/home/arca/pico/pico-sdk/lib/tinyusb/src/device/usbd.c.obj
                0x10005ec8                tud_mounted
 .text.tud_suspended
                0x10005ed8       0x10 src/CMakeFiles/radio.dir/home/arca/pico/pico-sdk/lib/tinyusb/src/device/usbd.c.obj
                0x10005ed8                tud_suspended
 .text.tud_inited
                0x10005ee8       0x14 src/CMakeFiles/radio.dir/home/arca/pico/pico-sdk/lib/tinyusb/src/device/usbd.c.obj
                0x10005ee8                tud_inited
 .text.tud_init
                0x10005efc       0xcc src/CMakeFiles/radio.dir/home/arca/pico/pico-sdk/lib/tinyusb/src/device/usbd.c.obj
                0x10005efc                tud_init
 .text.usbd_defer_func
                0x10005fc8       0x2a src/CMakeFiles/radio.dir/home/arca/pico/pico-sdk/lib/tinyusb/src/device/usbd.c.obj
                0x10005fc8                usbd_defer_func
 *fill*         0x10005ff2        0x2 
 .text.usbd_edpt_open
                0x10005ff4       0x34 src/CMakeFiles/radio.dir/home/arca/pico/pico-sdk/lib/tinyusb/src/device/usbd.c.obj
                0x10005ff4                usbd_edpt_open
 .text.usbd_open_edpt_pair
                0x10006028       0x62 src/CMakeFiles/radio.dir/home/arca/pico/pico-sdk/lib/tinyusb/src/device/usbd.c.obj
                0x10006028                usbd_open_edpt_pair
 *fill*         0x1000608a        0x2 
 .text.usbd_edpt_claim
                0x1000608c       0x28 src/CMakeFiles/radio.dir/home/arca/pico/pico-sdk/lib/tinyusb/src/device/usbd.c.obj
                0x1000608c                usbd_edpt_claim
 .text.usbd_edpt_release
                0x100060b4       0x28 src/CMakeFiles/radio.dir/home/arca/pico/pico-sdk/lib/tinyusb/src/device/usbd.c.obj
                0x100060b4                usbd_edpt_release
 .text.usbd_edpt_xfer
                0x100060dc       0x78 src/CMakeFiles/radio.dir/home/arca/pico/pico-sdk/lib/tinyusb/src/device/usbd.c.obj
                0x100060dc                usbd_edpt_xfer
 .text.usbd_edpt_stall
                0x10006154       0x48 src/CMakeFiles/radio.dir/home/arca/pico/pico-sdk/lib/tinyusb/src/device/usbd.c.obj
                0x10006154                usbd_edpt_stall
 .text.usbd_edpt_clear_stall
                0x1000619c       0x48 src/CMakeFiles/radio.dir/home/arca/pico/pico-sdk/lib/tinyusb/src/device/usbd.c.obj
                0x1000619c                usbd_edpt_clear_stall
 .text.usbd_edpt_stalled
                0x100061e4       0x1c src/CMakeFiles/radio.dir/home/arca/pico/pico-sdk/lib/tinyusb/src/device/usbd.c.obj
                0x100061e4                usbd_edpt_stalled
 .text.process_control_request
                0x10006200      0x374 src/CMakeFiles/radio.dir/home/arca/pico/pico-sdk/lib/tinyusb/src/device/usbd.c.obj
 .text.tud_task_ext
                0x10006574      0x1a8 src/CMakeFiles/radio.dir/home/arca/pico/pico-sdk/lib/tinyusb/src/device/usbd.c.obj
                0x10006574                tud_task_ext
 .text._status_stage_xact
                0x1000671c       0x1a src/CMakeFiles/radio.dir/home/arca/pico/pico-sdk/lib/tinyusb/src/device/usbd_control.c.obj
 *fill*         0x10006736        0x2 
 .text._data_stage_xact
                0x10006738       0x58 src/CMakeFiles/radio.dir/home/arca/pico/pico-sdk/lib/tinyusb/src/device/usbd_control.c.obj
 .text.tud_control_status
                0x10006790       0x28 src/CMakeFiles/radio.dir/home/arca/pico/pico-sdk/lib/tinyusb/src/device/usbd_control.c.obj
                0x10006790                tud_control_status
 .text.tud_control_xfer
                0x100067b8       0x68 src/CMakeFiles/radio.dir/home/arca/pico/pico-sdk/lib/tinyusb/src/device/usbd_control.c.obj
                0x100067b8                tud_control_xfer
 .text.usbd_control_reset
                0x10006820       0x14 src/CMakeFiles/radio.dir/home/arca/pico/pico-sdk/lib/tinyusb/src/device/usbd_control.c.obj
                0x10006820                usbd_control_reset
 .text.usbd_control_set_complete_callback
                0x10006834        0xc src/CMakeFiles/radio.dir/home/arca/pico/pico-sdk/lib/tinyusb/src/device/usbd_control.c.obj
                0x10006834                usbd_control_set_complete_callback
 .text.usbd_control_set_request
                0x10006840       0x1c src/CMakeFiles/radio.dir/home/arca/pico/pico-sdk/lib/tinyusb/src/device/usbd_control.c.obj
                0x10006840                usbd_control_set_request
 .text.usbd_control_xfer_cb
                0x1000685c       0xbc src/CMakeFiles/radio.dir/home/arca/pico/pico-sdk/lib/tinyusb/src/device/usbd_control.c.obj
                0x1000685c                usbd_control_xfer_cb
 .text._prep_out_transaction
                0x10006918       0x4a src/CMakeFiles/radio.dir/home/arca/pico/pico-sdk/lib/tinyusb/src/class/cdc/cdc_device.c.obj
 *fill*         0x10006962        0x2 
 .text.tud_cdc_n_connected
                0x10006964       0x38 src/CMakeFiles/radio.dir/home/arca/pico/pico-sdk/lib/tinyusb/src/class/cdc/cdc_device.c.obj
                0x10006964                tud_cdc_n_connected
 .text.tud_cdc_n_available
                0x1000699c       0x18 src/CMakeFiles/radio.dir/home/arca/pico/pico-sdk/lib/tinyusb/src/class/cdc/cdc_device.c.obj
                0x1000699c                tud_cdc_n_available
 .text.tud_cdc_n_read
                0x100069b4       0x28 src/CMakeFiles/radio.dir/home/arca/pico/pico-sdk/lib/tinyusb/src/class/cdc/cdc_device.c.obj
                0x100069b4                tud_cdc_n_read
 .text.tud_cdc_n_write_flush
                0x100069dc       0xb8 src/CMakeFiles/radio.dir/home/arca/pico/pico-sdk/lib/tinyusb/src/class/cdc/cdc_device.c.obj
                0x100069dc                tud_cdc_n_write_flush
 .text.tud_cdc_n_write
                0x10006a94       0x38 src/CMakeFiles/radio.dir/home/arca/pico/pico-sdk/lib/tinyusb/src/class/cdc/cdc_device.c.obj
                0x10006a94                tud_cdc_n_write
 .text.tud_cdc_n_write_available
                0x10006acc       0x1c src/CMakeFiles/radio.dir/home/arca/pico/pico-sdk/lib/tinyusb/src/class/cdc/cdc_device.c.obj
                0x10006acc                tud_cdc_n_write_available
 .text.cdcd_init
                0x10006ae8       0xbc src/CMakeFiles/radio.dir/home/arca/pico/pico-sdk/lib/tinyusb/src/class/cdc/cdc_device.c.obj
                0x10006ae8                cdcd_init
 .text.cdcd_reset
                0x10006ba4       0x44 src/CMakeFiles/radio.dir/home/arca/pico/pico-sdk/lib/tinyusb/src/class/cdc/cdc_device.c.obj
                0x10006ba4                cdcd_reset
 .text.cdcd_open
                0x10006be8       0xc4 src/CMakeFiles/radio.dir/home/arca/pico/pico-sdk/lib/tinyusb/src/class/cdc/cdc_device.c.obj
                0x10006be8                cdcd_open
 .text.cdcd_control_xfer_cb
                0x10006cac      0x134 src/CMakeFiles/radio.dir/home/arca/pico/pico-sdk/lib/tinyusb/src/class/cdc/cdc_device.c.obj
                0x10006cac                cdcd_control_xfer_cb
 .text.cdcd_xfer_cb
                0x10006de0      0x130 src/CMakeFiles/radio.dir/home/arca/pico/pico-sdk/lib/tinyusb/src/class/cdc/cdc_device.c.obj
                0x10006de0                cdcd_xfer_cb
 .text.tusb_init
                0x10006f10        0xa src/CMakeFiles/radio.dir/home/arca/pico/pico-sdk/lib/tinyusb/src/tusb.c.obj
                0x10006f10                tusb_init
 .text.tusb_inited
                0x10006f1a        0xe src/CMakeFiles/radio.dir/home/arca/pico/pico-sdk/lib/tinyusb/src/tusb.c.obj
                0x10006f1a                tusb_inited
 .text.tu_edpt_claim
                0x10006f28       0x50 src/CMakeFiles/radio.dir/home/arca/pico/pico-sdk/lib/tinyusb/src/tusb.c.obj
                0x10006f28                tu_edpt_claim
 .text.tu_edpt_release
                0x10006f78       0x38 src/CMakeFiles/radio.dir/home/arca/pico/pico-sdk/lib/tinyusb/src/tusb.c.obj
                0x10006f78                tu_edpt_release
 .text.tu_edpt_validate
                0x10006fb0       0x78 src/CMakeFiles/radio.dir/home/arca/pico/pico-sdk/lib/tinyusb/src/tusb.c.obj
                0x10006fb0                tu_edpt_validate
 .text.tu_edpt_bind_driver
                0x10007028       0x26 src/CMakeFiles/radio.dir/home/arca/pico/pico-sdk/lib/tinyusb/src/tusb.c.obj
                0x10007028                tu_edpt_bind_driver
 .text.advance_index
                0x1000704e       0x1a src/CMakeFiles/radio.dir/home/arca/pico/pico-sdk/lib/tinyusb/src/common/tusb_fifo.c.obj
 .text._tu_fifo_peek
                0x10007068       0x56 src/CMakeFiles/radio.dir/home/arca/pico/pico-sdk/lib/tinyusb/src/common/tusb_fifo.c.obj
 .text._ff_pull_const_addr
                0x100070be       0x4c src/CMakeFiles/radio.dir/home/arca/pico/pico-sdk/lib/tinyusb/src/common/tusb_fifo.c.obj
 .text._ff_pull_n
                0x1000710a      0x110 src/CMakeFiles/radio.dir/home/arca/pico/pico-sdk/lib/tinyusb/src/common/tusb_fifo.c.obj
 .text._tu_fifo_peek_n
                0x1000721a       0x6a src/CMakeFiles/radio.dir/home/arca/pico/pico-sdk/lib/tinyusb/src/common/tusb_fifo.c.obj
 .text._tu_fifo_read_n
                0x10007284       0x4e src/CMakeFiles/radio.dir/home/arca/pico/pico-sdk/lib/tinyusb/src/common/tusb_fifo.c.obj
 .text._ff_push_const_addr
                0x100072d2       0x40 src/CMakeFiles/radio.dir/home/arca/pico/pico-sdk/lib/tinyusb/src/common/tusb_fifo.c.obj
 .text._ff_push_n
                0x10007312      0x10c src/CMakeFiles/radio.dir/home/arca/pico/pico-sdk/lib/tinyusb/src/common/tusb_fifo.c.obj
 .text._tu_fifo_write_n
                0x1000741e       0xf0 src/CMakeFiles/radio.dir/home/arca/pico/pico-sdk/lib/tinyusb/src/common/tusb_fifo.c.obj
 .text.tu_fifo_config
                0x1000750e       0x7c src/CMakeFiles/radio.dir/home/arca/pico/pico-sdk/lib/tinyusb/src/common/tusb_fifo.c.obj
                0x1000750e                tu_fifo_config
 .text.tu_fifo_count
                0x1000758a       0x2a src/CMakeFiles/radio.dir/home/arca/pico/pico-sdk/lib/tinyusb/src/common/tusb_fifo.c.obj
                0x1000758a                tu_fifo_count
 .text.tu_fifo_empty
                0x100075b4        0xe src/CMakeFiles/radio.dir/home/arca/pico/pico-sdk/lib/tinyusb/src/common/tusb_fifo.c.obj
                0x100075b4                tu_fifo_empty
 .text.tu_fifo_full
                0x100075c2       0x28 src/CMakeFiles/radio.dir/home/arca/pico/pico-sdk/lib/tinyusb/src/common/tusb_fifo.c.obj
                0x100075c2                tu_fifo_full
 .text.tu_fifo_remaining
                0x100075ea       0x2c src/CMakeFiles/radio.dir/home/arca/pico/pico-sdk/lib/tinyusb/src/common/tusb_fifo.c.obj
                0x100075ea                tu_fifo_remaining
 .text.tu_fifo_read
                0x10007616       0x42 src/CMakeFiles/radio.dir/home/arca/pico/pico-sdk/lib/tinyusb/src/common/tusb_fifo.c.obj
                0x10007616                tu_fifo_read
 .text.tu_fifo_read_n
                0x10007658        0xa src/CMakeFiles/radio.dir/home/arca/pico/pico-sdk/lib/tinyusb/src/common/tusb_fifo.c.obj
                0x10007658                tu_fifo_read_n
 .text.tu_fifo_write
                0x10007662       0x64 src/CMakeFiles/radio.dir/home/arca/pico/pico-sdk/lib/tinyusb/src/common/tusb_fifo.c.obj
                0x10007662                tu_fifo_write
 .text.tu_fifo_write_n
                0x100076c6        0xa src/CMakeFiles/radio.dir/home/arca/pico/pico-sdk/lib/tinyusb/src/common/tusb_fifo.c.obj
                0x100076c6                tu_fifo_write_n
 .text.tu_fifo_clear
                0x100076d0       0x3e src/CMakeFiles/radio.dir/home/arca/pico/pico-sdk/lib/tinyusb/src/common/tusb_fifo.c.obj
                0x100076d0                tu_fifo_clear
 .text.tu_fifo_set_overwritable
                0x1000770e       0x46 src/CMakeFiles/radio.dir/home/arca/pico/pico-sdk/lib/tinyusb/src/common/tusb_fifo.c.obj
                0x1000770e                tu_fifo_set_overwritable
 .text.core1_trampoline
                0x10007754        0x2 src/CMakeFiles/radio.dir/home/arca/pico/pico-sdk/src/rp2_common/pico_multicore/multicore.c.obj
 .text.core1_wrapper
                0x10007756        0xc src/CMakeFiles/radio.dir/home/arca/pico/pico-sdk/src/rp2_common/pico_multicore/multicore.c.obj
                0x10007756                core1_wrapper
 .text.multicore_fifo_push_blocking
                0x10007762       0x14 src/CMakeFiles/radio.dir/home/arca/pico/pico-sdk/src/rp2_common/pico_multicore/multicore.c.obj
                0x10007762                multicore_fifo_push_blocking
 .text.multicore_fifo_pop_blocking
                0x10007776       0x16 src/CMakeFiles/radio.dir/home/arca/pico/pico-sdk/src/rp2_common/pico_multicore/multicore.c.obj
                0x10007776                multicore_fifo_pop_blocking
 .text.multicore_launch_core1_raw
                0x1000778c       0x70 src/CMakeFiles/radio.dir/home/arca/pico/pico-sdk/src/rp2_common/pico_multicore/multicore.c.obj
                0x1000778c                multicore_launch_core1_raw
 .text.multicore_launch_core1_with_stack
                0x100077fc       0x50 src/CMakeFiles/radio.dir/home/arca/pico/pico-sdk/src/rp2_common/pico_multicore/multicore.c.obj
                0x100077fc                multicore_launch_core1_with_stack
 .text.multicore_launch_core1
                0x1000784c       0x24 src/CMakeFiles/radio.dir/home/arca/pico/pico-sdk/src/rp2_common/pico_multicore/multicore.c.obj
                0x1000784c                multicore_launch_core1
 .text.clear_lwip_context
                0x10007870       0x10 src/CMakeFiles/radio.dir/home/arca/pico/pico-sdk/src/rp2_common/pico_lwip/lwip_freertos.c.obj
 .text.tcpip_init_done
                0x10007880        0xe src/CMakeFiles/radio.dir/home/arca/pico/pico-sdk/src/rp2_common/pico_lwip/lwip_freertos.c.obj
 *fill*         0x1000788e        0x2 
 .text.lwip_freertos_init
                0x10007890       0x8c src/CMakeFiles/radio.dir/home/arca/pico/pico-sdk/src/rp2_common/pico_lwip/lwip_freertos.c.obj
                0x10007890                lwip_freertos_init
 .text.lwip_freertos_deinit
                0x1000791c       0x14 src/CMakeFiles/radio.dir/home/arca/pico/pico-sdk/src/rp2_common/pico_lwip/lwip_freertos.c.obj
                0x1000791c                lwip_freertos_deinit
 .text.pico_lwip_custom_lock_tcpip_core
                0x10007930       0x2c src/CMakeFiles/radio.dir/home/arca/pico/pico-sdk/src/rp2_common/pico_lwip/lwip_freertos.c.obj
                0x10007930                pico_lwip_custom_lock_tcpip_core
 .text.pico_lwip_custom_unlock_tcpip_core
                0x1000795c       0x14 src/CMakeFiles/radio.dir/home/arca/pico/pico-sdk/src/rp2_common/pico_lwip/lwip_freertos.c.obj
                0x1000795c                pico_lwip_custom_unlock_tcpip_core
 .text.is_at_the_end_of_time
                0x10007970       0x1c src/CMakeFiles/radio.dir/home/arca/pico/pico-sdk/src/rp2_common/pico_async_context/async_context_base.c.obj
 .text.update_us_since_boot
                0x1000798c       0x24 src/CMakeFiles/radio.dir/home/arca/pico/pico-sdk/src/rp2_common/pico_async_context/async_context_base.c.obj
 .text.get_absolute_time
                0x100079b0       0x22 src/CMakeFiles/radio.dir/home/arca/pico/pico-sdk/src/rp2_common/pico_async_context/async_context_base.c.obj
 .text.async_context_base_add_at_time_worker
                0x100079d2       0x1c src/CMakeFiles/radio.dir/home/arca/pico/pico-sdk/src/rp2_common/pico_async_context/async_context_base.c.obj
                0x100079d2                async_context_base_add_at_time_worker
 .text.async_context_base_remove_at_time_worker
                0x100079ee       0x1c src/CMakeFiles/radio.dir/home/arca/pico/pico-sdk/src/rp2_common/pico_async_context/async_context_base.c.obj
                0x100079ee                async_context_base_remove_at_time_worker
 .text.async_context_base_add_when_pending_worker
                0x10007a0a       0x1c src/CMakeFiles/radio.dir/home/arca/pico/pico-sdk/src/rp2_common/pico_async_context/async_context_base.c.obj
                0x10007a0a                async_context_base_add_when_pending_worker
 .text.async_context_base_remove_when_pending_worker
                0x10007a26       0x1c src/CMakeFiles/radio.dir/home/arca/pico/pico-sdk/src/rp2_common/pico_async_context/async_context_base.c.obj
                0x10007a26                async_context_base_remove_when_pending_worker
 *fill*         0x10007a42        0x2 
 .text.async_context_base_remove_ready_at_time_worker
                0x10007a44       0x78 src/CMakeFiles/radio.dir/home/arca/pico/pico-sdk/src/rp2_common/pico_async_context/async_context_base.c.obj
                0x10007a44                async_context_base_remove_ready_at_time_worker
 .text.async_context_base_refresh_next_timeout
                0x10007abc       0x3c src/CMakeFiles/radio.dir/home/arca/pico/pico-sdk/src/rp2_common/pico_async_context/async_context_base.c.obj
                0x10007abc                async_context_base_refresh_next_timeout
 .text.async_context_base_execute_once
                0x10007af8       0x48 src/CMakeFiles/radio.dir/home/arca/pico/pico-sdk/src/rp2_common/pico_async_context/async_context_base.c.obj
                0x10007af8                async_context_base_execute_once
 .text.lwip_init
                0x10007b40       0x28 src/CMakeFiles/radio.dir/home/arca/pico/pico-sdk/lib/lwip/src/core/init.c.obj
                0x10007b40                lwip_init
 .text.lwip_htons
                0x10007b68        0xa src/CMakeFiles/radio.dir/home/arca/pico/pico-sdk/lib/lwip/src/core/def.c.obj
                0x10007b68                lwip_htons
 .text.lwip_htonl
                0x10007b72       0x1e src/CMakeFiles/radio.dir/home/arca/pico/pico-sdk/lib/lwip/src/core/def.c.obj
                0x10007b72                lwip_htonl
 .text.dns_backupserver_available
                0x10007b90       0x28 src/CMakeFiles/radio.dir/home/arca/pico/pico-sdk/lib/lwip/src/core/dns.c.obj
 .text.dns_create_txid
                0x10007bb8       0x3c src/CMakeFiles/radio.dir/home/arca/pico/pico-sdk/lib/lwip/src/core/dns.c.obj
 .text.dns_call_found
                0x10007bf4       0xf4 src/CMakeFiles/radio.dir/home/arca/pico/pico-sdk/lib/lwip/src/core/dns.c.obj
 .text.dns_send
                0x10007ce8      0x17c src/CMakeFiles/radio.dir/home/arca/pico/pico-sdk/lib/lwip/src/core/dns.c.obj
 .text.dns_check_entry
                0x10007e64      0x11c src/CMakeFiles/radio.dir/home/arca/pico/pico-sdk/lib/lwip/src/core/dns.c.obj
 .text.dns_check_entries
                0x10007f80       0x16 src/CMakeFiles/radio.dir/home/arca/pico/pico-sdk/lib/lwip/src/core/dns.c.obj
 .text.dns_init
                0x10007f96        0x2 src/CMakeFiles/radio.dir/home/arca/pico/pico-sdk/lib/lwip/src/core/dns.c.obj
                0x10007f96                dns_init
 .text.dns_setserver
                0x10007f98       0x28 src/CMakeFiles/radio.dir/home/arca/pico/pico-sdk/lib/lwip/src/core/dns.c.obj
                0x10007f98                dns_setserver
 .text.dns_tmr  0x10007fc0        0x8 src/CMakeFiles/radio.dir/home/arca/pico/pico-sdk/lib/lwip/src/core/dns.c.obj
                0x10007fc0                dns_tmr
 .text.lwip_standard_chksum
                0x10007fc8       0xa0 src/CMakeFiles/radio.dir/home/arca/pico/pico-sdk/lib/lwip/src/core/inet_chksum.c.obj
                0x10007fc8                lwip_standard_chksum
 .text.inet_cksum_pseudo_base
                0x10008068       0x82 src/CMakeFiles/radio.dir/home/arca/pico/pico-sdk/lib/lwip/src/core/inet_chksum.c.obj
 .text.inet_chksum_pseudo
                0x100080ea       0x30 src/CMakeFiles/radio.dir/home/arca/pico/pico-sdk/lib/lwip/src/core/inet_chksum.c.obj
                0x100080ea                inet_chksum_pseudo
 .text.ip_chksum_pseudo
                0x1000811a       0x10 src/CMakeFiles/radio.dir/home/arca/pico/pico-sdk/lib/lwip/src/core/inet_chksum.c.obj
                0x1000811a                ip_chksum_pseudo
 .text.inet_chksum
                0x1000812a        0xc src/CMakeFiles/radio.dir/home/arca/pico/pico-sdk/lib/lwip/src/core/inet_chksum.c.obj
                0x1000812a                inet_chksum
 .text.inet_chksum_pbuf
                0x10008136       0x52 src/CMakeFiles/radio.dir/home/arca/pico/pico-sdk/lib/lwip/src/core/inet_chksum.c.obj
                0x10008136                inet_chksum_pbuf
 .text.ptr_to_mem
                0x10008188        0xc src/CMakeFiles/radio.dir/home/arca/pico/pico-sdk/lib/lwip/src/core/mem.c.obj
 .text.mem_to_ptr
                0x10008194       0x10 src/CMakeFiles/radio.dir/home/arca/pico/pico-sdk/lib/lwip/src/core/mem.c.obj
 .text.mem_link_valid
                0x100081a4       0x5c src/CMakeFiles/radio.dir/home/arca/pico/pico-sdk/lib/lwip/src/core/mem.c.obj
 .text.plug_holes
                0x10008200       0xd0 src/CMakeFiles/radio.dir/home/arca/pico/pico-sdk/lib/lwip/src/core/mem.c.obj
 .text.mem_init
                0x100082d0       0x58 src/CMakeFiles/radio.dir/home/arca/pico/pico-sdk/lib/lwip/src/core/mem.c.obj
                0x100082d0                mem_init
 .text.mem_free
                0x10008328       0x94 src/CMakeFiles/radio.dir/home/arca/pico/pico-sdk/lib/lwip/src/core/mem.c.obj
                0x10008328                mem_free
 .text.mem_trim
                0x100083bc      0x14c src/CMakeFiles/radio.dir/home/arca/pico/pico-sdk/lib/lwip/src/core/mem.c.obj
                0x100083bc                mem_trim
 .text.mem_malloc
                0x10008508      0x14c src/CMakeFiles/radio.dir/home/arca/pico/pico-sdk/lib/lwip/src/core/mem.c.obj
                0x10008508                mem_malloc
 .text.do_memp_malloc_pool
                0x10008654       0x30 src/CMakeFiles/radio.dir/home/arca/pico/pico-sdk/lib/lwip/src/core/memp.c.obj
 .text.do_memp_free_pool
                0x10008684       0x28 src/CMakeFiles/radio.dir/home/arca/pico/pico-sdk/lib/lwip/src/core/memp.c.obj
 .text.memp_init_pool
                0x100086ac       0x2a src/CMakeFiles/radio.dir/home/arca/pico/pico-sdk/lib/lwip/src/core/memp.c.obj
                0x100086ac                memp_init_pool
 *fill*         0x100086d6        0x2 
 .text.memp_init
                0x100086d8       0x20 src/CMakeFiles/radio.dir/home/arca/pico/pico-sdk/lib/lwip/src/core/memp.c.obj
                0x100086d8                memp_init
 .text.memp_malloc
                0x100086f8       0x24 src/CMakeFiles/radio.dir/home/arca/pico/pico-sdk/lib/lwip/src/core/memp.c.obj
                0x100086f8                memp_malloc
 .text.memp_free
                0x1000871c       0x28 src/CMakeFiles/radio.dir/home/arca/pico/pico-sdk/lib/lwip/src/core/memp.c.obj
                0x1000871c                memp_free
 .text.netif_do_set_netmask
                0x10008744       0x12 src/CMakeFiles/radio.dir/home/arca/pico/pico-sdk/lib/lwip/src/core/netif.c.obj
 .text.netif_do_set_gw
                0x10008756       0x12 src/CMakeFiles/radio.dir/home/arca/pico/pico-sdk/lib/lwip/src/core/netif.c.obj
 .text.netif_null_output_ip4
                0x10008768        0x6 src/CMakeFiles/radio.dir/home/arca/pico/pico-sdk/lib/lwip/src/core/netif.c.obj
 .text.netif_do_ip_addr_changed
                0x1000876e       0x1c src/CMakeFiles/radio.dir/home/arca/pico/pico-sdk/lib/lwip/src/core/netif.c.obj
 *fill*         0x1000878a        0x2 
 .text.netif_issue_reports
                0x1000878c       0x34 src/CMakeFiles/radio.dir/home/arca/pico/pico-sdk/lib/lwip/src/core/netif.c.obj
 .text.netif_do_set_ipaddr
                0x100087c0       0x54 src/CMakeFiles/radio.dir/home/arca/pico/pico-sdk/lib/lwip/src/core/netif.c.obj
 .text.netif_init
                0x10008814        0x2 src/CMakeFiles/radio.dir/home/arca/pico/pico-sdk/lib/lwip/src/core/netif.c.obj
                0x10008814                netif_init
 *fill*         0x10008816        0x2 
 .text.netif_set_addr
                0x10008818       0x78 src/CMakeFiles/radio.dir/home/arca/pico/pico-sdk/lib/lwip/src/core/netif.c.obj
                0x10008818                netif_set_addr
 .text.netif_add
                0x10008890      0x124 src/CMakeFiles/radio.dir/home/arca/pico/pico-sdk/lib/lwip/src/core/netif.c.obj
                0x10008890                netif_add
 .text.netif_set_default
                0x100089b4        0xc src/CMakeFiles/radio.dir/home/arca/pico/pico-sdk/lib/lwip/src/core/netif.c.obj
                0x100089b4                netif_set_default
 .text.netif_set_up
                0x100089c0       0x34 src/CMakeFiles/radio.dir/home/arca/pico/pico-sdk/lib/lwip/src/core/netif.c.obj
                0x100089c0                netif_set_up
 .text.netif_set_down
                0x100089f4       0x3c src/CMakeFiles/radio.dir/home/arca/pico/pico-sdk/lib/lwip/src/core/netif.c.obj
                0x100089f4                netif_set_down
 .text.netif_remove
                0x10008a30       0x64 src/CMakeFiles/radio.dir/home/arca/pico/pico-sdk/lib/lwip/src/core/netif.c.obj
                0x10008a30                netif_remove
 .text.netif_set_link_up
                0x10008a94       0x3c src/CMakeFiles/radio.dir/home/arca/pico/pico-sdk/lib/lwip/src/core/netif.c.obj
                0x10008a94                netif_set_link_up
 .text.netif_set_link_down
                0x10008ad0       0x2c src/CMakeFiles/radio.dir/home/arca/pico/pico-sdk/lib/lwip/src/core/netif.c.obj
                0x10008ad0                netif_set_link_down
 .text.netif_get_by_index
                0x10008afc       0x24 src/CMakeFiles/radio.dir/home/arca/pico/pico-sdk/lib/lwip/src/core/netif.c.obj
                0x10008afc                netif_get_by_index
 .text.pbuf_init_alloced_pbuf
                0x10008b20       0x20 src/CMakeFiles/radio.dir/home/arca/pico/pico-sdk/lib/lwip/src/core/pbuf.c.obj
 .text.pbuf_skip_const
                0x10008b40       0x1a src/CMakeFiles/radio.dir/home/arca/pico/pico-sdk/lib/lwip/src/core/pbuf.c.obj
 *fill*         0x10008b5a        0x2 
 .text.pbuf_add_header_impl
                0x10008b5c       0x68 src/CMakeFiles/radio.dir/home/arca/pico/pico-sdk/lib/lwip/src/core/pbuf.c.obj
 .text.pbuf_pool_is_empty
                0x10008bc4       0x40 src/CMakeFiles/radio.dir/home/arca/pico/pico-sdk/lib/lwip/src/core/pbuf.c.obj
 .text.pbuf_free_ooseq
                0x10008c04       0x30 src/CMakeFiles/radio.dir/home/arca/pico/pico-sdk/lib/lwip/src/core/pbuf.c.obj
 .text.pbuf_free_ooseq_callback
                0x10008c34        0x8 src/CMakeFiles/radio.dir/home/arca/pico/pico-sdk/lib/lwip/src/core/pbuf.c.obj
 .text.pbuf_alloc_reference
                0x10008c3c       0x3c src/CMakeFiles/radio.dir/home/arca/pico/pico-sdk/lib/lwip/src/core/pbuf.c.obj
                0x10008c3c                pbuf_alloc_reference
 .text.pbuf_add_header
                0x10008c78        0xa src/CMakeFiles/radio.dir/home/arca/pico/pico-sdk/lib/lwip/src/core/pbuf.c.obj
                0x10008c78                pbuf_add_header
 *fill*         0x10008c82        0x2 
 .text.pbuf_remove_header
                0x10008c84       0x50 src/CMakeFiles/radio.dir/home/arca/pico/pico-sdk/lib/lwip/src/core/pbuf.c.obj
                0x10008c84                pbuf_remove_header
 .text.pbuf_header_impl
                0x10008cd4       0x14 src/CMakeFiles/radio.dir/home/arca/pico/pico-sdk/lib/lwip/src/core/pbuf.c.obj
 .text.pbuf_header_force
                0x10008ce8        0xa src/CMakeFiles/radio.dir/home/arca/pico/pico-sdk/lib/lwip/src/core/pbuf.c.obj
                0x10008ce8                pbuf_header_force
 *fill*         0x10008cf2        0x2 
 .text.pbuf_free
                0x10008cf4       0x7c src/CMakeFiles/radio.dir/home/arca/pico/pico-sdk/lib/lwip/src/core/pbuf.c.obj
                0x10008cf4                pbuf_free
 .text.pbuf_alloc
                0x10008d70      0x144 src/CMakeFiles/radio.dir/home/arca/pico/pico-sdk/lib/lwip/src/core/pbuf.c.obj
                0x10008d70                pbuf_alloc
 .text.pbuf_realloc
                0x10008eb4       0x84 src/CMakeFiles/radio.dir/home/arca/pico/pico-sdk/lib/lwip/src/core/pbuf.c.obj
                0x10008eb4                pbuf_realloc
 .text.pbuf_clen
                0x10008f38       0x12 src/CMakeFiles/radio.dir/home/arca/pico/pico-sdk/lib/lwip/src/core/pbuf.c.obj
                0x10008f38                pbuf_clen
 *fill*         0x10008f4a        0x2 
 .text.pbuf_ref
                0x10008f4c       0x28 src/CMakeFiles/radio.dir/home/arca/pico/pico-sdk/lib/lwip/src/core/pbuf.c.obj
                0x10008f4c                pbuf_ref
 .text.pbuf_cat
                0x10008f74       0x44 src/CMakeFiles/radio.dir/home/arca/pico/pico-sdk/lib/lwip/src/core/pbuf.c.obj
                0x10008f74                pbuf_cat
 .text.pbuf_chain
                0x10008fb8       0x10 src/CMakeFiles/radio.dir/home/arca/pico/pico-sdk/lib/lwip/src/core/pbuf.c.obj
                0x10008fb8                pbuf_chain
 .text.pbuf_copy_partial_pbuf
                0x10008fc8      0x13c src/CMakeFiles/radio.dir/home/arca/pico/pico-sdk/lib/lwip/src/core/pbuf.c.obj
                0x10008fc8                pbuf_copy_partial_pbuf
 .text.pbuf_copy
                0x10009104       0x20 src/CMakeFiles/radio.dir/home/arca/pico/pico-sdk/lib/lwip/src/core/pbuf.c.obj
                0x10009104                pbuf_copy
 .text.pbuf_copy_partial
                0x10009124       0x88 src/CMakeFiles/radio.dir/home/arca/pico/pico-sdk/lib/lwip/src/core/pbuf.c.obj
                0x10009124                pbuf_copy_partial
 .text.pbuf_skip
                0x100091ac        0x8 src/CMakeFiles/radio.dir/home/arca/pico/pico-sdk/lib/lwip/src/core/pbuf.c.obj
                0x100091ac                pbuf_skip
 .text.pbuf_take
                0x100091b4       0x98 src/CMakeFiles/radio.dir/home/arca/pico/pico-sdk/lib/lwip/src/core/pbuf.c.obj
                0x100091b4                pbuf_take
 .text.pbuf_take_at
                0x1000924c       0x70 src/CMakeFiles/radio.dir/home/arca/pico/pico-sdk/lib/lwip/src/core/pbuf.c.obj
                0x1000924c                pbuf_take_at
 .text.pbuf_clone
                0x100092bc       0x2c src/CMakeFiles/radio.dir/home/arca/pico/pico-sdk/lib/lwip/src/core/pbuf.c.obj
                0x100092bc                pbuf_clone
 .text.pbuf_put_at
                0x100092e8       0x26 src/CMakeFiles/radio.dir/home/arca/pico/pico-sdk/lib/lwip/src/core/pbuf.c.obj
                0x100092e8                pbuf_put_at
 *fill*         0x1000930e        0x2 
 .text.raw_input_local_match
                0x10009310       0x5c src/CMakeFiles/radio.dir/home/arca/pico/pico-sdk/lib/lwip/src/core/raw.c.obj
 .text.raw_input
                0x1000936c       0xb4 src/CMakeFiles/radio.dir/home/arca/pico/pico-sdk/lib/lwip/src/core/raw.c.obj
                0x1000936c                raw_input
 .text.raw_netif_ip_addr_changed
                0x10009420       0x38 src/CMakeFiles/radio.dir/home/arca/pico/pico-sdk/lib/lwip/src/core/raw.c.obj
                0x10009420                raw_netif_ip_addr_changed
 .text.stats_init
                0x10009458        0x2 src/CMakeFiles/radio.dir/home/arca/pico/pico-sdk/lib/lwip/src/core/stats.c.obj
                0x10009458                stats_init
 *fill*         0x1000945a        0x2 
 .text.tcp_remove_listener
                0x1000945c       0x24 src/CMakeFiles/radio.dir/home/arca/pico/pico-sdk/lib/lwip/src/core/tcp.c.obj
 .text.tcp_listen_closed
                0x10009480       0x40 src/CMakeFiles/radio.dir/home/arca/pico/pico-sdk/lib/lwip/src/core/tcp.c.obj
 .text.tcp_free_listen
                0x100094c0       0x1c src/CMakeFiles/radio.dir/home/arca/pico/pico-sdk/lib/lwip/src/core/tcp.c.obj
 .text.tcp_close_shutdown_fin
                0x100094dc       0x64 src/CMakeFiles/radio.dir/home/arca/pico/pico-sdk/lib/lwip/src/core/tcp.c.obj
 .text.tcp_handle_closepend
                0x10009540       0x28 src/CMakeFiles/radio.dir/home/arca/pico/pico-sdk/lib/lwip/src/core/tcp.c.obj
 .text.tcp_init
                0x10009568       0x20 src/CMakeFiles/radio.dir/home/arca/pico/pico-sdk/lib/lwip/src/core/tcp.c.obj
                0x10009568                tcp_init
 .text.tcp_free
                0x10009588       0x1c src/CMakeFiles/radio.dir/home/arca/pico/pico-sdk/lib/lwip/src/core/tcp.c.obj
                0x10009588                tcp_free
 .text.tcp_update_rcv_ann_wnd
                0x100095a4       0x58 src/CMakeFiles/radio.dir/home/arca/pico/pico-sdk/lib/lwip/src/core/tcp.c.obj
                0x100095a4                tcp_update_rcv_ann_wnd
 .text.tcp_recved
                0x100095fc       0x60 src/CMakeFiles/radio.dir/home/arca/pico/pico-sdk/lib/lwip/src/core/tcp.c.obj
                0x100095fc                tcp_recved
 .text.tcp_seg_free
                0x1000965c       0x1a src/CMakeFiles/radio.dir/home/arca/pico/pico-sdk/lib/lwip/src/core/tcp.c.obj
                0x1000965c                tcp_seg_free
 .text.tcp_segs_free
                0x10009676       0x12 src/CMakeFiles/radio.dir/home/arca/pico/pico-sdk/lib/lwip/src/core/tcp.c.obj
                0x10009676                tcp_segs_free
 .text.tcp_seg_copy
                0x10009688       0x2c src/CMakeFiles/radio.dir/home/arca/pico/pico-sdk/lib/lwip/src/core/tcp.c.obj
                0x10009688                tcp_seg_copy
 .text.tcp_next_iss
                0x100096b4       0x28 src/CMakeFiles/radio.dir/home/arca/pico/pico-sdk/lib/lwip/src/core/tcp.c.obj
                0x100096b4                tcp_next_iss
 .text.tcp_eff_send_mss_netif
                0x100096dc       0x34 src/CMakeFiles/radio.dir/home/arca/pico/pico-sdk/lib/lwip/src/core/tcp.c.obj
                0x100096dc                tcp_eff_send_mss_netif
 .text.tcp_free_ooseq
                0x10009710       0x14 src/CMakeFiles/radio.dir/home/arca/pico/pico-sdk/lib/lwip/src/core/tcp.c.obj
                0x10009710                tcp_free_ooseq
 .text.tcp_pcb_purge
                0x10009724       0x58 src/CMakeFiles/radio.dir/home/arca/pico/pico-sdk/lib/lwip/src/core/tcp.c.obj
                0x10009724                tcp_pcb_purge
 .text.tcp_pcb_remove
                0x1000977c       0xa4 src/CMakeFiles/radio.dir/home/arca/pico/pico-sdk/lib/lwip/src/core/tcp.c.obj
                0x1000977c                tcp_pcb_remove
 .text.tcp_abandon
                0x10009820      0x10c src/CMakeFiles/radio.dir/home/arca/pico/pico-sdk/lib/lwip/src/core/tcp.c.obj
                0x10009820                tcp_abandon
 .text.tcp_abort
                0x1000992c        0xa src/CMakeFiles/radio.dir/home/arca/pico/pico-sdk/lib/lwip/src/core/tcp.c.obj
                0x1000992c                tcp_abort
 *fill*         0x10009936        0x2 
 .text.tcp_kill_timewait
                0x10009938       0x38 src/CMakeFiles/radio.dir/home/arca/pico/pico-sdk/lib/lwip/src/core/tcp.c.obj
 .text.tcp_kill_prio
                0x10009970       0x58 src/CMakeFiles/radio.dir/home/arca/pico/pico-sdk/lib/lwip/src/core/tcp.c.obj
 .text.tcp_netif_ip_addr_changed_pcblist
                0x100099c8       0x30 src/CMakeFiles/radio.dir/home/arca/pico/pico-sdk/lib/lwip/src/core/tcp.c.obj
 .text.tcp_netif_ip_addr_changed
                0x100099f8       0x54 src/CMakeFiles/radio.dir/home/arca/pico/pico-sdk/lib/lwip/src/core/tcp.c.obj
                0x100099f8                tcp_netif_ip_addr_changed
 .text.tcp_kill_state
                0x10009a4c       0x54 src/CMakeFiles/radio.dir/home/arca/pico/pico-sdk/lib/lwip/src/core/tcp.c.obj
 .text.tcp_alloc
                0x10009aa0       0xc8 src/CMakeFiles/radio.dir/home/arca/pico/pico-sdk/lib/lwip/src/core/tcp.c.obj
                0x10009aa0                tcp_alloc
 .text.tcp_close_shutdown
                0x10009b68      0x13c src/CMakeFiles/radio.dir/home/arca/pico/pico-sdk/lib/lwip/src/core/tcp.c.obj
 .text.tcp_close
                0x10009ca4       0x2c src/CMakeFiles/radio.dir/home/arca/pico/pico-sdk/lib/lwip/src/core/tcp.c.obj
                0x10009ca4                tcp_close
 .text.tcp_recv_null
                0x10009cd0       0x3c src/CMakeFiles/radio.dir/home/arca/pico/pico-sdk/lib/lwip/src/core/tcp.c.obj
                0x10009cd0                tcp_recv_null
 .text.tcp_process_refused_data
                0x10009d0c       0x88 src/CMakeFiles/radio.dir/home/arca/pico/pico-sdk/lib/lwip/src/core/tcp.c.obj
                0x10009d0c                tcp_process_refused_data
 .text.tcp_fasttmr
                0x10009d94       0x80 src/CMakeFiles/radio.dir/home/arca/pico/pico-sdk/lib/lwip/src/core/tcp.c.obj
                0x10009d94                tcp_fasttmr
 .text.tcp_slowtmr
                0x10009e14      0x44c src/CMakeFiles/radio.dir/home/arca/pico/pico-sdk/lib/lwip/src/core/tcp.c.obj
                0x10009e14                tcp_slowtmr
 .text.tcp_tmr  0x1000a260       0x20 src/CMakeFiles/radio.dir/home/arca/pico/pico-sdk/lib/lwip/src/core/tcp.c.obj
                0x1000a260                tcp_tmr
 .text.tcp_get_next_optbyte
                0x1000a280       0x40 src/CMakeFiles/radio.dir/home/arca/pico/pico-sdk/lib/lwip/src/core/tcp_in.c.obj
 .text.tcp_parseopt