Archive member included to satisfy reference by file (symbol)

/usr/lib/gcc/arm-none-eabi/13.2.0/thumb/v6-m/nofp/libgcc.a(_dvmd_tls.o)
                              src/CMakeFiles/radio.dir/home/arca/pico/pico-sdk/src/rp2_common/pico_divider/divider.S.obj (__aeabi_idiv0)
/usr/lib/gcc/arm-none-eabi/13.2.0/../../../../arm-none-eabi/lib/thumb/v6-m/nofp/libg.a(lib_a-atexit.o)
                              /usr/lib/gcc/arm-none-eabi/13.2.0/../../../../arm-none-eabi/lib/thumb/v6-m/nofp/crt0.o (atexit)
/usr/lib/gcc/arm-none-eabi/13.2.0/../../../../arm-none-eabi/lib/thumb/v6-m/nofp/libg.a(lib_a-atoi.o)
                              src/CMakeFiles/radio.dir/home/arca/pico/pico-sdk/lib/lwip/src/core/netif.c.obj (atoi)
/usr/lib/gcc/arm-none-eabi/13.2.0/../../../../arm-none-eabi/lib/thumb/v6-m/nofp/libg.a(lib_a-calloc.o)
                              src/CMakeFiles/radio.dir/home/arca/pico/pico-sdk/src/rp2_common/pico_malloc/pico_malloc.c.obj (calloc)
/usr/lib/gcc/arm-none-eabi/13.2.0/../../../../arm-none-eabi/lib/thumb/v6-m/nofp/libg.a(lib_a-callocr.o)
                              /usr/lib/gcc/arm-none-eabi/13.2.0/../../../../arm-none-eabi/lib/thumb/v6-m/nofp/libg.a(lib_a-calloc.o) (_calloc_r)
/usr/lib/gcc/arm-none-eabi/13.2.0/../../../../arm-none-eabi/lib/thumb/v6-m/nofp/libg.a(lib_a-ctype_.o)
                              src/CMakeFiles/radio.dir/home/arca/pico/pico-sdk/lib/lwip/src/core/dns.c.obj (_ctype_)
/usr/lib/gcc/arm-none-eabi/13.2.0/../../../../arm-none-eabi/lib/thumb/v6-m/nofp/libg.a(lib_a-errno.o)
                              /usr/lib/gcc/arm-none-eabi/13.2.0/../../../../arm-none-eabi/lib/thumb/v6-m/nofp/libg.a(lib_a-callocr.o) (__errno)
/usr/lib/gcc/arm-none-eabi/13.2.0/../../../../arm-none-eabi/lib/thumb/v6-m/nofp/libg.a(lib_a-fini.o)
                              /usr/lib/gcc/arm-none-eabi/13.2.0/../../../../arm-none-eabi/lib/thumb/v6-m/nofp/crt0.o (__libc_fini_array)
/usr/lib/gcc/arm-none-eabi/13.2.0/../../../../arm-none-eabi/lib/thumb/v6-m/nofp/libg.a(lib_a-impure.o)
                              /usr/lib/gcc/arm-none-eabi/13.2.0/../../../../arm-none-eabi/lib/thumb/v6-m/nofp/libg.a(lib_a-calloc.o) (_impure_ptr)
/usr/lib/gcc/arm-none-eabi/13.2.0/../../../../arm-none-eabi/lib/thumb/v6-m/nofp/libg.a(lib_a-init.o)
                              /usr/lib/gcc/arm-none-eabi/13.2.0/../../../../arm-none-eabi/lib/thumb/v6-m/nofp/crt0.o (__libc_init_array)
/usr/lib/gcc/arm-none-eabi/13.2.0/../../../../arm-none-eabi/lib/thumb/v6-m/nofp/libg.a(lib_a-malloc.o)
                              src/CMakeFiles/radio.dir/home/arca/pico/pico-sdk/src/rp2_common/pico_malloc/pico_malloc.c.obj (malloc)
/usr/lib/gcc/arm-none-eabi/13.2.0/../../../../arm-none-eabi/lib/thumb/v6-m/nofp/libg.a(lib_a-mallocr.o)
                              /usr/lib/gcc/arm-none-eabi/13.2.0/../../../../arm-none-eabi/lib/thumb/v6-m/nofp/libg.a(lib_a-callocr.o) (_malloc_r)
/usr/lib/gcc/arm-none-eabi/13.2.0/../../../../arm-none-eabi/lib/thumb/v6-m/nofp/libg.a(lib_a-memcmp.o)
                              src/CMakeFiles/radio.dir/home/arca/pico/pico-sdk/lib/lwip/src/netif/ethernet.c.obj (memcmp)
/usr/lib/gcc/arm-none-eabi/13.2.0/../../../../arm-none-eabi/lib/thumb/v6-m/nofp/libg.a(lib_a-memmove.o)
                              src/CMakeFiles/radio.dir/home/arca/pico/pico-sdk/lib/lwip/src/core/def.c.obj (memmove)
/usr/lib/gcc/arm-none-eabi/13.2.0/../../../../arm-none-eabi/lib/thumb/v6-m/nofp/libg.a(lib_a-mlock.o)
                              /usr/lib/gcc/arm-none-eabi/13.2.0/../../../../arm-none-eabi/lib/thumb/v6-m/nofp/libg.a(lib_a-mallocr.o) (__malloc_lock)
/usr/lib/gcc/arm-none-eabi/13.2.0/../../../../arm-none-eabi/lib/thumb/v6-m/nofp/libg.a(lib_a-realloc.o)
                              src/CMakeFiles/radio.dir/home/arca/pico/pico-sdk/src/rp2_common/pico_malloc/pico_malloc.c.obj (realloc)
/usr/lib/gcc/arm-none-eabi/13.2.0/../../../../arm-none-eabi/lib/thumb/v6-m/nofp/libg.a(lib_a-reallocr.o)
                              /usr/lib/gcc/arm-none-eabi/13.2.0/../../../../arm-none-eabi/lib/thumb/v6-m/nofp/libg.a(lib_a-realloc.o) (_realloc_r)
/usr/lib/gcc/arm-none-eabi/13.2.0/../../../../arm-none-eabi/lib/thumb/v6-m/nofp/libg.a(lib_a-reent.o)
                              src/CMakeFiles/radio.dir/home/arca/pico/pico-sdk/lib/lwip/src/api/if_api.c.obj (errno)
/usr/lib/gcc/arm-none-eabi/13.2.0/../../../../arm-none-eabi/lib/thumb/v6-m/nofp/libg.a(lib_a-sbrkr.o)
                              /usr/lib/gcc/arm-none-eabi/13.2.0/../../../../arm-none-eabi/lib/thumb/v6-m/nofp/libg.a(lib_a-mallocr.o) (_sbrk_r)
/usr/lib/gcc/arm-none-eabi/13.2.0/../../../../arm-none-eabi/lib/thumb/v6-m/nofp/libg.a(lib_a-strcat.o)
                              src/CMakeFiles/radio.dir/httpclient.c.obj (strcat)
/usr/lib/gcc/arm-none-eabi/13.2.0/../../../../arm-none-eabi/lib/thumb/v6-m/nofp/libg.a(lib_a-strchr.o)
                              src/CMakeFiles/radio.dir/home/arca/pico/pico-sdk/lib/lwip/src/apps/http/httpd.c.obj (strchr)
[...]
Memory Configuration

Name             Origin             Length             Attributes
FLASH            0x10000000         0x00200000         xr
RAM              0x20000000         0x00040000         xrw
SCRATCH_X        0x20040000         0x00001000         xrw
SCRATCH_Y        0x20041000         0x00001000         xrw
*default*        0x00000000         0xffffffff

Linker script and memory map

LOAD /usr/lib/gcc/arm-none-eabi/13.2.0/thumb/v6-m/nofp/crti.o
LOAD /usr/lib/gcc/arm-none-eabi/13.2.0/thumb/v6-m/nofp/crtbegin.o
LOAD /usr/lib/gcc/arm-none-eabi/13.2.0/../../../../arm-none-eabi/lib/thumb/v6-m/nofp/crt0.o

.flash_begin    0x10000000        0x0
                0x10000000                        __flash_binary_start = .

.boot2          0x10000000      0x100
                0x10000000                        __boot2_start__ = .
 *(.boot2)
 .boot2         0x10000000      0x100 /tmp/ccmIE7ub.o
                0x10000100                        __boot2_end__ = .
                0x00000001                        ASSERT (((__boot2_end__ - __boot2_start__) == 0x100), ERROR: Pico second stage bootloader must be 256 bytes in size)

.text           0x10000100    0x1b648
                0x10000100                        __logical_binary_start = .
 *(.vectors)
 .vectors       0x10000100       0xd4 src/CMakeFiles/radio.dir/home/arca/pico/pico-sdk/src/rp2_common/pico_standard_link/crt0.S.obj
                0x10000100                __vectors
                0x10000100                __VECTOR_TABLE
                0x100001c0                isr_invalid
                0x100001c0                __default_isrs_start
                0x100001c2                isr_nmi
                0x100001c4                isr_hardfault
                0x100001c6                isr_svcall
                0x100001c8                isr_pendsv
                0x100001ca                isr_systick
                0x100001cc                isr_irq30
                0x100001cc                __unhandled_user_irq
                0x100001cc                isr_irq13
                0x100001cc                isr_irq27
                0x100001cc                isr_irq31
                0x100001cc                isr_irq5
                0x100001cc                isr_irq11
                0x100001cc                isr_irq23
                0x100001cc                isr_irq18
                0x100001cc                isr_irq28
                0x100001cc                isr_irq19
                0x100001cc                isr_irq0
                0x100001cc                isr_irq6
                0x100001cc                isr_irq22
                0x100001cc                isr_irq17
                0x100001cc                isr_irq14
                0x100001cc                isr_irq2
                0x100001cc                isr_irq10
                0x100001cc                isr_irq8
                0x100001cc                isr_irq24
                0x100001cc                isr_irq1
                0x100001cc                isr_irq7
                0x100001cc                isr_irq21
                0x100001cc                isr_irq20
                0x100001cc                isr_irq15
                0x100001cc                isr_irq25
                0x100001cc                isr_irq4
                0x100001cc                isr_irq16
                0x100001cc                isr_irq29
                0x100001cc                isr_irq26
                0x100001cc                __default_isrs_end
                0x100001cc                isr_irq3
                0x100001cc                isr_irq12
                0x100001cc                isr_irq9
                0x100001d2                unhandled_user_irq_num_in_r0
 *(.binary_info_header)
 .binary_info_header
                0x100001d4       0x14 src/CMakeFiles/radio.dir/home/arca/pico/pico-sdk/src/rp2_common/pico_standard_link/crt0.S.obj
                0x100001e8                        __binary_info_header_end = .
 *(.reset)
 .reset         0x100001e8       0xa0 src/CMakeFiles/radio.dir/home/arca/pico/pico-sdk/src/rp2_common/pico_standard_link/crt0.S.obj
                0x100001e8                _entry_point
 .reset         0x10000288       0x30 src/CMakeFiles/radio.dir/home/arca/pico/pico-sdk/src/rp2_common/pico_standard_link/binary_info.c.obj
 *(.init)
 .init          0x100002b8        0x4 /usr/lib/gcc/arm-none-eabi/13.2.0/thumb/v6-m/nofp/crti.o
                0x100002b8                _init
 *(EXCLUDE_FILE(*libm.a: *libc.a:*lib_a-mem*.o *libgcc.a:) .text*)
 .text          0x100002bc       0x98 /usr/lib/gcc/arm-none-eabi/13.2.0/thumb/v6-m/nofp/crtbegin.o
 .text.writeTone
                0x10000354       0x3c src/CMakeFiles/radio.dir/radio.c.obj
                0x10000354                writeTone
 .text.waitForDebugger
                0x10000390       0x18 src/CMakeFiles/radio.dir/radio.c.obj
 .text.hardfault_handler
                0x100003a8       0x18 src/CMakeFiles/radio.dir/radio.c.obj
 .text.audioTask
                0x100003c0       0x6c src/CMakeFiles/radio.dir/radio.c.obj
                0x100003c0                audioTask
 .text.webRequestTask
                0x1000042c       0x6c src/CMakeFiles/radio.dir/radio.c.obj
                0x1000042c                webRequestTask
 .text.wifiConnectTask
                0x10000498       0x58 src/CMakeFiles/radio.dir/radio.c.obj
                0x10000498                wifiConnectTask
 .text.vApplicationStackOverflowHook
                0x100004f0       0x1c src/CMakeFiles/radio.dir/radio.c.obj
                0x100004f0                vApplicationStackOverflowHook
 .text.main     0x1000050c       0x4c src/CMakeFiles/radio.dir/radio.c.obj
                0x1000050c                main
 .text.pwm_init
                0x10000558       0x34 src/CMakeFiles/radio.dir/audio.c.obj
 .text.pwm_get_default_config
                0x1000058c       0x18 src/CMakeFiles/radio.dir/audio.c.obj
 .text.pwm_set_chan_level
                0x100005a4       0x40 src/CMakeFiles/radio.dir/audio.c.obj
 .text.pwm_set_gpio_level
                0x100005e4       0x16 src/CMakeFiles/radio.dir/audio.c.obj
 *fill*         0x100005fa        0x2 
 .text.timerCallback
                0x100005fc       0x64 src/CMakeFiles/radio.dir/audio.c.obj
                0x100005fc                timerCallback
 .text.add_repeating_timer_us
                0x10000660       0x24 src/CMakeFiles/radio.dir/audio.c.obj
 .text.initAudioPlayer
                0x10000684       0xac src/CMakeFiles/radio.dir/audio.c.obj
                0x10000684                initAudioPlayer
 .text.playAudio
                0x10000730       0x44 src/CMakeFiles/radio.dir/audio.c.obj
                0x10000730                playAudio
 .text.getAddressFromHost
                0x10000774       0x2c src/CMakeFiles/radio.dir/utils.c.obj
                0x10000774                getAddressFromHost
 .text.connectToWifi
                0x100007a0       0x84 src/CMakeFiles/radio.dir/wificonnection.c.obj
                0x100007a0                connectToWifi
 .text.httpClientHeadersDone
                0x10000824       0x44 src/CMakeFiles/radio.dir/httpclient.c.obj
                0x10000824                httpClientHeadersDone
 .text.httpClientResult
                0x10000868       0xf4 src/CMakeFiles/radio.dir/httpclient.c.obj
                0x10000868                httpClientResult
 .text.httpClientReceive
                0x1000095c       0x7c src/CMakeFiles/radio.dir/httpclient.c.obj
                0x1000095c                httpClientReceive
 .text.getConnectionSettings
                0x100009d8       0x20 src/CMakeFiles/radio.dir/httpclient.c.obj
                0x100009d8                getConnectionSettings
 .text.gpio_set_function
                0x100009f8       0x30 src/CMakeFiles/radio.dir/home/arca/pico/pico-sdk/src/rp2_common/hardware_gpio/gpio.c.obj
                0x100009f8                gpio_set_function
 .text.gpio_set_pulls
                0x10000a28       0x34 src/CMakeFiles/radio.dir/home/arca/pico/pico-sdk/src/rp2_common/hardware_gpio/gpio.c.obj
                0x10000a28                gpio_set_pulls
 .text.gpio_set_input_hysteresis_enabled
                0x10000a5c       0x30 src/CMakeFiles/radio.dir/home/arca/pico/pico-sdk/src/rp2_common/hardware_gpio/gpio.c.obj
                0x10000a5c                gpio_set_input_hysteresis_enabled
 .text.gpio_add_raw_irq_handler_with_order_priority_masked
                0x10000a8c       0x40 src/CMakeFiles/radio.dir/home/arca/pico/pico-sdk/src/rp2_common/hardware_gpio/gpio.c.obj
                0x10000a8c                gpio_add_raw_irq_handler_with_order_priority_masked
 .text.gpio_remove_raw_irq_handler_masked
                0x10000acc       0x48 src/CMakeFiles/radio.dir/home/arca/pico/pico-sdk/src/rp2_common/hardware_gpio/gpio.c.obj
                0x10000acc                gpio_remove_raw_irq_handler_masked
 .text.gpio_acknowledge_irq
                0x10000b14       0x18 src/CMakeFiles/radio.dir/home/arca/pico/pico-sdk/src/rp2_common/hardware_gpio/gpio.c.obj
                0x10000b14                gpio_acknowledge_irq
 .text._gpio_set_irq_enabled
                0x10000b2c       0x34 src/CMakeFiles/radio.dir/home/arca/pico/pico-sdk/src/rp2_common/hardware_gpio/gpio.c.obj
 .text.gpio_set_irq_enabled
                0x10000b60       0x20 src/CMakeFiles/radio.dir/home/arca/pico/pico-sdk/src/rp2_common/hardware_gpio/gpio.c.obj
                0x10000b60                gpio_set_irq_enabled
 .text.gpio_init
                0x10000b80       0x16 src/CMakeFiles/radio.dir/home/arca/pico/pico-sdk/src/rp2_common/hardware_gpio/gpio.c.obj
                0x10000b80                gpio_init
 *fill*         0x10000b96        0x2 
 .text.running_on_fpga
                0x10000b98       0x14 src/CMakeFiles/radio.dir/home/arca/pico/pico-sdk/src/rp2_common/pico_platform/platform.c.obj
                0x10000b98                running_on_fpga
 .text.hw_claim_lock
                0x10000bac       0x18 src/CMakeFiles/radio.dir/home/arca/pico/pico-sdk/src/rp2_common/hardware_claim/claim.c.obj
                0x10000bac                hw_claim_lock
 .text.hw_claim_unlock
                0x10000bc4       0x14 src/CMakeFiles/radio.dir/home/arca/pico/pico-sdk/src/rp2_common/hardware_claim/claim.c.obj
                0x10000bc4                hw_claim_unlock
 .text.hw_claim_or_assert
                0x10000bd8       0x32 src/CMakeFiles/radio.dir/home/arca/pico/pico-sdk/src/rp2_common/hardware_claim/claim.c.obj
                0x10000bd8                hw_claim_or_assert
 .text.hw_claim_unused_from_range
                0x10000c0a       0x50 src/CMakeFiles/radio.dir/home/arca/pico/pico-sdk/src/rp2_common/hardware_claim/claim.c.obj
                0x10000c0a                hw_claim_unused_from_range
 *fill*         0x10000c5a        0x2 
 .text.hw_claim_clear
                0x10000c5c       0x40 src/CMakeFiles/radio.dir/home/arca/pico/pico-sdk/src/rp2_common/hardware_claim/claim.c.obj
                0x10000c5c                hw_claim_clear
 .text.spin_locks_reset
                0x10000c9c       0x20 src/CMakeFiles/radio.dir/home/arca/pico/pico-sdk/src/rp2_common/hardware_sync/sync.c.obj
                0x10000c9c                spin_locks_reset
 .text.next_striped_spin_lock_num
                0x10000cbc       0x1c src/CMakeFiles/radio.dir/home/arca/pico/pico-sdk/src/rp2_common/hardware_sync/sync.c.obj
                0x10000cbc                next_striped_spin_lock_num
 .text.spin_lock_claim
                0x10000cd8       0x18 src/CMakeFiles/radio.dir/home/arca/pico/pico-sdk/src/rp2_common/hardware_sync/sync.c.obj
                0x10000cd8                spin_lock_claim
 .text.spin_lock_claim_unused
                0x10000cf0       0x24 src/CMakeFiles/radio.dir/home/arca/pico/pico-sdk/src/rp2_common/hardware_sync/sync.c.obj
                0x10000cf0                spin_lock_claim_unused
 .text.set_raw_irq_handler_and_unlock
                0x10000d14       0x28 src/CMakeFiles/radio.dir/home/arca/pico/pico-sdk/src/rp2_common/hardware_irq/irq.c.obj
 .text.resolve_branch
                0x10000d3c       0x30 src/CMakeFiles/radio.dir/home/arca/pico/pico-sdk/src/rp2_common/hardware_irq/irq.c.obj
 .text.make_branch
                0x10000d6c       0x48 src/CMakeFiles/radio.dir/home/arca/pico/pico-sdk/src/rp2_common/hardware_irq/irq.c.obj
 .text.insert_branch_and_link
                0x10000db4       0x40 src/CMakeFiles/radio.dir/home/arca/pico/pico-sdk/src/rp2_common/hardware_irq/irq.c.obj
 .text.irq_is_enabled
                0x10000df4       0x18 src/CMakeFiles/radio.dir/home/arca/pico/pico-sdk/src/rp2_common/hardware_irq/irq.c.obj
                0x10000df4                irq_is_enabled
 .text.irq_set_mask_enabled
                0x10000e0c       0x20 src/CMakeFiles/radio.dir/home/arca/pico/pico-sdk/src/rp2_common/hardware_irq/irq.c.obj
                0x10000e0c                irq_set_mask_enabled
 .text.irq_set_enabled
                0x10000e2c        0xe src/CMakeFiles/radio.dir/home/arca/pico/pico-sdk/src/rp2_common/hardware_irq/irq.c.obj
                0x10000e2c                irq_set_enabled
 *fill*         0x10000e3a        0x2 
 .text.irq_set_pending
                0x10000e3c       0x10 src/CMakeFiles/radio.dir/home/arca/pico/pico-sdk/src/rp2_common/hardware_irq/irq.c.obj
                0x10000e3c                irq_set_pending
 .text.irq_get_vtable_handler
                0x10000e4c       0x10 src/CMakeFiles/radio.dir/home/arca/pico/pico-sdk/src/rp2_common/hardware_irq/irq.c.obj
                0x10000e4c                irq_get_vtable_handler
 .text.irq_has_shared_handler
                0x10000e5c       0x24 src/CMakeFiles/radio.dir/home/arca/pico/pico-sdk/src/rp2_common/hardware_irq/irq.c.obj
                0x10000e5c                irq_has_shared_handler
 .text.irq_set_exclusive_handler
                0x10000e80       0x54 src/CMakeFiles/radio.dir/home/arca/pico/pico-sdk/src/rp2_common/hardware_irq/irq.c.obj
                0x10000e80                irq_set_exclusive_handler
 .text.irq_add_shared_handler
                0x10000ed4      0x210 src/CMakeFiles/radio.dir/home/arca/pico/pico-sdk/src/rp2_common/hardware_irq/irq.c.obj
                0x10000ed4                irq_add_shared_handler
 .text.irq_remove_handler
                0x100010e4      0x188 src/CMakeFiles/radio.dir/home/arca/pico/pico-sdk/src/rp2_common/hardware_irq/irq.c.obj
                0x100010e4                irq_remove_handler
 .text.irq_set_priority
                0x1000126c       0x28 src/CMakeFiles/radio.dir/home/arca/pico/pico-sdk/src/rp2_common/hardware_irq/irq.c.obj
                0x1000126c                irq_set_priority
 .text.irq_add_tail_to_free_list
                0x10001294       0xf0 src/CMakeFiles/radio.dir/home/arca/pico/pico-sdk/src/rp2_common/hardware_irq/irq.c.obj
                0x10001294                irq_add_tail_to_free_list
 .text.irq_init_priorities
                0x10001384       0x1c src/CMakeFiles/radio.dir/home/arca/pico/pico-sdk/src/rp2_common/hardware_irq/irq.c.obj
                0x10001384                irq_init_priorities
 .text.user_irq_claim_unused
                0x100013a0       0x2c src/CMakeFiles/radio.dir/home/arca/pico/pico-sdk/src/rp2_common/hardware_irq/irq.c.obj
                0x100013a0                user_irq_claim_unused
 .text.lock_init
                0x100013cc       0x10 src/CMakeFiles/radio.dir/home/arca/pico/pico-sdk/src/common/pico_sync/lock_core.c.obj
                0x100013cc                lock_init
 .text.update_us_since_boot
                0x100013dc       0x24 src/CMakeFiles/radio.dir/home/arca/pico/pico-sdk/src/common/pico_sync/mutex.c.obj
 .text.delayed_by_ms
                0x10001400       0x44 src/CMakeFiles/radio.dir/home/arca/pico/pico-sdk/src/common/pico_sync/mutex.c.obj
 .text.get_absolute_time
                0x10001444       0x22 src/CMakeFiles/radio.dir/home/arca/pico/pico-sdk/src/common/pico_sync/mutex.c.obj
 .text.make_timeout_time_ms
                0x10001466       0x20 src/CMakeFiles/radio.dir/home/arca/pico/pico-sdk/src/common/pico_sync/mutex.c.obj
 .text.mutex_init
                0x10001486       0x1c src/CMakeFiles/radio.dir/home/arca/pico/pico-sdk/src/common/pico_sync/mutex.c.obj
                0x10001486                mutex_init
 .text.recursive_mutex_init
                0x100014a2       0x20 src/CMakeFiles/radio.dir/home/arca/pico/pico-sdk/src/common/pico_sync/mutex.c.obj
                0x100014a2                recursive_mutex_init
 *fill*         0x100014c2        0x2 
 .text.critical_section_init_with_lock_num
                0x100014c4       0x14 src/CMakeFiles/radio.dir/home/arca/pico/pico-sdk/src/common/pico_sync/critical_section.c.obj
                0x100014c4                critical_section_init_with_lock_num
 .text.critical_section_init
                0x100014d8       0x14 src/CMakeFiles/radio.dir/home/arca/pico/pico-sdk/src/common/pico_sync/critical_section.c.obj
                0x100014d8                critical_section_init
 .text.time_reached
                0x100014ec       0x28 src/CMakeFiles/radio.dir/home/arca/pico/pico-sdk/src/common/pico_time/time.c.obj
 .text.repeating_timer_callback
                0x10001514       0x1e src/CMakeFiles/radio.dir/home/arca/pico/pico-sdk/src/common/pico_time/time.c.obj
 *fill*         0x10001532        0x2 
 .text.get_entry
                0x10001534       0x38 src/CMakeFiles/radio.dir/home/arca/pico/pico-sdk/src/common/pico_time/time.c.obj
 .text.timer_pool_entry_comparator
                0x1000156c       0x2e src/CMakeFiles/radio.dir/home/arca/pico/pico-sdk/src/common/pico_time/time.c.obj
                0x1000156c                timer_pool_entry_comparator
 *fill*         0x1000159a        0x2 
 .text.update_us_since_boot
                0x1000159c       0x24 src/CMakeFiles/radio.dir/home/arca/pico/pico-sdk/src/common/pico_time/time.c.obj
 .text.delayed_by_us
                0x100015c0       0x34 src/CMakeFiles/radio.dir/home/arca/pico/pico-sdk/src/common/pico_time/time.c.obj
 .text.ph_get_node
                0x100015f4       0x30 src/CMakeFiles/radio.dir/home/arca/pico/pico-sdk/src/common/pico_time/time.c.obj
 .text.ph_contains_node
                0x10001624       0x1e src/CMakeFiles/radio.dir/home/arca/pico/pico-sdk/src/common/pico_time/time.c.obj
 .text.ph_new_node
                0x10001642       0x28 src/CMakeFiles/radio.dir/home/arca/pico/pico-sdk/src/common/pico_time/time.c.obj
 *fill*         0x1000166a        0x2 
 .text.ph_add_child_node
                0x1000166c       0x6c src/CMakeFiles/radio.dir/home/arca/pico/pico-sdk/src/common/pico_time/time.c.obj
 .text.ph_merge_nodes
                0x100016d8       0x3e src/CMakeFiles/radio.dir/home/arca/pico/pico-sdk/src/common/pico_time/time.c.obj
 *fill*         0x10001716        0x2 
 .text.ph_insert_node
                0x10001718       0x3c src/CMakeFiles/radio.dir/home/arca/pico/pico-sdk/src/common/pico_time/time.c.obj
 .text.ph_free_node
                0x10001754       0x5c src/CMakeFiles/radio.dir/home/arca/pico/pico-sdk/src/common/pico_time/time.c.obj
 .text.get_entry_id_high
                0x100017b0       0x30 src/CMakeFiles/radio.dir/home/arca/pico/pico-sdk/src/common/pico_time/time.c.obj
 .text.alarm_pool_post_alloc_init
                0x100017e0       0x40 src/CMakeFiles/radio.dir/home/arca/pico/pico-sdk/src/common/pico_time/time.c.obj
 .text.get_absolute_time
                0x10001820       0x22 src/CMakeFiles/radio.dir/home/arca/pico/pico-sdk/src/common/pico_time/time.c.obj
 .text.make_timeout_time_us
                0x10001842       0x24 src/CMakeFiles/radio.dir/home/arca/pico/pico-sdk/src/common/pico_time/time.c.obj
 *fill*         0x10001866        0x2 
 .text.add_alarm_under_lock
                0x10001868       0x94 src/CMakeFiles/radio.dir/home/arca/pico/pico-sdk/src/common/pico_time/time.c.obj
 .text.alarm_pool_alarm_callback
                0x100018fc      0x210 src/CMakeFiles/radio.dir/home/arca/pico/pico-sdk/src/common/pico_time/time.c.obj
 .text.sleep_until_callback
                0x10001b0c       0x28 src/CMakeFiles/radio.dir/home/arca/pico/pico-sdk/src/common/pico_time/time.c.obj
 .text.alarm_pool_init_default
                0x10001b34       0x40 src/CMakeFiles/radio.dir/home/arca/pico/pico-sdk/src/common/pico_time/time.c.obj
                0x10001b34                alarm_pool_init_default
 .text.alarm_pool_get_default
                0x10001b74       0x2c src/CMakeFiles/radio.dir/home/arca/pico/pico-sdk/src/common/pico_time/time.c.obj
                0x10001b74                alarm_pool_get_default
 .text.alarm_pool_add_alarm_at
                0x10001ba0      0x10e src/CMakeFiles/radio.dir/home/arca/pico/pico-sdk/src/common/pico_time/time.c.obj
                0x10001ba0                alarm_pool_add_alarm_at
 .text.add_alarm_at
                0x10001cae       0x2e src/CMakeFiles/radio.dir/home/arca/pico/pico-sdk/src/common/pico_time/time.c.obj
 .text.alarm_pool_cancel_alarm
                0x10001cdc       0xa8 src/CMakeFiles/radio.dir/home/arca/pico/pico-sdk/src/common/pico_time/time.c.obj
                0x10001cdc                alarm_pool_cancel_alarm
 .text.cancel_alarm
                0x10001d84       0x10 src/CMakeFiles/radio.dir/home/arca/pico/pico-sdk/src/common/pico_time/time.c.obj
 .text.alarm_pool_core_num
                0x10001d94        0x4 src/CMakeFiles/radio.dir/home/arca/pico/pico-sdk/src/common/pico_time/time.c.obj
                0x10001d94                alarm_pool_core_num
 .text.alarm_pool_add_repeating_timer_us
                0x10001d98       0x5c src/CMakeFiles/radio.dir/home/arca/pico/pico-sdk/src/common/pico_time/time.c.obj
                0x10001d98                alarm_pool_add_repeating_timer_us
 .text.sleep_until
                0x10001df4       0xa4 src/CMakeFiles/radio.dir/home/arca/pico/pico-sdk/src/common/pico_time/time.c.obj
                0x10001df4                sleep_until
 .text.sleep_us
                0x10001e98       0x1a src/CMakeFiles/radio.dir/home/arca/pico/pico-sdk/src/common/pico_time/time.c.obj
                0x10001e98                sleep_us
 .text.sleep_ms
                0x10001eb2       0x14 src/CMakeFiles/radio.dir/home/arca/pico/pico-sdk/src/common/pico_time/time.c.obj
                0x10001eb2                sleep_ms
 *fill*         0x10001ec6        0x2 
 .text.best_effort_wfe_or_timeout
                0x10001ec8       0x44 src/CMakeFiles/radio.dir/home/arca/pico/pico-sdk/src/common/pico_time/time.c.obj
                0x10001ec8                best_effort_wfe_or_timeout
 .text.update_us_since_boot
                0x10001f0c       0x24 src/CMakeFiles/radio.dir/home/arca/pico/pico-sdk/src/rp2_common/hardware_timer/timer.c.obj
 .text.hardware_alarm_irq_handler
                0x10001f30       0x8c src/CMakeFiles/radio.dir/home/arca/pico/pico-sdk/src/rp2_common/hardware_timer/timer.c.obj
 .text.hardware_alarm_claim
                0x10001fbc       0x18 src/CMakeFiles/radio.dir/home/arca/pico/pico-sdk/src/rp2_common/hardware_timer/timer.c.obj
                0x10001fbc                hardware_alarm_claim
 .text.time_us_64
                0x10001fd4       0x18 src/CMakeFiles/radio.dir/home/arca/pico/pico-sdk/src/rp2_common/hardware_timer/timer.c.obj
                0x10001fd4                time_us_64
 .text.busy_wait_until
                0x10001fec       0x28 src/CMakeFiles/radio.dir/home/arca/pico/pico-sdk/src/rp2_common/hardware_timer/timer.c.obj
                0x10001fec                busy_wait_until
 .text.busy_wait_us
                0x10002014       0x3a src/CMakeFiles/radio.dir/home/arca/pico/pico-sdk/src/rp2_common/hardware_timer/timer.c.obj
                0x10002014                busy_wait_us
 *fill*         0x1000204e        0x2 
 .text.hardware_alarm_set_callback
                0x10002050       0x90 src/CMakeFiles/radio.dir/home/arca/pico/pico-sdk/src/rp2_common/hardware_timer/timer.c.obj
                0x10002050                hardware_alarm_set_callback
 .text.hardware_alarm_set_target
                0x100020e0       0xe8 src/CMakeFiles/radio.dir/home/arca/pico/pico-sdk/src/rp2_common/hardware_timer/timer.c.obj
                0x100020e0                hardware_alarm_set_target
 .text.hardware_alarm_cancel
                0x100021c8       0x40 src/CMakeFiles/radio.dir/home/arca/pico/pico-sdk/src/rp2_common/hardware_timer/timer.c.obj
                0x100021c8                hardware_alarm_cancel
 .text.ph_get_node
                0x10002208       0x30 src/CMakeFiles/radio.dir/home/arca/pico/pico-sdk/src/common/pico_util/pheap.c.obj
 .text.ph_add_child_node
                0x10002238       0x6c src/CMakeFiles/radio.dir/home/arca/pico/pico-sdk/src/common/pico_util/pheap.c.obj
 .text.ph_merge_nodes
                0x100022a4       0x3e src/CMakeFiles/radio.dir/home/arca/pico/pico-sdk/src/common/pico_util/pheap.c.obj
 .text.ph_clear
                0x100022e2       0x34 src/CMakeFiles/radio.dir/home/arca/pico/pico-sdk/src/common/pico_util/pheap.c.obj
                0x100022e2                ph_clear
 .text.ph_post_alloc_init
                0x10002316        0xe src/CMakeFiles/radio.dir/home/arca/pico/pico-sdk/src/common/pico_util/pheap.c.obj
                0x10002316                ph_post_alloc_init
 .text.ph_merge_two_pass
                0x10002324       0x5c src/CMakeFiles/radio.dir/home/arca/pico/pico-sdk/src/common/pico_util/pheap.c.obj
                0x10002324                ph_merge_two_pass
 .text.ph_remove_any_head
                0x10002380       0xc0 src/CMakeFiles/radio.dir/home/arca/pico/pico-sdk/src/common/pico_util/pheap.c.obj
 .text.ph_remove_head
                0x10002440       0x14 src/CMakeFiles/radio.dir/home/arca/pico/pico-sdk/src/common/pico_util/pheap.c.obj
                0x10002440                ph_remove_head
 .text.ph_remove_and_free_node
                0x10002454       0xa0 src/CMakeFiles/radio.dir/home/arca/pico/pico-sdk/src/common/pico_util/pheap.c.obj
                0x10002454                ph_remove_and_free_node
 .text.uart_disable_before_lcr_write
                0x100024f4       0x48 src/CMakeFiles/radio.dir/home/arca/pico/pico-sdk/src/rp2_common/hardware_uart/uart.c.obj
 .text.uart_write_lcr_bits_masked
                0x1000253c       0x22 src/CMakeFiles/radio.dir/home/arca/pico/pico-sdk/src/rp2_common/hardware_uart/uart.c.obj
 *fill*         0x1000255e        0x2 
 .text.uart_set_baudrate
                0x10002560       0x5c src/CMakeFiles/radio.dir/home/arca/pico/pico-sdk/src/rp2_common/hardware_uart/uart.c.obj
                0x10002560                uart_set_baudrate
 .text.uart_set_format
                0x100025bc       0x2c src/CMakeFiles/radio.dir/home/arca/pico/pico-sdk/src/rp2_common/hardware_uart/uart.c.obj
                0x100025bc                uart_set_format
 .text.uart_set_translate_crlf
                0x100025e8       0x28 src/CMakeFiles/radio.dir/home/arca/pico/pico-sdk/src/rp2_common/hardware_uart/uart.c.obj
                0x100025e8                uart_set_translate_crlf
 .text.uart_init
                0x10002610       0x80 src/CMakeFiles/radio.dir/home/arca/pico/pico-sdk/src/rp2_common/hardware_uart/uart.c.obj
                0x10002610                uart_init
 .text.clock_configure
                0x10002690      0x108 src/CMakeFiles/radio.dir/home/arca/pico/pico-sdk/src/rp2_common/hardware_clocks/clocks.c.obj
                0x10002690                clock_configure
 .text.clocks_init
                0x10002798      0x100 src/CMakeFiles/radio.dir/home/arca/pico/pico-sdk/src/rp2_common/hardware_clocks/clocks.c.obj
                0x10002798                clocks_init
 .text.clock_get_hz
                0x10002898        0xc src/CMakeFiles/radio.dir/home/arca/pico/pico-sdk/src/rp2_common/hardware_clocks/clocks.c.obj
                0x10002898                clock_get_hz
 .text.pll_init
                0x100028a4      0x120 src/CMakeFiles/radio.dir/home/arca/pico/pico-sdk/src/rp2_common/hardware_pll/pll.c.obj
                0x100028a4                pll_init
 .text.watchdog_start_tick
                0x100029c4       0x10 src/CMakeFiles/radio.dir/home/arca/pico/pico-sdk/src/rp2_common/hardware_watchdog/watchdog.c.obj
                0x100029c4                watchdog_start_tick
 .text.watchdog_update
                0x100029d4       0x14 src/CMakeFiles/radio.dir/home/arca/pico/pico-sdk/src/rp2_common/hardware_watchdog/watchdog.c.obj
                0x100029d4                watchdog_update
 .text._watchdog_enable
                0x100029e8       0x78 src/CMakeFiles/radio.dir/home/arca/pico/pico-sdk/src/rp2_common/hardware_watchdog/watchdog.c.obj
                0x100029e8                _watchdog_enable
 .text.watchdog_enable
                0x10002a60       0x18 src/CMakeFiles/radio.dir/home/arca/pico/pico-sdk/src/rp2_common/hardware_watchdog/watchdog.c.obj
                0x10002a60                watchdog_enable
 .text.watchdog_reboot
                0x10002a78       0x48 src/CMakeFiles/radio.dir/home/arca/pico/pico-sdk/src/rp2_common/hardware_watchdog/watchdog.c.obj
                0x10002a78                watchdog_reboot
 .text.xosc_init
                0x10002ac0       0x28 src/CMakeFiles/radio.dir/home/arca/pico/pico-sdk/src/rp2_common/hardware_xosc/xosc.c.obj
                0x10002ac0                xosc_init
 .text._exit    0x10002ae8        0x4 src/CMakeFiles/radio.dir/home/arca/pico/pico-sdk/src/rp2_common/pico_runtime/runtime.c.obj
                0x10002ae8                _exit
 .text._sbrk    0x10002aec       0x38 src/CMakeFiles/radio.dir/home/arca/pico/pico-sdk/src/rp2_common/pico_runtime/runtime.c.obj
                0x10002aec                _sbrk
 .text.exit     0x10002b24        0x6 src/CMakeFiles/radio.dir/home/arca/pico/pico-sdk/src/rp2_common/pico_runtime/runtime.c.obj
                0x10002b24                exit
 *fill*         0x10002b2a        0x2 
 .text.__assert_func
                0x10002b2c       0x38 src/CMakeFiles/radio.dir/home/arca/pico/pico-sdk/src/rp2_common/pico_runtime/runtime.c.obj
                0x10002b2c                __assert_func
 .text.runtime_init
                0x10002b64       0xf8 src/CMakeFiles/radio.dir/home/arca/pico/pico-sdk/src/rp2_common/pico_runtime/runtime.c.obj
                0x10002b64                runtime_init
 .text.panic    0x10002c5c       0x30 src/CMakeFiles/radio.dir/home/arca/pico/pico-sdk/src/rp2_common/pico_runtime/runtime.c.obj
                0x10002c5c                panic
 .text.panic_unsupported
                0x10002c8c        0xc src/CMakeFiles/radio.dir/home/arca/pico/pico-sdk/src/rp2_common/pico_runtime/runtime.c.obj
                0x10002c8c                panic_unsupported
 .text._out_buffer
                0x10002c98        0x8 src/CMakeFiles/radio.dir/home/arca/pico/pico-sdk/src/rp2_common/pico_printf/printf.c.obj
 .text._out_null
                0x10002ca0        0x2 src/CMakeFiles/radio.dir/home/arca/pico/pico-sdk/src/rp2_common/pico_printf/printf.c.obj
 .text._out_fct
                0x10002ca2        0xe src/CMakeFiles/radio.dir/home/arca/pico/pico-sdk/src/rp2_common/pico_printf/printf.c.obj
 .text._atoi    0x10002cb0       0x24 src/CMakeFiles/radio.dir/home/arca/pico/pico-sdk/src/rp2_common/pico_printf/printf.c.obj
 .text._out_rev
                0x10002cd4       0xae src/CMakeFiles/radio.dir/home/arca/pico/pico-sdk/src/rp2_common/pico_printf/printf.c.obj
 .text._ntoa_format
                0x10002d82      0x110 src/CMakeFiles/radio.dir/home/arca/pico/pico-sdk/src/rp2_common/pico_printf/printf.c.obj
 .text._ntoa_long
                0x10002e92       0xbc src/CMakeFiles/radio.dir/home/arca/pico/pico-sdk/src/rp2_common/pico_printf/printf.c.obj
 .text._ntoa_long_long
                0x10002f4e      0x10e src/CMakeFiles/radio.dir/home/arca/pico/pico-sdk/src/rp2_common/pico_printf/printf.c.obj
 .text._etoa    0x1000305c      0x420 src/CMakeFiles/radio.dir/home/arca/pico/pico-sdk/src/rp2_common/pico_printf/printf.c.obj
 .text._ftoa    0x1000347c      0x354 src/CMakeFiles/radio.dir/home/arca/pico/pico-sdk/src/rp2_common/pico_printf/printf.c.obj
 .text._vsnprintf
                0x100037d0      0x668 src/CMakeFiles/radio.dir/home/arca/pico/pico-sdk/src/rp2_common/pico_printf/printf.c.obj
 .text.__wrap_snprintf
                0x10003e38       0x28 src/CMakeFiles/radio.dir/home/arca/pico/pico-sdk/src/rp2_common/pico_printf/printf.c.obj
                0x10003e38                __wrap_snprintf
 .text.vfctprintf
                0x10003e60       0x20 src/CMakeFiles/radio.dir/home/arca/pico/pico-sdk/src/rp2_common/pico_printf/printf.c.obj
                0x10003e60                vfctprintf
 .text          0x10003e80       0x10 src/CMakeFiles/radio.dir/home/arca/pico/pico-sdk/src/rp2_common/pico_bit_ops/bit_ops_aeabi.S.obj
 .text.ctzsi    0x10003e90        0xc src/CMakeFiles/radio.dir/home/arca/pico/pico-sdk/src/rp2_common/pico_bit_ops/bit_ops_aeabi.S.obj
                0x10003e90                __wrap___ctzsi2
 .text.rom_func_lookup
                0x10003e9c       0x10 src/CMakeFiles/radio.dir/home/arca/pico/pico-sdk/src/rp2_common/pico_bootrom/bootrom.c.obj
                0x10003e9c                rom_func_lookup
 .text.rom_data_lookup
                0x10003eac       0x10 src/CMakeFiles/radio.dir/home/arca/pico/pico-sdk/src/rp2_common/pico_bootrom/bootrom.c.obj
                0x10003eac                rom_data_lookup
 .text.rom_funcs_lookup
                0x10003ebc       0x36 src/CMakeFiles/radio.dir/home/arca/pico/pico-sdk/src/rp2_common/pico_bootrom/bootrom.c.obj
                0x10003ebc                rom_funcs_lookup
 *fill*         0x10003ef2        0x2 
 .text.__wrap___aeabi_idiv
                0x10003ef4       0x50 src/CMakeFiles/radio.dir/home/arca/pico/pico-sdk/src/rp2_common/pico_divider/divider.S.obj
                0x10003ef4                __wrap___aeabi_idivmod
                0x10003ef4                divmod_s32s32
                0x10003ef4                div_s32s32
                0x10003ef4                __wrap___aeabi_idiv
                0x10003efc                divmod_s32s32_unsafe
                0x10003f28                divmod_s32s32_savestate
 .text.__wrap___aeabi_uidiv
                0x10003f44       0x4c src/CMakeFiles/radio.dir/home/arca/pico/pico-sdk/src/rp2_common/pico_divider/divider.S.obj
                0x10003f44                __wrap___aeabi_uidiv
                0x10003f44                __wrap___aeabi_uidivmod
                0x10003f44                div_u32u32
                0x10003f44                divmod_u32u32
                0x10003f4c                divmod_u32u32_unsafe
                0x10003f74                divmod_u32u32_savestate
 .text.__wrap___aeabi_ldiv
                0x10003f90      0x424 src/CMakeFiles/radio.dir/home/arca/pico/pico-sdk/src/rp2_common/pico_divider/divider.S.obj
                0x10003f90                div_s64s64
                0x10003f90                divmod_s64s64
                0x10003f90                __wrap___aeabi_ldivmod
                0x10003fc0                div_u64u64
                0x10003fc0                divmod_u64u64
                0x10003fc0                __wrap___aeabi_uldivmod
                0x10003fd0                divmod_u64u64_savestate
                0x10003ff0                divmod_s64s64_unsafe
                0x10004078                divmod_u64u64_unsafe
 .text.__wrap___aeabi_darithmetic
                0x100043b4       0x60 src/CMakeFiles/radio.dir/home/arca/pico/pico-sdk/src/rp2_common/pico_double/double_aeabi.S.obj
                0x100043b4                __wrap___aeabi_drsub
                0x100043ba                __wrap___aeabi_dsub
                0x100043c4                __wrap___aeabi_dadd
                0x100043ce                __wrap___aeabi_ddiv
                0x10004402                __wrap___aeabi_dmul
 .text.__wrap___aeabi_cdcmple
                0x10004414       0x6c src/CMakeFiles/radio.dir/home/arca/pico/pico-sdk/src/rp2_common/pico_double/double_aeabi.S.obj
                0x10004414                __wrap___aeabi_cdrcmple
                0x10004424                __wrap___aeabi_cdcmple
                0x10004424                __wrap___aeabi_cdcmpeq
 .text.__wrap___aeabi_dcmpeq
                0x10004480       0x10 src/CMakeFiles/radio.dir/home/arca/pico/pico-sdk/src/rp2_common/pico_double/double_aeabi.S.obj
                0x10004480                __wrap___aeabi_dcmpeq
 .text.__wrap___aeabi_dcmplt
                0x10004490        0xc src/CMakeFiles/radio.dir/home/arca/pico/pico-sdk/src/rp2_common/pico_double/double_aeabi.S.obj
                0x10004490                __wrap___aeabi_dcmplt
 .text.__wrap___aeabi_dcmple
                0x1000449c       0x10 src/CMakeFiles/radio.dir/home/arca/pico/pico-sdk/src/rp2_common/pico_double/double_aeabi.S.obj
                0x1000449c                __wrap___aeabi_dcmple
 .text.__wrap___aeabi_dcmpge
                0x100044ac       0x10 src/CMakeFiles/radio.dir/home/arca/pico/pico-sdk/src/rp2_common/pico_double/double_aeabi.S.obj
                0x100044ac                __wrap___aeabi_dcmpge
 .text.__wrap___aeabi_dcmpgt
                0x100044bc        0xa src/CMakeFiles/radio.dir/home/arca/pico/pico-sdk/src/rp2_common/pico_double/double_aeabi.S.obj
                0x100044bc                __wrap___aeabi_dcmpgt
 .text.__wrap___aeabi_dcmpun
                0x100044c6       0x1c src/CMakeFiles/radio.dir/home/arca/pico/pico-sdk/src/rp2_common/pico_double/double_aeabi.S.obj
                0x100044c6                __wrap___aeabi_dcmpun
 *fill*         0x100044e2        0x2 
 .text.__wrap___aeabi_i2d
                0x100044e4       0x38 src/CMakeFiles/radio.dir/home/arca/pico/pico-sdk/src/rp2_common/pico_double/double_aeabi.S.obj
                0x100044e4                __wrap___aeabi_ui2d
                0x100044ec                __wrap___aeabi_i2d
 .text.__wrap___aeabi_d2iz
                0x1000451c       0x48 src/CMakeFiles/radio.dir/home/arca/pico/pico-sdk/src/rp2_common/pico_double/double_aeabi.S.obj
                0x1000451c                __wrap___aeabi_d2iz
                0x1000451c                double2int_z
 .text.__wrap___aeabi_d2uiz
                0x10004564       0x10 src/CMakeFiles/radio.dir/home/arca/pico/pico-sdk/src/rp2_common/pico_double/double_aeabi.S.obj
                0x10004564                double2uint
                0x10004564                __wrap___aeabi_d2uiz
 .text.__wrap___aeabi_d2ulz
                0x10004574       0x10 src/CMakeFiles/radio.dir/home/arca/pico/pico-sdk/src/rp2_common/pico_double/double_aeabi.S.obj
                0x10004574                __wrap___aeabi_d2ulz
 .text.__wrap_exp
                0x10004584       0x10 src/CMakeFiles/radio.dir/home/arca/pico/pico-sdk/src/rp2_common/pico_double/double_aeabi.S.obj
                0x10004584                __wrap_exp
 .text.__wrap_log
                0x10004594       0x10 src/CMakeFiles/radio.dir/home/arca/pico/pico-sdk/src/rp2_common/pico_double/double_aeabi.S.obj
                0x10004594                __wrap_log
 .text.missing_double_func_shim
                0x100045a4        0xc src/CMakeFiles/radio.dir/home/arca/pico/pico-sdk/src/rp2_common/pico_double/double_init_rom.c.obj
 .text.__aeabi_double_init
                0x100045b0       0xd0 src/CMakeFiles/radio.dir/home/arca/pico/pico-sdk/src/rp2_common/pico_double/double_init_rom.c.obj
                0x100045b0                __aeabi_double_init
 .text.dldexp   0x10004680       0x50 src/CMakeFiles/radio.dir/home/arca/pico/pico-sdk/src/rp2_common/pico_double/double_math.c.obj
 .text.disint   0x100046d0       0x60 src/CMakeFiles/radio.dir/home/arca/pico/pico-sdk/src/rp2_common/pico_double/double_math.c.obj
 .text.disoddint
                0x10004730       0x7c src/CMakeFiles/radio.dir/home/arca/pico/pico-sdk/src/rp2_common/pico_double/double_math.c.obj
 .text.dispo2   0x100047ac       0x28 src/CMakeFiles/radio.dir/home/arca/pico/pico-sdk/src/rp2_common/pico_double/double_math.c.obj
 .text.dpow_int2
                0x100047d4       0x2c src/CMakeFiles/radio.dir/home/arca/pico/pico-sdk/src/rp2_common/pico_double/double_math.c.obj
 .text.dpowint_1
                0x10004800       0x24 src/CMakeFiles/radio.dir/home/arca/pico/pico-sdk/src/rp2_common/pico_double/double_math.c.obj
 .text.dpow_1   0x10004824      0x1dc src/CMakeFiles/radio.dir/home/arca/pico/pico-sdk/src/rp2_common/pico_double/double_math.c.obj
 .text.dpow_0   0x10004a00       0xd8 src/CMakeFiles/radio.dir/home/arca/pico/pico-sdk/src/rp2_common/pico_double/double_math.c.obj
 .text.__wrap_ldexp
                0x10004ad8        0x8 src/CMakeFiles/radio.dir/home/arca/pico/pico-sdk/src/rp2_common/pico_double/double_math.c.obj
                0x10004ad8                __wrap_ldexp
 .text.__wrap_round
                0x10004ae0       0x98 src/CMakeFiles/radio.dir/home/arca/pico/pico-sdk/src/rp2_common/pico_double/double_math.c.obj
                0x10004ae0                __wrap_round
 .text.__wrap_exp2
                0x10004b78       0x88 src/CMakeFiles/radio.dir/home/arca/pico/pico-sdk/src/rp2_common/pico_double/double_math.c.obj
                0x10004b78                __wrap_exp2
 .text.__wrap_pow
                0x10004c00      0x168 src/CMakeFiles/radio.dir/home/arca/pico/pico-sdk/src/rp2_common/pico_double/double_math.c.obj
                0x10004c00                __wrap_pow
 .text.double_table_shim_on_use_helper
                0x10004d68       0x34 src/CMakeFiles/radio.dir/home/arca/pico/pico-sdk/src/rp2_common/pico_double/double_v1_rom_shim.S.obj
                0x10004d68                double_table_shim_on_use_helper
 .text.__aeabi_lmul
                0x10004d9c       0x32 src/CMakeFiles/radio.dir/home/arca/pico/pico-sdk/src/rp2_common/pico_int64_ops/pico_int64_ops_aeabi.S.obj
                0x10004d9c                __wrap___aeabi_lmul
 *fill*         0x10004dce        0x2 
 .text.__wrap___aeabi_farithmetic
                0x10004dd0       0x48 src/CMakeFiles/radio.dir/home/arca/pico/pico-sdk/src/rp2_common/pico_float/float_aeabi.S.obj
                0x10004dd0                __wrap___aeabi_frsub
                0x10004dd6                __wrap___aeabi_fsub
                0x10004ddc                __wrap___aeabi_fadd
                0x10004de2                __wrap___aeabi_fdiv
                0x10004e0a                __wrap___aeabi_fmul
 .text.__wrap___aeabi_ui2f
                0x10004e18        0xa src/CMakeFiles/radio.dir/home/arca/pico/pico-sdk/src/rp2_common/pico_float/float_aeabi.S.obj
                0x10004e18                __wrap___aeabi_ui2f
 *fill*         0x10004e22        0x2 
 .text.__wrap___aeabi_i2f
                0x10004e24       0x44 src/CMakeFiles/radio.dir/home/arca/pico/pico-sdk/src/rp2_common/pico_float/float_aeabi.S.obj
                0x10004e24                __wrap___aeabi_i2f
 .text.__wrap___aeabi_f2uiz
                0x10004e68        0xc src/CMakeFiles/radio.dir/home/arca/pico/pico-sdk/src/rp2_common/pico_float/float_aeabi.S.obj
                0x10004e68                __wrap___aeabi_f2uiz
 .text.__wrap___aeabi_ul2f
                0x10004e74       0x18 src/CMakeFiles/radio.dir/home/arca/pico/pico-sdk/src/rp2_common/pico_float/float_aeabi.S.obj
                0x10004e78                __wrap___aeabi_ul2f
 .text.missing_float_func_shim
                0x10004e8c        0xc src/CMakeFiles/radio.dir/home/arca/pico/pico-sdk/src/rp2_common/pico_float/float_init_rom.c.obj
 .text.__aeabi_float_init
                0x10004e98       0x88 src/CMakeFiles/radio.dir/home/arca/pico/pico-sdk/src/rp2_common/pico_float/float_init_rom.c.obj
                0x10004e98                __aeabi_float_init
 .text.check_alloc
                0x10004f20       0x20 src/CMakeFiles/radio.dir/home/arca/pico/pico-sdk/src/rp2_common/pico_malloc/pico_malloc.c.obj
 .text.__wrap_calloc
                0x10004f40       0x30 src/CMakeFiles/radio.dir/home/arca/pico/pico-sdk/src/rp2_common/pico_malloc/pico_malloc.c.obj
                0x10004f40                __wrap_calloc
 .text          0x10004f70       0x10 src/CMakeFiles/radio.dir/home/arca/pico/pico-sdk/src/rp2_common/pico_mem_ops/mem_ops_aeabi.S.obj
                0x10004f70                __aeabi_mem_init
 .text.memset   0x10004f80        0xc src/CMakeFiles/radio.dir/home/arca/pico/pico-sdk/src/rp2_common/pico_mem_ops/mem_ops_aeabi.S.obj
                0x10004f80                __wrap_memset
 .text.memcpy   0x10004f8c        0xc src/CMakeFiles/radio.dir/home/arca/pico/pico-sdk/src/rp2_common/pico_mem_ops/mem_ops_aeabi.S.obj
                0x10004f8c                __wrap___aeabi_memcpy
                0x10004f8c                __wrap_memcpy
 .text.stdio_out_chars_no_crlf
                0x10004f98        0xe src/CMakeFiles/radio.dir/home/arca/pico/pico-sdk/src/rp2_common/pico_stdio/stdio.c.obj
 *fill*         0x10004fa6        0x2 
 .text.stdio_out_chars_crlf
                0x10004fa8       0x80 src/CMakeFiles/radio.dir/home/arca/pico/pico-sdk/src/rp2_common/pico_stdio/stdio.c.obj
 .text.stdio_stack_buffer_flush
                0x10005028       0x44 src/CMakeFiles/radio.dir/home/arca/pico/pico-sdk/src/rp2_common/pico_stdio/stdio.c.obj
 .text.stdio_buffered_printer
                0x1000506c       0x20 src/CMakeFiles/radio.dir/home/arca/pico/pico-sdk/src/rp2_common/pico_stdio/stdio.c.obj
 .text.update_us_since_boot
                0x1000508c       0x24 src/CMakeFiles/radio.dir/home/arca/pico/pico-sdk/src/rp2_common/pico_stdio/stdio.c.obj
 .text.get_absolute_time
                0x100050b0       0x22 src/CMakeFiles/radio.dir/home/arca/pico/pico-sdk/src/rp2_common/pico_stdio/stdio.c.obj
 *fill*         0x100050d2        0x2 
 .text.delayed_by_ms
                0x100050d4       0x44 src/CMakeFiles/radio.dir/home/arca/pico/pico-sdk/src/rp2_common/pico_stdio/stdio.c.obj
 .text.make_timeout_time_ms
                0x10005118       0x20 src/CMakeFiles/radio.dir/home/arca/pico/pico-sdk/src/rp2_common/pico_stdio/stdio.c.obj
 .text.stdout_serialize_begin
                0x10005138       0x20 src/CMakeFiles/radio.dir/home/arca/pico/pico-sdk/src/rp2_common/pico_stdio/stdio.c.obj
                0x10005138                stdout_serialize_begin
 .text.stdout_serialize_end
                0x10005158       0x10 src/CMakeFiles/radio.dir/home/arca/pico/pico-sdk/src/rp2_common/pico_stdio/stdio.c.obj
                0x10005158                stdout_serialize_end
 .text.stdio_put_string
                0x10005168       0x98 src/CMakeFiles/radio.dir/home/arca/pico/pico-sdk/src/rp2_common/pico_stdio/stdio.c.obj
 .text.__wrap_putchar
                0x10005200       0x1c src/CMakeFiles/radio.dir/home/arca/pico/pico-sdk/src/rp2_common/pico_stdio/stdio.c.obj
                0x10005200                __wrap_putchar
 .text.stdio_set_driver_enabled
                0x1000521c       0x2c src/CMakeFiles/radio.dir/home/arca/pico/pico-sdk/src/rp2_common/pico_stdio/stdio.c.obj
                0x1000521c                stdio_set_driver_enabled
 .text.stdio_flush
                0x10005248       0x20 src/CMakeFiles/radio.dir/home/arca/pico/pico-sdk/src/rp2_common/pico_stdio/stdio.c.obj
                0x10005248                stdio_flush
 .text.__wrap_puts
                0x10005268       0x1e src/CMakeFiles/radio.dir/home/arca/pico/pico-sdk/src/rp2_common/pico_stdio/stdio.c.obj
                0x10005268                __wrap_puts
 *fill*         0x10005286        0x2 
 .text.__wrap_vprintf
                0x10005288       0x40 src/CMakeFiles/radio.dir/home/arca/pico/pico-sdk/src/rp2_common/pico_stdio/stdio.c.obj
                0x10005288                __wrap_vprintf
 .text.__wrap_printf
                0x100052c8       0x18 src/CMakeFiles/radio.dir/home/arca/pico/pico-sdk/src/rp2_common/pico_stdio/stdio.c.obj
                0x100052c8                __wrap_printf
 .text.stdio_init_all
                0x100052e0        0xe src/CMakeFiles/radio.dir/home/arca/pico/pico-sdk/src/rp2_common/pico_stdio/stdio.c.obj
                0x100052e0                stdio_init_all
 *fill*         0x100052ee        0x2 
 .text.uart_putc
                0x100052f0       0x60 src/CMakeFiles/radio.dir/home/arca/pico/pico-sdk/src/rp2_common/pico_stdio_uart/stdio_uart.c.obj
 .text.uart_getc
                0x10005350       0x24 src/CMakeFiles/radio.dir/home/arca/pico/pico-sdk/src/rp2_common/pico_stdio_uart/stdio_uart.c.obj
 .text.stdio_uart_out_chars
                0x10005374       0x20 src/CMakeFiles/radio.dir/home/arca/pico/pico-sdk/src/rp2_common/pico_stdio_uart/stdio_uart.c.obj
 .text.stdio_uart_in_chars
                0x10005394       0x5c src/CMakeFiles/radio.dir/home/arca/pico/pico-sdk/src/rp2_common/pico_stdio_uart/stdio_uart.c.obj
                0x10005394                stdio_uart_in_chars
 .text.on_uart_rx
                0x100053f0       0x28 src/CMakeFiles/radio.dir/home/arca/pico/pico-sdk/src/rp2_common/pico_stdio_uart/stdio_uart.c.obj
 .text.stdio_uart_set_chars_available_callback
                0x10005418       0x8c src/CMakeFiles/radio.dir/home/arca/pico/pico-sdk/src/rp2_common/pico_stdio_uart/stdio_uart.c.obj
 .text.stdio_uart_init_full
                0x100054a4       0x44 src/CMakeFiles/radio.dir/home/arca/pico/pico-sdk/src/rp2_common/pico_stdio_uart/stdio_uart.c.obj
                0x100054a4                stdio_uart_init_full
 .text.stdio_uart_init
                0x100054e8       0x28 src/CMakeFiles/radio.dir/home/arca/pico/pico-sdk/src/rp2_common/pico_stdio_uart/stdio_uart.c.obj
                0x100054e8                stdio_uart_init
 .text.resetd_init
                0x10005510        0x2 src/CMakeFiles/radio.dir/home/arca/pico/pico-sdk/src/rp2_common/pico_stdio_usb/reset_interface.c.obj
 *fill*         0x10005512        0x2 
 .text.resetd_reset
                0x10005514        0xc src/CMakeFiles/radio.dir/home/arca/pico/pico-sdk/src/rp2_common/pico_stdio_usb/reset_interface.c.obj
 .text.resetd_open
                0x10005520       0x34 src/CMakeFiles/radio.dir/home/arca/pico/pico-sdk/src/rp2_common/pico_stdio_usb/reset_interface.c.obj
 .text.resetd_xfer_cb
                0x10005554        0x4 src/CMakeFiles/radio.dir/home/arca/pico/pico-sdk/src/rp2_common/pico_stdio_usb/reset_interface.c.obj
 .text.reset_usb_boot
                0x10005558       0x18 src/CMakeFiles/radio.dir/home/arca/pico/pico-sdk/src/rp2_common/pico_stdio_usb/reset_interface.c.obj
 .text.resetd_control_xfer_cb
                0x10005570       0x5c src/CMakeFiles/radio.dir/home/arca/pico/pico-sdk/src/rp2_common/pico_stdio_usb/reset_interface.c.obj
 .text.usbd_app_driver_get_cb
                0x100055cc        0xc src/CMakeFiles/radio.dir/home/arca/pico/pico-sdk/src/rp2_common/pico_stdio_usb/reset_interface.c.obj
                0x100055cc                usbd_app_driver_get_cb
 .text.tud_cdc_line_coding_cb
                0x100055d8       0x28 src/CMakeFiles/radio.dir/home/arca/pico/pico-sdk/src/rp2_common/pico_stdio_usb/reset_interface.c.obj
                0x100055d8                tud_cdc_line_coding_cb
 .text.stdio_usb_set_chars_available_callback
                0x10005600       0x14 src/CMakeFiles/radio.dir/home/arca/pico/pico-sdk/src/rp2_common/pico_stdio_usb/stdio_usb.c.obj
                0x10005600                stdio_usb_set_chars_available_callback
 .text.update_us_since_boot
                0x10005614       0x24 src/CMakeFiles/radio.dir/home/arca/pico/pico-sdk/src/rp2_common/pico_stdio_usb/stdio_usb.c.obj
 .text.get_absolute_time
                0x10005638       0x22 src/CMakeFiles/radio.dir/home/arca/pico/pico-sdk/src/rp2_common/pico_stdio_usb/stdio_usb.c.obj
 *fill*         0x1000565a        0x2 
 .text.delayed_by_ms
                0x1000565c       0x44 src/CMakeFiles/radio.dir/home/arca/pico/pico-sdk/src/rp2_common/pico_stdio_usb/stdio_usb.c.obj
 .text.make_timeout_time_ms
                0x100056a0       0x20 src/CMakeFiles/radio.dir/home/arca/pico/pico-sdk/src/rp2_common/pico_stdio_usb/stdio_usb.c.obj
 .text.delayed_by_us
                0x100056c0       0x34 src/CMakeFiles/radio.dir/home/arca/pico/pico-sdk/src/rp2_common/pico_stdio_usb/stdio_usb.c.obj
 .text.usb_irq  0x100056f4       0x10 src/CMakeFiles/radio.dir/home/arca/pico/pico-sdk/src/rp2_common/pico_stdio_usb/stdio_usb.c.obj
 .text.critical_section_enter_blocking
                0x10005704       0x16 src/CMakeFiles/radio.dir/home/arca/pico/pico-sdk/src/rp2_common/pico_stdio_usb/stdio_usb.c.obj
 *fill*         0x1000571a        0x2 
 .text.timer_task
                0x1000571c       0x4c src/CMakeFiles/radio.dir/home/arca/pico/pico-sdk/src/rp2_common/pico_stdio_usb/stdio_usb.c.obj
 .text.alarm_pool_add_alarm_in_us
                0x10005768       0x3a src/CMakeFiles/radio.dir/home/arca/pico/pico-sdk/src/rp2_common/pico_stdio_usb/stdio_usb.c.obj
 .text.add_alarm_in_us
                0x100057a2       0x2e src/CMakeFiles/radio.dir/home/arca/pico/pico-sdk/src/rp2_common/pico_stdio_usb/stdio_usb.c.obj
 .text.low_priority_worker_irq
                0x100057d0       0x7c src/CMakeFiles/radio.dir/home/arca/pico/pico-sdk/src/rp2_common/pico_stdio_usb/stdio_usb.c.obj
 .text.tud_cdc_rx_cb
                0x1000584c       0x20 src/CMakeFiles/radio.dir/home/arca/pico/pico-sdk/src/rp2_common/pico_stdio_usb/stdio_usb.c.obj
                0x1000584c                tud_cdc_rx_cb
 .text.stdio_usb_init
                0x1000586c       0xd0 src/CMakeFiles/radio.dir/home/arca/pico/pico-sdk/src/rp2_common/pico_stdio_usb/stdio_usb.c.obj
                0x1000586c                stdio_usb_init
 .text.stdio_usb_connected
                0x1000593c        0xa src/CMakeFiles/radio.dir/home/arca/pico/pico-sdk/src/rp2_common/pico_stdio_usb/stdio_usb.c.obj
                0x1000593c                stdio_usb_connected
 *fill*         0x10005946        0x2 
 .text.stdio_usb_in_chars
                0x10005948       0x88 src/CMakeFiles/radio.dir/home/arca/pico/pico-sdk/src/rp2_common/pico_stdio_usb/stdio_usb.c.obj
                0x10005948                stdio_usb_in_chars
 .text.stdio_usb_out_chars
                0x100059d0       0xd8 src/CMakeFiles/radio.dir/home/arca/pico/pico-sdk/src/rp2_common/pico_stdio_usb/stdio_usb.c.obj
 .text.tud_descriptor_device_cb
                0x10005aa8        0x8 src/CMakeFiles/radio.dir/home/arca/pico/pico-sdk/src/rp2_common/pico_stdio_usb/stdio_usb_descriptors.c.obj
                0x10005aa8                tud_descriptor_device_cb
 .text.tud_descriptor_configuration_cb
                0x10005ab0        0x8 src/CMakeFiles/radio.dir/home/arca/pico/pico-sdk/src/rp2_common/pico_stdio_usb/stdio_usb_descriptors.c.obj
                0x10005ab0                tud_descriptor_configuration_cb
 .text.tud_descriptor_string_cb
                0x10005ab8       0x6c src/CMakeFiles/radio.dir/home/arca/pico/pico-sdk/src/rp2_common/pico_stdio_usb/stdio_usb_descriptors.c.obj
                0x10005ab8                tud_descriptor_string_cb
 .text._retrieve_unique_id_on_boot
                0x10005b24       0x10 src/CMakeFiles/radio.dir/home/arca/pico/pico-sdk/src/rp2_common/pico_unique_id/unique_id.c.obj
 .text.pico_get_unique_board_id
                0x10005b34       0x10 src/CMakeFiles/radio.dir/home/arca/pico/pico-sdk/src/rp2_common/pico_unique_id/unique_id.c.obj
                0x10005b34                pico_get_unique_board_id
 .text.pico_get_unique_board_id_string
                0x10005b44       0x5c src/CMakeFiles/radio.dir/home/arca/pico/pico-sdk/src/rp2_common/pico_unique_id/unique_id.c.obj
                0x10005b44                pico_get_unique_board_id_string
 .text.flash_get_unique_id
                0x10005ba0       0x40 src/CMakeFiles/radio.dir/home/arca/pico/pico-sdk/src/rp2_common/hardware_flash/flash.c.obj
                0x10005ba0                flash_get_unique_id
 .text.hw_endpoint_get_by_addr
                0x10005be0       0x18 src/CMakeFiles/radio.dir/home/arca/pico/pico-sdk/lib/tinyusb/src/portable/raspberrypi/rp2040/dcd_rp2040.c.obj
 .text._hw_endpoint_alloc
                0x10005bf8       0x70 src/CMakeFiles/radio.dir/home/arca/pico/pico-sdk/lib/tinyusb/src/portable/raspberrypi/rp2040/dcd_rp2040.c.obj
 .text.hw_endpoint_init
                0x10005c68       0x88 src/CMakeFiles/radio.dir/home/arca/pico/pico-sdk/lib/tinyusb/src/portable/raspberrypi/rp2040/dcd_rp2040.c.obj
 .text.dcd_event_sof
                0x10005cf0       0x2c src/CMakeFiles/radio.dir/home/arca/pico/pico-sdk/lib/tinyusb/src/portable/raspberrypi/rp2040/dcd_rp2040.c.obj
 .text.hw_endpoint_xfer
                0x10005d1c       0x14 src/CMakeFiles/radio.dir/home/arca/pico/pico-sdk/lib/tinyusb/src/portable/raspberrypi/rp2040/dcd_rp2040.c.obj
 .text.dcd_int_enable
                0x10005d30       0x2c src/CMakeFiles/radio.dir/home/arca/pico/pico-sdk/lib/tinyusb/src/portable/raspberrypi/rp2040/dcd_rp2040.c.obj
                0x10005d30                dcd_int_enable
 .text.dcd_set_address
                0x10005d5c       0x2c src/CMakeFiles/radio.dir/home/arca/pico/pico-sdk/lib/tinyusb/src/portable/raspberrypi/rp2040/dcd_rp2040.c.obj
                0x10005d5c                dcd_set_address
 .text.dcd_connect
                0x10005d88       0x10 src/CMakeFiles/radio.dir/home/arca/pico/pico-sdk/lib/tinyusb/src/portable/raspberrypi/rp2040/dcd_rp2040.c.obj
                0x10005d88                dcd_connect
 .text.dcd_init
                0x10005d98       0x80 src/CMakeFiles/radio.dir/home/arca/pico/pico-sdk/lib/tinyusb/src/portable/raspberrypi/rp2040/dcd_rp2040.c.obj
                0x10005d98                dcd_init
 .text.dcd_edpt0_status_complete
                0x10005e18       0x1c src/CMakeFiles/radio.dir/home/arca/pico/pico-sdk/lib/tinyusb/src/portable/raspberrypi/rp2040/dcd_rp2040.c.obj
                0x10005e18                dcd_edpt0_status_complete
 .text.dcd_edpt_open
                0x10005e34       0x40 src/CMakeFiles/radio.dir/home/arca/pico/pico-sdk/lib/tinyusb/src/portable/raspberrypi/rp2040/dcd_rp2040.c.obj
                0x10005e34                dcd_edpt_open
 .text.dcd_edpt_close_all
                0x10005e74        0x8 src/CMakeFiles/radio.dir/home/arca/pico/pico-sdk/lib/tinyusb/src/portable/raspberrypi/rp2040/dcd_rp2040.c.obj
                0x10005e74                dcd_edpt_close_all
 .text.dcd_edpt_xfer
                0x10005e7c       0x34 src/CMakeFiles/radio.dir/home/arca/pico/pico-sdk/lib/tinyusb/src/portable/raspberrypi/rp2040/dcd_rp2040.c.obj
                0x10005e7c                dcd_edpt_xfer
 .text.dcd_edpt_stall
                0x10005eb0       0x2c src/CMakeFiles/radio.dir/home/arca/pico/pico-sdk/lib/tinyusb/src/portable/raspberrypi/rp2040/dcd_rp2040.c.obj
                0x10005eb0                dcd_edpt_stall
 .text.dcd_edpt_clear_stall
                0x10005edc       0x20 src/CMakeFiles/radio.dir/home/arca/pico/pico-sdk/lib/tinyusb/src/portable/raspberrypi/rp2040/dcd_rp2040.c.obj
                0x10005edc                dcd_edpt_clear_stall
 .text.rp2040_usb_init
                0x10005efc       0x4c src/CMakeFiles/radio.dir/home/arca/pico/pico-sdk/lib/tinyusb/src/portable/raspberrypi/rp2040/rp2040_usb.c.obj
                0x10005efc                rp2040_usb_init
 .text.hw_endpoint_xfer_start
                0x10005f48       0x50 src/CMakeFiles/radio.dir/home/arca/pico/pico-sdk/lib/tinyusb/src/portable/raspberrypi/rp2040/rp2040_usb.c.obj
                0x10005f48                hw_endpoint_xfer_start
 .text.configuration_reset
                0x10005f98       0x84 src/CMakeFiles/radio.dir/home/arca/pico/pico-sdk/lib/tinyusb/src/device/usbd.c.obj
 .text.critical_section_enter_blocking
                0x1000601c       0x16 src/CMakeFiles/radio.dir/home/arca/pico/pico-sdk/lib/tinyusb/src/device/usbd.c.obj
 .text.usbd_reset
                0x10006032        0xc src/CMakeFiles/radio.dir/home/arca/pico/pico-sdk/lib/tinyusb/src/device/usbd.c.obj
 .text.invoke_class_control
                0x1000603e       0x1a src/CMakeFiles/radio.dir/home/arca/pico/pico-sdk/lib/tinyusb/src/device/usbd.c.obj
 .text.process_set_config
                0x10006058      0x178 src/CMakeFiles/radio.dir/home/arca/pico/pico-sdk/lib/tinyusb/src/device/usbd.c.obj
 .text.process_get_descriptor
                0x100061d0       0xdc src/CMakeFiles/radio.dir/home/arca/pico/pico-sdk/lib/tinyusb/src/device/usbd.c.obj
 .text.tud_mounted
                0x100062ac       0x10 src/CMakeFiles/radio.dir/home/arca/pico/pico-sdk/lib/tinyusb/src/device/usbd.c.obj
                0x100062ac                tud_mounted
 .text.tud_suspended
                0x100062bc       0x10 src/CMakeFiles/radio.dir/home/arca/pico/pico-sdk/lib/tinyusb/src/device/usbd.c.obj
                0x100062bc                tud_suspended
 .text.tud_inited
                0x100062cc       0x14 src/CMakeFiles/radio.dir/home/arca/pico/pico-sdk/lib/tinyusb/src/device/usbd.c.obj
                0x100062cc                tud_inited
 .text.tud_init
                0x100062e0       0xcc src/CMakeFiles/radio.dir/home/arca/pico/pico-sdk/lib/tinyusb/src/device/usbd.c.obj
                0x100062e0                tud_init
 .text.usbd_defer_func
                0x100063ac       0x2a src/CMakeFiles/radio.dir/home/arca/pico/pico-sdk/lib/tinyusb/src/device/usbd.c.obj
                0x100063ac                usbd_defer_func
 *fill*         0x100063d6        0x2 
 .text.usbd_edpt_open
                0x100063d8       0x34 src/CMakeFiles/radio.dir/home/arca/pico/pico-sdk/lib/tinyusb/src/device/usbd.c.obj
                0x100063d8                usbd_edpt_open
 .text.usbd_open_edpt_pair
                0x1000640c       0x62 src/CMakeFiles/radio.dir/home/arca/pico/pico-sdk/lib/tinyusb/src/device/usbd.c.obj
                0x1000640c                usbd_open_edpt_pair
 *fill*         0x1000646e        0x2 
 .text.usbd_edpt_claim
                0x10006470       0x28 src/CMakeFiles/radio.dir/home/arca/pico/pico-sdk/lib/tinyusb/src/device/usbd.c.obj
                0x10006470                usbd_edpt_claim
 .text.usbd_edpt_release
                0x10006498       0x28 src/CMakeFiles/radio.dir/home/arca/pico/pico-sdk/lib/tinyusb/src/device/usbd.c.obj
                0x10006498                usbd_edpt_release
 .text.usbd_edpt_xfer
                0x100064c0       0x78 src/CMakeFiles/radio.dir/home/arca/pico/pico-sdk/lib/tinyusb/src/device/usbd.c.obj
                0x100064c0                usbd_edpt_xfer
 .text.usbd_edpt_stall
                0x10006538       0x48 src/CMakeFiles/radio.dir/home/arca/pico/pico-sdk/lib/tinyusb/src/device/usbd.c.obj
                0x10006538                usbd_edpt_stall
 .text.usbd_edpt_clear_stall
                0x10006580       0x48 src/CMakeFiles/radio.dir/home/arca/pico/pico-sdk/lib/tinyusb/src/device/usbd.c.obj
                0x10006580                usbd_edpt_clear_stall
 .text.usbd_edpt_stalled
                0x100065c8       0x1c src/CMakeFiles/radio.dir/home/arca/pico/pico-sdk/lib/tinyusb/src/device/usbd.c.obj
                0x100065c8                usbd_edpt_stalled
 .text.process_control_request
                0x100065e4      0x374 src/CMakeFiles/radio.dir/home/arca/pico/pico-sdk/lib/tinyusb/src/device/usbd.c.obj
 .text.tud_task_ext
                0x10006958      0x1a8 src/CMakeFiles/radio.dir/home/arca/pico/pico-sdk/lib/tinyusb/src/device/usbd.c.obj
                0x10006958                tud_task_ext
 .text._status_stage_xact
                0x10006b00       0x1a src/CMakeFiles/radio.dir/home/arca/pico/pico-sdk/lib/tinyusb/src/device/usbd_control.c.obj
 *fill*         0x10006b1a        0x2 
 .text._data_stage_xact
                0x10006b1c       0x58 src/CMakeFiles/radio.dir/home/arca/pico/pico-sdk/lib/tinyusb/src/device/usbd_control.c.obj
 .text.tud_control_status
                0x10006b74       0x28 src/CMakeFiles/radio.dir/home/arca/pico/pico-sdk/lib/tinyusb/src/device/usbd_control.c.obj
                0x10006b74                tud_control_status
 .text.tud_control_xfer
                0x10006b9c       0x68 src/CMakeFiles/radio.dir/home/arca/pico/pico-sdk/lib/tinyusb/src/device/usbd_control.c.obj
                0x10006b9c                tud_control_xfer
 .text.usbd_control_reset
                0x10006c04       0x14 src/CMakeFiles/radio.dir/home/arca/pico/pico-sdk/lib/tinyusb/src/device/usbd_control.c.obj
                0x10006c04                usbd_control_reset
 .text.usbd_control_set_complete_callback
                0x10006c18        0xc src/CMakeFiles/radio.dir/home/arca/pico/pico-sdk/lib/tinyusb/src/device/usbd_control.c.obj
                0x10006c18                usbd_control_set_complete_callback
 .text.usbd_control_set_request
                0x10006c24       0x1c src/CMakeFiles/radio.dir/home/arca/pico/pico-sdk/lib/tinyusb/src/device/usbd_control.c.obj
                0x10006c24                usbd_control_set_request
 .text.usbd_control_xfer_cb
                0x10006c40       0xbc src/CMakeFiles/radio.dir/home/arca/pico/pico-sdk/lib/tinyusb/src/device/usbd_control.c.obj
                0x10006c40                usbd_control_xfer_cb
 .text._prep_out_transaction
                0x10006cfc       0x4a src/CMakeFiles/radio.dir/home/arca/pico/pico-sdk/lib/tinyusb/src/class/cdc/cdc_device.c.obj
 *fill*         0x10006d46        0x2 
 .text.tud_cdc_n_connected
                0x10006d48       0x38 src/CMakeFiles/radio.dir/home/arca/pico/pico-sdk/lib/tinyusb/src/class/cdc/cdc_device.c.obj
                0x10006d48                tud_cdc_n_connected
 .text.tud_cdc_n_available
                0x10006d80       0x18 src/CMakeFiles/radio.dir/home/arca/pico/pico-sdk/lib/tinyusb/src/class/cdc/cdc_device.c.obj
                0x10006d80                tud_cdc_n_available
 .text.tud_cdc_n_read
                0x10006d98       0x28 src/CMakeFiles/radio.dir/home/arca/pico/pico-sdk/lib/tinyusb/src/class/cdc/cdc_device.c.obj
                0x10006d98                tud_cdc_n_read
 .text.tud_cdc_n_write_flush
                0x10006dc0       0xb8 src/CMakeFiles/radio.dir/home/arca/pico/pico-sdk/lib/tinyusb/src/class/cdc/cdc_device.c.obj
                0x10006dc0                tud_cdc_n_write_flush
 .text.tud_cdc_n_write
                0x10006e78       0x38 src/CMakeFiles/radio.dir/home/arca/pico/pico-sdk/lib/tinyusb/src/class/cdc/cdc_device.c.obj
                0x10006e78                tud_cdc_n_write
 .text.tud_cdc_n_write_available
                0x10006eb0       0x1c src/CMakeFiles/radio.dir/home/arca/pico/pico-sdk/lib/tinyusb/src/class/cdc/cdc_device.c.obj
                0x10006eb0                tud_cdc_n_write_available
 .text.cdcd_init
                0x10006ecc       0xbc src/CMakeFiles/radio.dir/home/arca/pico/pico-sdk/lib/tinyusb/src/class/cdc/cdc_device.c.obj
                0x10006ecc                cdcd_init
 .text.cdcd_reset
                0x10006f88       0x44 src/CMakeFiles/radio.dir/home/arca/pico/pico-sdk/lib/tinyusb/src/class/cdc/cdc_device.c.obj
                0x10006f88                cdcd_reset
 .text.cdcd_open
                0x10006fcc       0xc4 src/CMakeFiles/radio.dir/home/arca/pico/pico-sdk/lib/tinyusb/src/class/cdc/cdc_device.c.obj
                0x10006fcc                cdcd_open
 .text.cdcd_control_xfer_cb
                0x10007090      0x134 src/CMakeFiles/radio.dir/home/arca/pico/pico-sdk/lib/tinyusb/src/class/cdc/cdc_device.c.obj
                0x10007090                cdcd_control_xfer_cb
 .text.cdcd_xfer_cb
                0x100071c4      0x130 src/CMakeFiles/radio.dir/home/arca/pico/pico-sdk/lib/tinyusb/src/class/cdc/cdc_device.c.obj
                0x100071c4                cdcd_xfer_cb
 .text.tusb_init
                0x100072f4        0xa src/CMakeFiles/radio.dir/home/arca/pico/pico-sdk/lib/tinyusb/src/tusb.c.obj
                0x100072f4                tusb_init
 .text.tusb_inited
                0x100072fe        0xe src/CMakeFiles/radio.dir/home/arca/pico/pico-sdk/lib/tinyusb/src/tusb.c.obj
                0x100072fe                tusb_inited
 .text.tu_edpt_claim
                0x1000730c       0x50 src/CMakeFiles/radio.dir/home/arca/pico/pico-sdk/lib/tinyusb/src/tusb.c.obj
                0x1000730c                tu_edpt_claim
 .text.tu_edpt_release
                0x1000735c       0x38 src/CMakeFiles/radio.dir/home/arca/pico/pico-sdk/lib/tinyusb/src/tusb.c.obj
                0x1000735c                tu_edpt_release
 .text.tu_edpt_validate
                0x10007394       0x78 src/CMakeFiles/radio.dir/home/arca/pico/pico-sdk/lib/tinyusb/src/tusb.c.obj
                0x10007394                tu_edpt_validate
 .text.tu_edpt_bind_driver
                0x1000740c       0x26 src/CMakeFiles/radio.dir/home/arca/pico/pico-sdk/lib/tinyusb/src/tusb.c.obj
                0x1000740c                tu_edpt_bind_driver
 .text.advance_index
                0x10007432       0x1a src/CMakeFiles/radio.dir/home/arca/pico/pico-sdk/lib/tinyusb/src/common/tusb_fifo.c.obj
 .text._tu_fifo_peek
                0x1000744c       0x56 src/CMakeFiles/radio.dir/home/arca/pico/pico-sdk/lib/tinyusb/src/common/tusb_fifo.c.obj
 .text._ff_pull_const_addr
                0x100074a2       0x4c src/CMakeFiles/radio.dir/home/arca/pico/pico-sdk/lib/tinyusb/src/common/tusb_fifo.c.obj
 .text._ff_pull_n
                0x100074ee      0x110 src/CMakeFiles/radio.dir/home/arca/pico/pico-sdk/lib/tinyusb/src/common/tusb_fifo.c.obj
 .text._tu_fifo_peek_n
                0x100075fe       0x6a src/CMakeFiles/radio.dir/home/arca/pico/pico-sdk/lib/tinyusb/src/common/tusb_fifo.c.obj
 .text._tu_fifo_read_n
                0x10007668       0x4e src/CMakeFiles/radio.dir/home/arca/pico/pico-sdk/lib/tinyusb/src/common/tusb_fifo.c.obj
 .text._ff_push_const_addr
                0x100076b6       0x40 src/CMakeFiles/radio.dir/home/arca/pico/pico-sdk/lib/tinyusb/src/common/tusb_fifo.c.obj
 .text._ff_push_n
                0x100076f6      0x10c src/CMakeFiles/radio.dir/home/arca/pico/pico-sdk/lib/tinyusb/src/common/tusb_fifo.c.obj
 .text._tu_fifo_write_n
                0x10007802       0xf0 src/CMakeFiles/radio.dir/home/arca/pico/pico-sdk/lib/tinyusb/src/common/tusb_fifo.c.obj
 .text.tu_fifo_config
                0x100078f2       0x7c src/CMakeFiles/radio.dir/home/arca/pico/pico-sdk/lib/tinyusb/src/common/tusb_fifo.c.obj
                0x100078f2                tu_fifo_config
 .text.tu_fifo_count
                0x1000796e       0x2a src/CMakeFiles/radio.dir/home/arca/pico/pico-sdk/lib/tinyusb/src/common/tusb_fifo.c.obj
                0x1000796e                tu_fifo_count
 .text.tu_fifo_empty
                0x10007998        0xe src/CMakeFiles/radio.dir/home/arca/pico/pico-sdk/lib/tinyusb/src/common/tusb_fifo.c.obj
                0x10007998                tu_fifo_empty
 .text.tu_fifo_full
                0x100079a6       0x28 src/CMakeFiles/radio.dir/home/arca/pico/pico-sdk/lib/tinyusb/src/common/tusb_fifo.c.obj
                0x100079a6                tu_fifo_full
 .text.tu_fifo_remaining
                0x100079ce       0x2c src/CMakeFiles/radio.dir/home/arca/pico/pico-sdk/lib/tinyusb/src/common/tusb_fifo.c.obj
                0x100079ce                tu_fifo_remaining
 .text.tu_fifo_read
                0x100079fa       0x42 src/CMakeFiles/radio.dir/home/arca/pico/pico-sdk/lib/tinyusb/src/common/tusb_fifo.c.obj
                0x100079fa                tu_fifo_read
 .text.tu_fifo_read_n
                0x10007a3c        0xa src/CMakeFiles/radio.dir/home/arca/pico/pico-sdk/lib/tinyusb/src/common/tusb_fifo.c.obj
                0x10007a3c                tu_fifo_read_n
 .text.tu_fifo_write
                0x10007a46       0x64 src/CMakeFiles/radio.dir/home/arca/pico/pico-sdk/lib/tinyusb/src/common/tusb_fifo.c.obj
                0x10007a46                tu_fifo_write
 .text.tu_fifo_write_n
                0x10007aaa        0xa src/CMakeFiles/radio.dir/home/arca/pico/pico-sdk/lib/tinyusb/src/common/tusb_fifo.c.obj
                0x10007aaa                tu_fifo_write_n
 .text.tu_fifo_clear
                0x10007ab4       0x3e src/CMakeFiles/radio.dir/home/arca/pico/pico-sdk/lib/tinyusb/src/common/tusb_fifo.c.obj
                0x10007ab4                tu_fifo_clear
 .text.tu_fifo_set_overwritable
                0x10007af2       0x46 src/CMakeFiles/radio.dir/home/arca/pico/pico-sdk/lib/tinyusb/src/common/tusb_fifo.c.obj
                0x10007af2                tu_fifo_set_overwritable
 .text.core1_trampoline
                0x10007b38        0x2 src/CMakeFiles/radio.dir/home/arca/pico/pico-sdk/src/rp2_common/pico_multicore/multicore.c.obj
 .text.core1_wrapper
                0x10007b3a        0xc src/CMakeFiles/radio.dir/home/arca/pico/pico-sdk/src/rp2_common/pico_multicore/multicore.c.obj
                0x10007b3a                core1_wrapper
 .text.multicore_fifo_push_blocking
                0x10007b46       0x14 src/CMakeFiles/radio.dir/home/arca/pico/pico-sdk/src/rp2_common/pico_multicore/multicore.c.obj
                0x10007b46                multicore_fifo_push_blocking
 .text.multicore_fifo_pop_blocking
                0x10007b5a       0x16 src/CMakeFiles/radio.dir/home/arca/pico/pico-sdk/src/rp2_common/pico_multicore/multicore.c.obj
                0x10007b5a                multicore_fifo_pop_blocking
 .text.multicore_launch_core1_raw
                0x10007b70       0x70 src/CMakeFiles/radio.dir/home/arca/pico/pico-sdk/src/rp2_common/pico_multicore/multicore.c.obj
                0x10007b70                multicore_launch_core1_raw
 .text.multicore_launch_core1_with_stack
                0x10007be0       0x50 src/CMakeFiles/radio.dir/home/arca/pico/pico-sdk/src/rp2_common/pico_multicore/multicore.c.obj
                0x10007be0                multicore_launch_core1_with_stack
 .text.multicore_launch_core1
                0x10007c30       0x24 src/CMakeFiles/radio.dir/home/arca/pico/pico-sdk/src/rp2_common/pico_multicore/multicore.c.obj
                0x10007c30                multicore_launch_core1
 .text.clear_lwip_context
                0x10007c54       0x10 src/CMakeFiles/radio.dir/home/arca/pico/pico-sdk/src/rp2_common/pico_lwip/lwip_freertos.c.obj
 .text.tcpip_init_done
                0x10007c64        0xe src/CMakeFiles/radio.dir/home/arca/pico/pico-sdk/src/rp2_common/pico_lwip/lwip_freertos.c.obj
 *fill*         0x10007c72        0x2 
 .text.lwip_freertos_init
                0x10007c74       0x8c src/CMakeFiles/radio.dir/home/arca/pico/pico-sdk/src/rp2_common/pico_lwip/lwip_freertos.c.obj
                0x10007c74                lwip_freertos_init
 .text.lwip_freertos_deinit
                0x10007d00       0x14 src/CMakeFiles/radio.dir/home/arca/pico/pico-sdk/src/rp2_common/pico_lwip/lwip_freertos.c.obj
                0x10007d00                lwip_freertos_deinit
 .text.pico_lwip_custom_lock_tcpip_core
                0x10007d14       0x2c src/CMakeFiles/radio.dir/home/arca/pico/pico-sdk/src/rp2_common/pico_lwip/lwip_freertos.c.obj
                0x10007d14                pico_lwip_custom_lock_tcpip_core
 .text.pico_lwip_custom_unlock_tcpip_core
                0x10007d40       0x14 src/CMakeFiles/radio.dir/home/arca/pico/pico-sdk/src/rp2_common/pico_lwip/lwip_freertos.c.obj
                0x10007d40                pico_lwip_custom_unlock_tcpip_core
 .text.is_at_the_end_of_time
                0x10007d54       0x1c src/CMakeFiles/radio.dir/home/arca/pico/pico-sdk/src/rp2_common/pico_async_context/async_context_base.c.obj
 .text.update_us_since_boot
                0x10007d70       0x24 src/CMakeFiles/radio.dir/home/arca/pico/pico-sdk/src/rp2_common/pico_async_context/async_context_base.c.obj
 .text.get_absolute_time
                0x10007d94       0x22 src/CMakeFiles/radio.dir/home/arca/pico/pico-sdk/src/rp2_common/pico_async_context/async_context_base.c.obj
 .text.async_context_base_add_at_time_worker
                0x10007db6       0x1c src/CMakeFiles/radio.dir/home/arca/pico/pico-sdk/src/rp2_common/pico_async_context/async_context_base.c.obj
                0x10007db6                async_context_base_add_at_time_worker
 .text.async_context_base_remove_at_time_worker
                0x10007dd2       0x1c src/CMakeFiles/radio.dir/home/arca/pico/pico-sdk/src/rp2_common/pico_async_context/async_context_base.c.obj
                0x10007dd2                async_context_base_remove_at_time_worker
 .text.async_context_base_add_when_pending_worker
                0x10007dee       0x1c src/CMakeFiles/radio.dir/home/arca/pico/pico-sdk/src/rp2_common/pico_async_context/async_context_base.c.obj
                0x10007dee                async_context_base_add_when_pending_worker
 .text.async_context_base_remove_when_pending_worker
                0x10007e0a       0x1c src/CMakeFiles/radio.dir/home/arca/pico/pico-sdk/src/rp2_common/pico_async_context/async_context_base.c.obj
                0x10007e0a                async_context_base_remove_when_pending_worker
 *fill*         0x10007e26        0x2 
 .text.async_context_base_remove_ready_at_time_worker
                0x10007e28       0x78 src/CMakeFiles/radio.dir/home/arca/pico/pico-sdk/src/rp2_common/pico_async_context/async_context_base.c.obj
                0x10007e28                async_context_base_remove_ready_at_time_worker
 .text.async_context_base_refresh_next_timeout
                0x10007ea0       0x3c src/CMakeFiles/radio.dir/home/arca/pico/pico-sdk/src/rp2_common/pico_async_context/async_context_base.c.obj
                0x10007ea0                async_context_base_refresh_next_timeout
 .text.async_context_base_execute_once
                0x10007edc       0x48 src/CMakeFiles/radio.dir/home/arca/pico/pico-sdk/src/rp2_common/pico_async_context/async_context_base.c.obj
                0x10007edc                async_context_base_execute_once
 .text.lwip_init
                0x10007f24       0x28 src/CMakeFiles/radio.dir/home/arca/pico/pico-sdk/lib/lwip/src/core/init.c.obj
                0x10007f24                lwip_init
 .text.lwip_htons
                0x10007f4c        0xa src/CMakeFiles/radio.dir/home/arca/pico/pico-sdk/lib/lwip/src/core/def.c.obj
                0x10007f4c                lwip_htons
 .text.lwip_htonl
                0x10007f56       0x1e src/CMakeFiles/radio.dir/home/arca/pico/pico-sdk/lib/lwip/src/core/def.c.obj
                0x10007f56                lwip_htonl
 .text.lwip_strnicmp
                0x10007f74       0x44 src/CMakeFiles/radio.dir/home/arca/pico/pico-sdk/lib/lwip/src/core/def.c.obj
                0x10007f74                lwip_strnicmp
 .text.dns_backupserver_available
                0x10007fb8       0x28 src/CMakeFiles/radio.dir/home/arca/pico/pico-sdk/lib/lwip/src/core/dns.c.obj
 .text.dns_create_txid
                0x10007fe0       0x3c src/CMakeFiles/radio.dir/home/arca/pico/pico-sdk/lib/lwip/src/core/dns.c.obj
 .text.dns_call_found
                0x1000801c       0xf4 src/CMakeFiles/radio.dir/home/arca/pico/pico-sdk/lib/lwip/src/core/dns.c.obj
 .text.dns_correct_response
                0x10008110       0x64 src/CMakeFiles/radio.dir/home/arca/pico/pico-sdk/lib/lwip/src/core/dns.c.obj
 .text.dns_send
                0x10008174      0x17c src/CMakeFiles/radio.dir/home/arca/pico/pico-sdk/lib/lwip/src/core/dns.c.obj
 .text.dns_check_entry
                0x100082f0      0x11c src/CMakeFiles/radio.dir/home/arca/pico/pico-sdk/lib/lwip/src/core/dns.c.obj
 .text.dns_check_entries
                0x1000840c       0x16 src/CMakeFiles/radio.dir/home/arca/pico/pico-sdk/lib/lwip/src/core/dns.c.obj
 *fill*         0x10008422        0x2 
 .text.dns_lookup
                0x10008424       0x78 src/CMakeFiles/radio.dir/home/arca/pico/pico-sdk/lib/lwip/src/core/dns.c.obj
 .text.dns_alloc_random_port
                0x1000849c       0x54 src/CMakeFiles/radio.dir/home/arca/pico/pico-sdk/lib/lwip/src/core/dns.c.obj
 .text.dns_alloc_pcb
                0x100084f0       0x70 src/CMakeFiles/radio.dir/home/arca/pico/pico-sdk/lib/lwip/src/core/dns.c.obj
 .text.dns_enqueue
                0x10008560      0x188 src/CMakeFiles/radio.dir/home/arca/pico/pico-sdk/lib/lwip/src/core/dns.c.obj
 .text.dns_compare_name
                0x100086e8       0xb4 src/CMakeFiles/radio.dir/home/arca/pico/pico-sdk/lib/lwip/src/core/dns.c.obj
 .text.dns_skip_name
                0x1000879c       0x64 src/CMakeFiles/radio.dir/home/arca/pico/pico-sdk/lib/lwip/src/core/dns.c.obj
 .text.dns_recv
                0x10008800      0x220 src/CMakeFiles/radio.dir/home/arca/pico/pico-sdk/lib/lwip/src/core/dns.c.obj
 .text.dns_init
                0x10008a20        0x2 src/CMakeFiles/radio.dir/home/arca/pico/pico-sdk/lib/lwip/src/core/dns.c.obj
                0x10008a20                dns_init
 *fill*         0x10008a22        0x2 
 .text.dns_setserver
                0x10008a24       0x28 src/CMakeFiles/radio.dir/home/arca/pico/pico-sdk/lib/lwip/src/core/dns.c.obj
                0x10008a24                dns_setserver
 .text.dns_tmr  0x10008a4c        0x8 src/CMakeFiles/radio.dir/home/arca/pico/pico-sdk/lib/lwip/src/core/dns.c.obj
                0x10008a4c                dns_tmr
 .text.dns_gethostbyname_addrtype
                0x10008a54       0x84 src/CMakeFiles/radio.dir/home/arca/pico/pico-sdk/lib/lwip/src/core/dns.c.obj
                0x10008a54                dns_gethostbyname_addrtype
 .text.lwip_standard_chksum
                0x10008ad8       0xa0 src/CMakeFiles/radio.dir/home/arca/pico/pico-sdk/lib/lwip/src/core/inet_chksum.c.obj
                0x10008ad8                lwip_standard_chksum
 .text.inet_cksum_pseudo_base
                0x10008b78       0x82 src/CMakeFiles/radio.dir/home/arca/pico/pico-sdk/lib/lwip/src/core/inet_chksum.c.obj
 .text.inet_chksum_pseudo
                0x10008bfa       0x30 src/CMakeFiles/radio.dir/home/arca/pico/pico-sdk/lib/lwip/src/core/inet_chksum.c.obj
                0x10008bfa                inet_chksum_pseudo
 .text.ip_chksum_pseudo
                0x10008c2a       0x10 src/CMakeFiles/radio.dir/home/arca/pico/pico-sdk/lib/lwip/src/core/inet_chksum.c.obj
                0x10008c2a                ip_chksum_pseudo
 .text.inet_chksum
                0x10008c3a        0xc src/CMakeFiles/radio.dir/home/arca/pico/pico-sdk/lib/lwip/src/core/inet_chksum.c.obj
                0x10008c3a                inet_chksum
 .text.inet_chksum_pbuf
                0x10008c46       0x52 src/CMakeFiles/radio.dir/home/arca/pico/pico-sdk/lib/lwip/src/core/inet_chksum.c.obj
                0x10008c46                inet_chksum_pbuf
 .text.ptr_to_mem
                0x10008c98        0xc src/CMakeFiles/radio.dir/home/arca/pico/pico-sdk/lib/lwip/src/core/mem.c.obj
 .text.mem_to_ptr
                0x10008ca4       0x10 src/CMakeFiles/radio.dir/home/arca/pico/pico-sdk/lib/lwip/src/core/mem.c.obj
 .text.mem_link_valid
                0x10008cb4       0x5c src/CMakeFiles/radio.dir/home/arca/pico/pico-sdk/lib/lwip/src/core/mem.c.obj
 .text.plug_holes
                0x10008d10       0xd0 src/CMakeFiles/radio.dir/home/arca/pico/pico-sdk/lib/lwip/src/core/mem.c.obj
 .text.mem_init
                0x10008de0       0x58 src/CMakeFiles/radio.dir/home/arca/pico/pico-sdk/lib/lwip/src/core/mem.c.obj
                0x10008de0                mem_init
 .text.mem_free
                0x10008e38       0x94 src/CMakeFiles/radio.dir/home/arca/pico/pico-sdk/lib/lwip/src/core/mem.c.obj
                0x10008e38                mem_free
 .text.mem_trim
                0x10008ecc      0x14c src/CMakeFiles/radio.dir/home/arca/pico/pico-sdk/lib/lwip/src/core/mem.c.obj
                0x10008ecc                mem_trim
 .text.mem_malloc
                0x10009018      0x14c src/CMakeFiles/radio.dir/home/arca/pico/pico-sdk/lib/lwip/src/core/mem.c.obj
                0x10009018                mem_malloc
 .text.do_memp_malloc_pool
                0x10009164       0x30 src/CMakeFiles/radio.dir/home/arca/pico/pico-sdk/lib/lwip/src/core/memp.c.obj
 .text.do_memp_free_pool
                0x10009194       0x28 src/CMakeFiles/radio.dir/home/arca/pico/pico-sdk/lib/lwip/src/core/memp.c.obj
 .text.memp_init_pool
                0x100091bc       0x2a src/CMakeFiles/radio.dir/home/arca/pico/pico-sdk/lib/lwip/src/core/memp.c.obj
                0x100091bc                memp_init_pool
 *fill*         0x100091e6        0x2 
 .text.memp_init
                0x100091e8       0x20 src/CMakeFiles/radio.dir/home/arca/pico/pico-sdk/lib/lwip/src/core/memp.c.obj
                0x100091e8                memp_init
 .text.memp_malloc
                0x10009208       0x24 src/CMakeFiles/radio.dir/home/arca/pico/pico-sdk/lib/lwip/src/core/memp.c.obj
                0x10009208                memp_malloc
 .text.memp_free
                0x1000922c       0x28 src/CMakeFiles/radio.dir/home/arca/pico/pico-sdk/lib/lwip/src/core/memp.c.obj
                0x1000922c                memp_free
 .text.netif_do_set_netmask
                0x10009254       0x12 src/CMakeFiles/radio.dir/home/arca/pico/pico-sdk/lib/lwip/src/core/netif.c.obj
 .text.netif_do_set_gw
                0x10009266       0x12 src/CMakeFiles/radio.dir/home/arca/pico/pico-sdk/lib/lwip/src/core/netif.c.obj
 .text.netif_null_output_ip4
                0x10009278        0x6 src/CMakeFiles/radio.dir/home/arca/pico/pico-sdk/lib/lwip/src/core/netif.c.obj
 .text.netif_do_ip_addr_changed
                0x1000927e       0x1c src/CMakeFiles/radio.dir/home/arca/pico/pico-sdk/lib/lwip/src/core/netif.c.obj
 *fill*         0x1000929a        0x2 
 .text.netif_issue_reports
                0x1000929c       0x34 src/CMakeFiles/radio.dir/home/arca/pico/pico-sdk/lib/lwip/src/core/netif.c.obj
 .text.netif_do_set_ipaddr
                0x100092d0       0x54 src/CMakeFiles/radio.dir/home/arca/pico/pico-sdk/lib/lwip/src/core/netif.c.obj
 .text.netif_init
                0x10009324        0x2 src/CMakeFiles/radio.dir/home/arca/pico/pico-sdk/lib/lwip/src/core/netif.c.obj
                0x10009324                netif_init
 *fill*         0x10009326        0x2 
 .text.netif_set_addr
                0x10009328       0x78 src/CMakeFiles/radio.dir/home/arca/pico/pico-sdk/lib/lwip/src/core/netif.c.obj
                0x10009328                netif_set_addr
 .text.netif_add
                0x100093a0      0x124 src/CMakeFiles/radio.dir/home/arca/pico/pico-sdk/lib/lwip/src/core/netif.c.obj
                0x100093a0                netif_add
 .text.netif_set_default
                0x100094c4        0xc src/CMakeFiles/radio.dir/home/arca/pico/pico-sdk/lib/lwip/src/core/netif.c.obj
                0x100094c4                netif_set_default
 .text.netif_set_up
                0x100094d0       0x34 src/CMakeFiles/radio.dir/home/arca/pico/pico-sdk/lib/lwip/src/core/netif.c.obj
                0x100094d0                netif_set_up
 .text.netif_set_down
                0x10009504       0x3c src/CMakeFiles/radio.dir/home/arca/pico/pico-sdk/lib/lwip/src/core/netif.c.obj
                0x10009504                netif_set_down
 .text.netif_remove
                0x10009540       0x64 src/CMakeFiles/radio.dir/home/arca/pico/pico-sdk/lib/lwip/src/core/netif.c.obj
                0x10009540                netif_remove
 .text.netif_set_link_up
                0x100095a4       0x3c src/CMakeFiles/radio.dir/home/arca/pico/pico-sdk/lib/lwip/src/core/netif.c.obj
                0x100095a4                netif_set_link_up
 .text.netif_set_link_down
                0x100095e0       0x2c src/CMakeFiles/radio.dir/home/arca/pico/pico-sdk/lib/lwip/src/core/netif.c.obj
                0x100095e0                netif_set_link_down
 .text.netif_get_by_index
                0x1000960c       0x24 src/CMakeFiles/radio.dir/home/arca/pico/pico-sdk/lib/lwip/src/core/netif.c.obj
                0x1000960c                netif_get_by_index
 .text.pbuf_init_alloced_pbuf
                0x10009630       0x20 src/CMakeFiles/radio.dir/home/arca/pico/pico-sdk/lib/lwip/src/core/pbuf.c.obj
 .text.pbuf_skip_const
                0x10009650       0x1a src/CMakeFiles/radio.dir/home/arca/pico/pico-sdk/lib/lwip/src/core/pbuf.c.obj
 *fill*         0x1000966a        0x2 
 .text.pbuf_add_header_impl
                0x1000966c       0x68 src/CMakeFiles/radio.dir/home/arca/pico/pico-sdk/lib/lwip/src/core/pbuf.c.obj
 .text.pbuf_pool_is_empty
                0x100096d4       0x40 src/CMakeFiles/radio.dir/home/arca/pico/pico-sdk/lib/lwip/src/core/pbuf.c.obj
 .text.pbuf_free_ooseq
                0x10009714       0x30 src/CMakeFiles/radio.dir/home/arca/pico/pico-sdk/lib/lwip/src/core/pbuf.c.obj
 .text.pbuf_free_ooseq_callback
                0x10009744        0x8 src/CMakeFiles/radio.dir/home/arca/pico/pico-sdk/lib/lwip/src/core/pbuf.c.obj
 .text.pbuf_alloc_reference
                0x1000974c       0x3c src/CMakeFiles/radio.dir/home/arca/pico/pico-sdk/lib/lwip/src/core/pbuf.c.obj
                0x1000974c                pbuf_alloc_reference
 .text.pbuf_add_header
                0x10009788        0xa src/CMakeFiles/radio.dir/home/arca/pico/pico-sdk/lib/lwip/src/core/pbuf.c.obj
                0x10009788                pbuf_add_header
 *fill*         0x10009792        0x2 
 .text.pbuf_remove_header
                0x10009794       0x50 src/CMakeFiles/radio.dir/home/arca/pico/pico-sdk/lib/lwip/src/core/pbuf.c.obj
                0x10009794                pbuf_remove_header
 .text.pbuf_header_impl
                0x100097e4       0x14 src/CMakeFiles/radio.dir/home/arca/pico/pico-sdk/lib/lwip/src/core/pbuf.c.obj
 .text.pbuf_header_force
                0x100097f8        0xa src/CMakeFiles/radio.dir/home/arca/pico/pico-sdk/lib/lwip/src/core/pbuf.c.obj
                0x100097f8                pbuf_header_force
 *fill*         0x10009802        0x2 
 .text.pbuf_free
                0x10009804       0x7c src/CMakeFiles/radio.dir/home/arca/pico/pico-sdk/lib/lwip/src/core/pbuf.c.obj
                0x10009804                pbuf_free
 .text.pbuf_alloc
                0x10009880      0x144 src/CMakeFiles/radio.dir/home/arca/pico/pico-sdk/lib/lwip/src/core/pbuf.c.obj
                0x10009880                pbuf_alloc
 .text.pbuf_realloc
                0x100099c4       0x84 src/CMakeFiles/radio.dir/home/arca/pico/pico-sdk/lib/lwip/src/core/pbuf.c.obj
                0x100099c4                pbuf_realloc
 .text.pbuf_free_header
                0x10009a48       0x34 src/CMakeFiles/radio.dir/home/arca/pico/pico-sdk/lib/lwip/src/core/pbuf.c.obj
                0x10009a48                pbuf_free_header
 .text.pbuf_clen
                0x10009a7c       0x12 src/CMakeFiles/radio.dir/home/arca/pico/pico-sdk/lib/lwip/src/core/pbuf.c.obj
                0x10009a7c                pbuf_clen
 *fill*         0x10009a8e        0x2 
 .text.pbuf_ref
                0x10009a90       0x28 src/CMakeFiles/radio.dir/home/arca/pico/pico-sdk/lib/lwip/src/core/pbuf.c.obj
                0x10009a90                pbuf_ref
 .text.pbuf_cat
                0x10009ab8       0x44 src/CMakeFiles/radio.dir/home/arca/pico/pico-sdk/lib/lwip/src/core/pbuf.c.obj
                0x10009ab8                pbuf_cat
 .text.pbuf_chain
                0x10009afc       0x10 src/CMakeFiles/radio.dir/home/arca/pico/pico-sdk/lib/lwip/src/core/pbuf.c.obj
                0x10009afc                pbuf_chain
 .text.pbuf_copy_partial_pbuf
                0x10009b0c      0x13c src/CMakeFiles/radio.dir/home/arca/pico/pico-sdk/lib/lwip/src/core/pbuf.c.obj
                0x10009b0c                pbuf_copy_partial_pbuf
 .text.pbuf_copy
                0x10009c48       0x20 src/CMakeFiles/radio.dir/home/arca/pico/pico-sdk/lib/lwip/src/core/pbuf.c.obj
                0x10009c48                pbuf_copy
 .text.pbuf_copy_partial
                0x10009c68       0x88 src/CMakeFiles/radio.dir/home/arca/pico/pico-sdk/lib/lwip/src/core/pbuf.c.obj
                0x10009c68                pbuf_copy_partial
 .text.pbuf_skip
                0x10009cf0        0x8 src/CMakeFiles/radio.dir/home/arca/pico/pico-sdk/lib/lwip/src/core/pbuf.c.obj
                0x10009cf0                pbuf_skip
 .text.pbuf_take
                0x10009cf8       0x98 src/CMakeFiles/radio.dir/home/arca/pico/pico-sdk/lib/lwip/src/core/pbuf.c.obj
                0x10009cf8                pbuf_take
 .text.pbuf_take_at
                0x10009d90       0x70 src/CMakeFiles/radio.dir/home/arca/pico/pico-sdk/lib/lwip/src/core/pbuf.c.obj
                0x10009d90                pbuf_take_at
 .text.pbuf_clone
                0x10009e00       0x2c src/CMakeFiles/radio.dir/home/arca/pico/pico-sdk/lib/lwip/src/core/pbuf.c.obj
                0x10009e00                pbuf_clone
 .text.pbuf_try_get_at
                0x10009e2c       0x30 src/CMakeFiles/radio.dir/home/arca/pico/pico-sdk/lib/lwip/src/core/pbuf.c.obj
                0x10009e2c                pbuf_try_get_at
 .text.pbuf_get_at
                0x10009e5c       0x12 src/CMakeFiles/radio.dir/home/arca/pico/pico-sdk/lib/lwip/src/core/pbuf.c.obj
                0x10009e5c                pbuf_get_at
 .text.pbuf_put_at
                0x10009e6e       0x26 src/CMakeFiles/radio.dir/home/arca/pico/pico-sdk/lib/lwip/src/core/pbuf.c.obj
                0x10009e6e                pbuf_put_at
 .text.pbuf_memcmp
                0x10009e94       0x70 src/CMakeFiles/radio.dir/home/arca/pico/pico-sdk/lib/lwip/src/core/pbuf.c.obj
                0x10009e94                pbuf_memcmp
 .text.pbuf_memfind
                0x10009f04       0x48 src/CMakeFiles/radio.dir/home/arca/pico/pico-sdk/lib/lwip/src/core/pbuf.c.obj
                0x10009f04                pbuf_memfind
 .text.raw_input_local_match
                0x10009f4c       0x5c src/CMakeFiles/radio.dir/home/arca/pico/pico-sdk/lib/lwip/src/core/raw.c.obj
 .text.raw_input
                0x10009fa8       0xb4 src/CMakeFiles/radio.dir/home/arca/pico/pico-sdk/lib/lwip/src/core/raw.c.obj
                0x10009fa8                raw_input
 .text.raw_netif_ip_addr_changed
                0x1000a05c       0x38 src/CMakeFiles/radio.dir/home/arca/pico/pico-sdk/lib/lwip/src/core/raw.c.obj
                0x1000a05c                raw_netif_ip_addr_changed
 .text.stats_init
                0x1000a094        0x2 src/CMakeFiles/radio.dir/home/arca/pico/pico-sdk/lib/lwip/src/core/stats.c.obj
                0x1000a094                stats_init
 *fill*         0x1000a096        0x2 
 .text.tcp_new_port
                0x1000a098       0x6c src/CMakeFiles/radio.dir/home/arca/pico/pico-sdk/lib/lwip/src/core/tcp.c.obj
 .text.tcp_remove_listener
                0x1000a104       0x24 src/CMakeFiles/radio.dir/home/arca/pico/pico-sdk/lib/lwip/src/core/tcp.c.obj
 .text.tcp_listen_closed
                0x1000a128       0x40 src/CMakeFiles/radio.dir/home/arca/pico/pico-sdk/lib/lwip/src/core/tcp.c.obj
 .text.tcp_free_listen
                0x1000a168       0x1c src/CMakeFiles/radio.dir/home/arca/pico/pico-sdk/lib/lwip/src/core/tcp.c.obj
 .text.tcp_close_shutdown_fin
                0x1000a184       0x64 src/CMakeFiles/radio.dir/home/arca/pico/pico-sdk/lib/lwip/src/core/tcp.c.obj
 .text.tcp_handle_closepend